[2026-01-21 03:55:58]   ROOT_DIR: /dataset/songzhang/SMore_dev/learning/MedViTV2    
[2026-01-21 03:55:58]   LOG_PATH: /dataset/songzhang/SMore_dev/learning/MedViTV2/logs/2026-01-21_03-55-58.log    
[2026-01-21 03:55:58]   Using cuda:0 device.    
[2026-01-21 03:56:00]   Dataset is available at: /dataset/songzhang/SMore_dev/learning/MedViTV2/temp/fabric    
[2026-01-21 03:56:00]   Number of classes: 27    
[2026-01-21 03:56:00]   Class names: ['canvas', 'chambray', 'chenille', 'chiffon', 'corduroy', 'crepe', 'denim', 'faux_fur', 'faux_leather', 'flannel', 'fleece', 'gingham', 'jersey', 'knit', 'lace', 'lawn', 'neoprene', 'organza', 'plush', 'satin', 'serge', 'taffeta', 'tulle', 'tweed', 'twill', 'velvet', 'vinyl']    
[2026-01-21 03:56:00]   initialize_weights...    
[2026-01-21 03:56:02]   (ImageFolder) Dataset ImageFolder
    Number of datapoints: 99716
    Root location: /dataset/songzhang/SMore_dev/learning/MedViTV2/temp/fabric/train
    StandardTransform
Transform: Compose(
               RandomResizedCrop(size=(224, 224), scale=(0.08, 1.0), ratio=(0.75, 1.3333), interpolation=bilinear, antialias=True)
               AugMix(severity=3, mixture_width=3, chain_depth=-1, alpha=0.4, all_ops=True, interpolation=InterpolationMode.BILINEAR, fill=None)
               RandomHorizontalFlip(p=0.4)
               ToTensor()
               Normalize(mean=[0.5], std=[0.5])
           )    
[2026-01-21 03:56:02]   ===================    
[2026-01-21 03:56:02]   (ImageFolder) Dataset ImageFolder
    Number of datapoints: 24629
    Root location: /dataset/songzhang/SMore_dev/learning/MedViTV2/temp/fabric/test
    StandardTransform
Transform: Compose(
               Resize(size=(224, 224), interpolation=bilinear, max_size=None, antialias=True)
               ToTensor()
               Normalize(mean=[0.5], std=[0.5])
           )    
[2026-01-21 03:56:29]   eta: 32:31:22  iter: 10  progress: 0.0  loss: 3.3304  time: 0.141  data_time: 0.006  forward_time: 0.042  backward_time: 0.083  lr: 0.000100  max_mem: 5159M    
[2026-01-21 03:56:54]   eta: 28:51:10  iter: 20  progress: 0.0  loss: 3.1920  time: 0.228  data_time: 0.007  forward_time: 0.129  backward_time: 0.079  lr: 0.000100  max_mem: 5159M    
[2026-01-21 03:57:19]   eta: 27:25:25  iter: 30  progress: 0.0  loss: 3.2245  time: 0.229  data_time: 0.004  forward_time: 0.132  backward_time: 0.080  lr: 0.000100  max_mem: 5159M    
