[2026-01-22 09:09:15]   ROOT_DIR: /dataset/songzhang/SMore_dev/learning/MedViTV2    
[2026-01-22 09:09:15]   LOG_PATH: /dataset/songzhang/SMore_dev/learning/MedViTV2/logs/2026-01-22_09-09-15.log    
[2026-01-22 09:09:15]   Using cuda:0 device.    
[2026-01-22 09:09:15]   
========== Configuration Parameters ==========    
[2026-01-22 09:09:15]   model_name: MedViT_small    
[2026-01-22 09:09:15]   dataset: breastmnist    
[2026-01-22 09:09:15]   pretrained: False    
[2026-01-22 09:09:15]   batch_size: 24    
[2026-01-22 09:09:15]   lr: 0.0001    
[2026-01-22 09:09:15]   epochs: 1    
[2026-01-22 09:09:15]   ============================================
    
[2026-01-22 09:09:15]   Number of channels:      (int) 1    
[2026-01-22 09:09:15]   Number of classes:      (int) 2    
[2026-01-22 09:09:16]   initialize_weights...    
[2026-01-22 09:09:17]   (BreastMNIST) Dataset BreastMNIST of size 224 (breastmnist_224)
    Number of datapoints: 546
    Root location: ./data
    Split: train
    Task: binary-class
    Number of channels: 1
    Meaning of labels: {'0': 'malignant', '1': 'normal, benign'}
    Number of samples: {'train': 546, 'val': 78, 'test': 156}
    Description: The BreastMNIST is based on a dataset of 780 breast ultrasound images. It is categorized into 3 classes: normal, benign, and malignant. As we use low-resolution images, we simplify the task into binary classification by combining normal and benign as positive and classifying them against malignant as negative. We split the source dataset with a ratio of 7:1:2 into training, validation and test set. The source images of 1×500×500 are resized into 1×28×28.
    License: CC BY 4.0    
[2026-01-22 09:09:17]   ===================    
[2026-01-22 09:09:17]   (BreastMNIST) Dataset BreastMNIST of size 224 (breastmnist_224)
    Number of datapoints: 156
    Root location: ./data
    Split: test
    Task: binary-class
    Number of channels: 1
    Meaning of labels: {'0': 'malignant', '1': 'normal, benign'}
    Number of samples: {'train': 546, 'val': 78, 'test': 156}
    Description: The BreastMNIST is based on a dataset of 780 breast ultrasound images. It is categorized into 3 classes: normal, benign, and malignant. As we use low-resolution images, we simplify the task into binary classification by combining normal and benign as positive and classifying them against malignant as negative. We split the source dataset with a ratio of 7:1:2 into training, validation and test set. The source images of 1×500×500 are resized into 1×28×28.
    License: CC BY 4.0    
[2026-01-22 09:09:21]   epoch: [1/1]  step: [10/23] (43.5%)  eta_epoch: 0:04  eta_total: 0:00:04  loss: 0.6569  time: 0.139  data_time: 0.001  forward_time: 0.050  backward_time: 0.077  lr: 0.000059  max_mem: 5159M      
[2026-01-22 09:09:22]   epoch: [1/1]  step: [20/23] (87.0%)  eta_epoch: 0:00  eta_total: 0:00:00  loss: 0.6560  time: 0.147  data_time: 0.001  forward_time: 0.057  backward_time: 0.076  lr: 0.000007  max_mem: 5159M      
[2026-01-22 09:09:23]   epoch: [1/1]  step: [23/23] (100.0%)  eta_epoch: 0:00  eta_total: 0:00:00  loss: 0.6145  time: 0.263  data_time: 0.001  forward_time: 0.111  backward_time: 0.151  lr: 0.000005  max_mem: 5159M      
[2026-01-22 09:09:23]   [epoch 1 training completed] avg_loss: 0.6791  epoch_time: 5.43s  avg_data_time: 0.001s  avg_forward_time: 0.086s  avg_backward_time: 0.083s  avg_step_time: 0.185s  throughput: 100.5 samples/s    
[2026-01-22 09:09:23]   Validating epoch[1/1]...    
[2026-01-22 09:09:24]   [epoch 1] train_loss: 0.679  auc: 0.436  acc: 0.429    
[2026-01-22 09:09:24]   
Saving checkpoint...    
[2026-01-22 09:09:25]   Finished Training    
