[2026-01-28 13:05:58]   ROOT_DIR: /dataset/songzhang/SMore_dev/learning/MedViTV2    
[2026-01-28 13:05:58]   LOG_PATH: /dataset/songzhang/SMore_dev/learning/MedViTV2/logs/2026-01-28_13-05-58.log    
[2026-01-28 13:05:58]   Using cuda:0 device.    
[2026-01-28 13:05:58]   
========== Configuration Parameters ==========    
[2026-01-28 13:05:58]   model_name: MedViT_large_hrnet    
[2026-01-28 13:05:59]   dataset: fabric    
[2026-01-28 13:05:59]   pretrained: False    
[2026-01-28 13:05:59]   batch_size: 24    
[2026-01-28 13:05:59]   lr: 0.0001    
[2026-01-28 13:05:59]   epochs: 1    
[2026-01-28 13:05:59]   ============================================
    
[2026-01-28 13:06:03]   Dataset is available at: /dataset/songzhang/SMore_dev/learning/MedViTV2/temp/fabric    
[2026-01-28 13:06:03]   Number of classes: 27    
[2026-01-28 13:06:03]   Class names: ['canvas', 'chambray', 'chenille', 'chiffon', 'corduroy', 'crepe', 'denim', 'faux_fur', 'faux_leather', 'flannel', 'fleece', 'gingham', 'jersey', 'knit', 'lace', 'lawn', 'neoprene', 'organza', 'plush', 'satin', 'serge', 'taffeta', 'tulle', 'tweed', 'twill', 'velvet', 'vinyl']    
[2026-01-28 13:06:04]   initialize_weights...    
[2026-01-28 13:06:07]   (ImageFolder) Dataset ImageFolder
    Number of datapoints: 99716
    Root location: /dataset/songzhang/SMore_dev/learning/MedViTV2/temp/fabric/train
    StandardTransform
Transform: Compose(
               RandomResizedCrop(size=(224, 224), scale=(0.08, 1.0), ratio=(0.75, 1.3333), interpolation=bilinear, antialias=True)
               AugMix(severity=3, mixture_width=3, chain_depth=-1, alpha=0.4, all_ops=True, interpolation=InterpolationMode.BILINEAR, fill=None)
               RandomHorizontalFlip(p=0.4)
               ToTensor()
               Normalize(mean=[0.5], std=[0.5])
           )    
[2026-01-28 13:06:07]   ===================    
[2026-01-28 13:06:07]   (ImageFolder) Dataset ImageFolder
    Number of datapoints: 24629
    Root location: /dataset/songzhang/SMore_dev/learning/MedViTV2/temp/fabric/test
    StandardTransform
Transform: Compose(
               Resize(size=(224, 224), interpolation=bilinear, max_size=None, antialias=True)
               ToTensor()
               Normalize(mean=[0.5], std=[0.5])
           )    
[2026-01-28 13:06:13]   epoch: [1/1]  step: [10/4155] (0.2%)  eta_epoch: 35:50  eta_total: 0:35:51  loss: 3.3379  time: 0.201  data_time: 0.001  forward_time: 0.023  backward_time: 0.040  lr: 0.000100  max_mem: 6324M      
[2026-01-28 13:06:15]   epoch: [1/1]  step: [20/4155] (0.5%)  eta_epoch: 25:36  eta_total: 0:25:37  loss: 3.2956  time: 0.202  data_time: 0.001  forward_time: 0.055  backward_time: 0.050  lr: 0.000100  max_mem: 6323M      
[2026-01-28 13:06:18]   epoch: [1/1]  step: [30/4155] (0.7%)  eta_epoch: 22:22  eta_total: 0:22:22  loss: 3.3834  time: 0.201  data_time: 0.001  forward_time: 0.027  backward_time: 0.069  lr: 0.000100  max_mem: 6323M      
[2026-01-28 13:06:21]   epoch: [1/1]  step: [40/4155] (1.0%)  eta_epoch: 21:33  eta_total: 0:21:33  loss: 3.2249  time: 0.200  data_time: 0.001  forward_time: 0.030  backward_time: 0.055  lr: 0.000100  max_mem: 6323M      
[2026-01-28 13:06:24]   epoch: [1/1]  step: [50/4155] (1.2%)  eta_epoch: 20:44  eta_total: 0:20:44  loss: 3.3088  time: 0.201  data_time: 0.001  forward_time: 0.025  backward_time: 0.055  lr: 0.000100  max_mem: 6323M      
[2026-01-28 13:06:27]   epoch: [1/1]  step: [60/4155] (1.4%)  eta_epoch: 19:31  eta_total: 0:19:32  loss: 3.2039  time: 0.202  data_time: 0.001  forward_time: 0.027  backward_time: 0.040  lr: 0.000100  max_mem: 6323M      
[2026-01-28 13:06:29]   epoch: [1/1]  step: [70/4155] (1.7%)  eta_epoch: 18:52  eta_total: 0:18:52  loss: 3.2005  time: 0.201  data_time: 0.001  forward_time: 0.027  backward_time: 0.056  lr: 0.000100  max_mem: 6323M      
[2026-01-28 13:06:31]   epoch: [1/1]  step: [80/4155] (1.9%)  eta_epoch: 18:33  eta_total: 0:18:33  loss: 3.1795  time: 0.201  data_time: 0.001  forward_time: 0.024  backward_time: 0.059  lr: 0.000100  max_mem: 6323M      
[2026-01-28 13:06:34]   epoch: [1/1]  step: [90/4155] (2.2%)  eta_epoch: 18:16  eta_total: 0:18:16  loss: 3.1354  time: 0.203  data_time: 0.001  forward_time: 0.024  backward_time: 0.073  lr: 0.000100  max_mem: 6323M      
[2026-01-28 13:06:37]   epoch: [1/1]  step: [100/4155] (2.4%)  eta_epoch: 18:11  eta_total: 0:18:11  loss: 3.1400  time: 0.201  data_time: 0.001  forward_time: 0.028  backward_time: 0.060  lr: 0.000100  max_mem: 6323M      
[2026-01-28 13:06:40]   epoch: [1/1]  step: [110/4155] (2.6%)  eta_epoch: 18:04  eta_total: 0:18:04  loss: 3.0482  time: 0.200  data_time: 0.001  forward_time: 0.024  backward_time: 0.036  lr: 0.000100  max_mem: 6323M      
[2026-01-28 13:06:43]   epoch: [1/1]  step: [120/4155] (2.9%)  eta_epoch: 18:04  eta_total: 0:18:04  loss: 3.1329  time: 0.200  data_time: 0.001  forward_time: 0.023  backward_time: 0.039  lr: 0.000100  max_mem: 6323M      
[2026-01-28 13:06:45]   epoch: [1/1]  step: [130/4155] (3.1%)  eta_epoch: 17:50  eta_total: 0:17:50  loss: 3.2093  time: 0.202  data_time: 0.001  forward_time: 0.024  backward_time: 0.064  lr: 0.000100  max_mem: 6323M      
[2026-01-28 13:06:48]   epoch: [1/1]  step: [140/4155] (3.4%)  eta_epoch: 17:41  eta_total: 0:17:41  loss: 3.0364  time: 0.201  data_time: 0.001  forward_time: 0.034  backward_time: 0.065  lr: 0.000100  max_mem: 6323M      
[2026-01-28 13:06:50]   epoch: [1/1]  step: [150/4155] (3.6%)  eta_epoch: 17:29  eta_total: 0:17:30  loss: 2.7184  time: 0.202  data_time: 0.001  forward_time: 0.026  backward_time: 0.036  lr: 0.000100  max_mem: 6323M      
[2026-01-28 13:06:53]   epoch: [1/1]  step: [160/4155] (3.9%)  eta_epoch: 17:25  eta_total: 0:17:25  loss: 3.1538  time: 0.201  data_time: 0.001  forward_time: 0.028  backward_time: 0.033  lr: 0.000100  max_mem: 6323M      
[2026-01-28 13:06:56]   epoch: [1/1]  step: [170/4155] (4.1%)  eta_epoch: 17:14  eta_total: 0:17:14  loss: 3.1411  time: 0.201  data_time: 0.001  forward_time: 0.027  backward_time: 0.037  lr: 0.000100  max_mem: 6323M      
[2026-01-28 13:06:58]   epoch: [1/1]  step: [180/4155] (4.3%)  eta_epoch: 17:05  eta_total: 0:17:05  loss: 2.9121  time: 0.203  data_time: 0.001  forward_time: 0.027  backward_time: 0.033  lr: 0.000100  max_mem: 6323M      
[2026-01-28 13:07:00]   epoch: [1/1]  step: [190/4155] (4.6%)  eta_epoch: 16:57  eta_total: 0:16:57  loss: 3.0048  time: 0.202  data_time: 0.001  forward_time: 0.028  backward_time: 0.041  lr: 0.000100  max_mem: 6323M      
[2026-01-28 13:07:03]   epoch: [1/1]  step: [200/4155] (4.8%)  eta_epoch: 16:53  eta_total: 0:16:53  loss: 2.9530  time: 0.202  data_time: 0.001  forward_time: 0.031  backward_time: 0.041  lr: 0.000099  max_mem: 6323M      
[2026-01-28 13:07:06]   epoch: [1/1]  step: [210/4155] (5.1%)  eta_epoch: 16:48  eta_total: 0:16:48  loss: 3.0435  time: 0.202  data_time: 0.001  forward_time: 0.033  backward_time: 0.040  lr: 0.000099  max_mem: 6323M      
[2026-01-28 13:07:09]   epoch: [1/1]  step: [220/4155] (5.3%)  eta_epoch: 16:50  eta_total: 0:16:50  loss: 3.0775  time: 0.202  data_time: 0.001  forward_time: 0.030  backward_time: 0.067  lr: 0.000099  max_mem: 6323M      
[2026-01-28 13:07:11]   epoch: [1/1]  step: [230/4155] (5.5%)  eta_epoch: 16:46  eta_total: 0:16:46  loss: 2.7945  time: 0.202  data_time: 0.001  forward_time: 0.030  backward_time: 0.060  lr: 0.000099  max_mem: 6323M      
[2026-01-28 13:07:14]   epoch: [1/1]  step: [240/4155] (5.8%)  eta_epoch: 16:40  eta_total: 0:16:40  loss: 2.8052  time: 0.204  data_time: 0.001  forward_time: 0.045  backward_time: 0.076  lr: 0.000099  max_mem: 6323M      
[2026-01-28 13:07:16]   epoch: [1/1]  step: [250/4155] (6.0%)  eta_epoch: 16:32  eta_total: 0:16:32  loss: 2.8766  time: 0.203  data_time: 0.001  forward_time: 0.032  backward_time: 0.079  lr: 0.000099  max_mem: 6323M      
[2026-01-28 13:07:19]   epoch: [1/1]  step: [260/4155] (6.3%)  eta_epoch: 16:33  eta_total: 0:16:33  loss: 3.0437  time: 0.203  data_time: 0.001  forward_time: 0.029  backward_time: 0.048  lr: 0.000099  max_mem: 6323M      
[2026-01-28 13:07:22]   epoch: [1/1]  step: [270/4155] (6.5%)  eta_epoch: 16:33  eta_total: 0:16:33  loss: 3.3227  time: 0.202  data_time: 0.001  forward_time: 0.032  backward_time: 0.058  lr: 0.000099  max_mem: 6323M      
[2026-01-28 13:07:25]   epoch: [1/1]  step: [280/4155] (6.7%)  eta_epoch: 16:31  eta_total: 0:16:31  loss: 3.2586  time: 0.202  data_time: 0.001  forward_time: 0.029  backward_time: 0.057  lr: 0.000099  max_mem: 6323M      
[2026-01-28 13:07:28]   epoch: [1/1]  step: [290/4155] (7.0%)  eta_epoch: 16:28  eta_total: 0:16:28  loss: 2.9400  time: 0.204  data_time: 0.001  forward_time: 0.031  backward_time: 0.059  lr: 0.000099  max_mem: 6323M      
[2026-01-28 13:07:31]   epoch: [1/1]  step: [300/4155] (7.2%)  eta_epoch: 16:29  eta_total: 0:16:29  loss: 2.8197  time: 0.203  data_time: 0.001  forward_time: 0.029  backward_time: 0.046  lr: 0.000099  max_mem: 6323M      
[2026-01-28 13:07:34]   epoch: [1/1]  step: [310/4155] (7.5%)  eta_epoch: 16:24  eta_total: 0:16:24  loss: 3.0819  time: 0.202  data_time: 0.001  forward_time: 0.022  backward_time: 0.056  lr: 0.000099  max_mem: 6323M      
[2026-01-28 13:07:37]   epoch: [1/1]  step: [320/4155] (7.7%)  eta_epoch: 16:24  eta_total: 0:16:24  loss: 2.9736  time: 0.202  data_time: 0.001  forward_time: 0.044  backward_time: 0.046  lr: 0.000099  max_mem: 6323M      
[2026-01-28 13:07:39]   epoch: [1/1]  step: [330/4155] (7.9%)  eta_epoch: 16:21  eta_total: 0:16:21  loss: 2.7501  time: 0.203  data_time: 0.001  forward_time: 0.039  backward_time: 0.071  lr: 0.000099  max_mem: 6323M      
[2026-01-28 13:07:42]   epoch: [1/1]  step: [340/4155] (8.2%)  eta_epoch: 16:20  eta_total: 0:16:20  loss: 2.9038  time: 0.202  data_time: 0.002  forward_time: 0.057  backward_time: 0.066  lr: 0.000098  max_mem: 6323M      
[2026-01-28 13:07:45]   epoch: [1/1]  step: [350/4155] (8.4%)  eta_epoch: 16:19  eta_total: 0:16:19  loss: 2.8853  time: 0.203  data_time: 0.001  forward_time: 0.027  backward_time: 0.062  lr: 0.000098  max_mem: 6323M      
[2026-01-28 13:07:48]   epoch: [1/1]  step: [360/4155] (8.7%)  eta_epoch: 16:17  eta_total: 0:16:17  loss: 3.1785  time: 0.203  data_time: 0.001  forward_time: 0.030  backward_time: 0.045  lr: 0.000098  max_mem: 6323M      
[2026-01-28 13:07:51]   epoch: [1/1]  step: [370/4155] (8.9%)  eta_epoch: 16:14  eta_total: 0:16:14  loss: 3.0673  time: 0.203  data_time: 0.002  forward_time: 0.030  backward_time: 0.065  lr: 0.000098  max_mem: 6323M      
[2026-01-28 13:07:54]   epoch: [1/1]  step: [380/4155] (9.1%)  eta_epoch: 16:13  eta_total: 0:16:13  loss: 2.8016  time: 0.202  data_time: 0.001  forward_time: 0.029  backward_time: 0.039  lr: 0.000098  max_mem: 6323M      
[2026-01-28 13:07:57]   epoch: [1/1]  step: [390/4155] (9.4%)  eta_epoch: 16:08  eta_total: 0:16:08  loss: 2.7287  time: 0.203  data_time: 0.001  forward_time: 0.027  backward_time: 0.036  lr: 0.000098  max_mem: 6323M      
[2026-01-28 13:07:59]   epoch: [1/1]  step: [400/4155] (9.6%)  eta_epoch: 16:04  eta_total: 0:16:04  loss: 2.6119  time: 0.203  data_time: 0.001  forward_time: 0.024  backward_time: 0.037  lr: 0.000098  max_mem: 6323M      
[2026-01-28 13:08:01]   epoch: [1/1]  step: [410/4155] (9.9%)  eta_epoch: 15:59  eta_total: 0:15:59  loss: 2.6570  time: 0.204  data_time: 0.001  forward_time: 0.023  backward_time: 0.038  lr: 0.000098  max_mem: 6323M      
[2026-01-28 13:08:04]   epoch: [1/1]  step: [420/4155] (10.1%)  eta_epoch: 15:56  eta_total: 0:15:56  loss: 2.6936  time: 0.203  data_time: 0.001  forward_time: 0.046  backward_time: 0.043  lr: 0.000098  max_mem: 6323M      
[2026-01-28 13:08:07]   epoch: [1/1]  step: [430/4155] (10.3%)  eta_epoch: 15:52  eta_total: 0:15:52  loss: 2.8051  time: 0.203  data_time: 0.001  forward_time: 0.027  backward_time: 0.034  lr: 0.000098  max_mem: 6323M      
[2026-01-28 13:08:10]   epoch: [1/1]  step: [440/4155] (10.6%)  eta_epoch: 15:49  eta_total: 0:15:49  loss: 2.7311  time: 0.203  data_time: 0.001  forward_time: 0.029  backward_time: 0.034  lr: 0.000097  max_mem: 6323M      
[2026-01-28 13:08:12]   epoch: [1/1]  step: [450/4155] (10.8%)  eta_epoch: 15:45  eta_total: 0:15:45  loss: 3.0036  time: 0.204  data_time: 0.001  forward_time: 0.029  backward_time: 0.056  lr: 0.000097  max_mem: 6323M      
[2026-01-28 13:08:15]   epoch: [1/1]  step: [460/4155] (11.1%)  eta_epoch: 15:44  eta_total: 0:15:44  loss: 2.6959  time: 0.204  data_time: 0.001  forward_time: 0.025  backward_time: 0.044  lr: 0.000097  max_mem: 6323M      
[2026-01-28 13:08:18]   epoch: [1/1]  step: [470/4155] (11.3%)  eta_epoch: 15:41  eta_total: 0:15:41  loss: 2.5272  time: 0.204  data_time: 0.001  forward_time: 0.024  backward_time: 0.037  lr: 0.000097  max_mem: 6323M      
[2026-01-28 13:08:21]   epoch: [1/1]  step: [480/4155] (11.6%)  eta_epoch: 15:40  eta_total: 0:15:40  loss: 2.6909  time: 0.203  data_time: 0.001  forward_time: 0.023  backward_time: 0.038  lr: 0.000097  max_mem: 6323M      
[2026-01-28 13:08:24]   epoch: [1/1]  step: [490/4155] (11.8%)  eta_epoch: 15:37  eta_total: 0:15:37  loss: 2.6341  time: 0.204  data_time: 0.001  forward_time: 0.035  backward_time: 0.043  lr: 0.000097  max_mem: 6323M      
[2026-01-28 13:08:27]   epoch: [1/1]  step: [500/4155] (12.0%)  eta_epoch: 15:36  eta_total: 0:15:36  loss: 2.7426  time: 0.203  data_time: 0.001  forward_time: 0.027  backward_time: 0.046  lr: 0.000097  max_mem: 6323M      
[2026-01-28 13:08:29]   epoch: [1/1]  step: [510/4155] (12.3%)  eta_epoch: 15:30  eta_total: 0:15:30  loss: 2.3869  time: 0.203  data_time: 0.001  forward_time: 0.027  backward_time: 0.040  lr: 0.000097  max_mem: 6323M      
[2026-01-28 13:08:32]   epoch: [1/1]  step: [520/4155] (12.5%)  eta_epoch: 15:28  eta_total: 0:15:28  loss: 2.6730  time: 0.203  data_time: 0.001  forward_time: 0.028  backward_time: 0.044  lr: 0.000096  max_mem: 6323M      
[2026-01-28 13:08:34]   epoch: [1/1]  step: [530/4155] (12.8%)  eta_epoch: 15:26  eta_total: 0:15:26  loss: 2.6025  time: 0.204  data_time: 0.001  forward_time: 0.027  backward_time: 0.035  lr: 0.000096  max_mem: 6323M      
[2026-01-28 13:08:37]   epoch: [1/1]  step: [540/4155] (13.0%)  eta_epoch: 15:24  eta_total: 0:15:24  loss: 2.6279  time: 0.202  data_time: 0.001  forward_time: 0.030  backward_time: 0.036  lr: 0.000096  max_mem: 6323M      
[2026-01-28 13:08:40]   epoch: [1/1]  step: [550/4155] (13.2%)  eta_epoch: 15:20  eta_total: 0:15:20  loss: 2.6227  time: 0.203  data_time: 0.001  forward_time: 0.023  backward_time: 0.041  lr: 0.000096  max_mem: 6323M      
[2026-01-28 13:08:43]   epoch: [1/1]  step: [560/4155] (13.5%)  eta_epoch: 15:20  eta_total: 0:15:20  loss: 2.5373  time: 0.204  data_time: 0.001  forward_time: 0.037  backward_time: 0.036  lr: 0.000096  max_mem: 6323M      
[2026-01-28 13:08:46]   epoch: [1/1]  step: [570/4155] (13.7%)  eta_epoch: 15:16  eta_total: 0:15:16  loss: 2.5259  time: 0.204  data_time: 0.002  forward_time: 0.041  backward_time: 0.060  lr: 0.000096  max_mem: 6323M      
[2026-01-28 13:08:48]   epoch: [1/1]  step: [580/4155] (14.0%)  eta_epoch: 15:12  eta_total: 0:15:12  loss: 2.9825  time: 0.209  data_time: 0.001  forward_time: 0.061  backward_time: 0.064  lr: 0.000096  max_mem: 6323M      
[2026-01-28 13:08:50]   epoch: [1/1]  step: [590/4155] (14.2%)  eta_epoch: 15:07  eta_total: 0:15:07  loss: 2.4283  time: 0.203  data_time: 0.001  forward_time: 0.053  backward_time: 0.063  lr: 0.000095  max_mem: 6323M      
[2026-01-28 13:08:53]   epoch: [1/1]  step: [600/4155] (14.4%)  eta_epoch: 15:04  eta_total: 0:15:04  loss: 2.3434  time: 0.203  data_time: 0.001  forward_time: 0.029  backward_time: 0.057  lr: 0.000095  max_mem: 6323M      
[2026-01-28 13:08:55]   epoch: [1/1]  step: [610/4155] (14.7%)  eta_epoch: 15:00  eta_total: 0:15:00  loss: 2.4609  time: 0.203  data_time: 0.001  forward_time: 0.030  backward_time: 0.065  lr: 0.000095  max_mem: 6323M      
[2026-01-28 13:08:58]   epoch: [1/1]  step: [620/4155] (14.9%)  eta_epoch: 14:59  eta_total: 0:14:59  loss: 2.2545  time: 0.204  data_time: 0.001  forward_time: 0.027  backward_time: 0.056  lr: 0.000095  max_mem: 6323M      
[2026-01-28 13:09:01]   epoch: [1/1]  step: [630/4155] (15.2%)  eta_epoch: 14:56  eta_total: 0:14:56  loss: 2.2919  time: 0.207  data_time: 0.001  forward_time: 0.059  backward_time: 0.047  lr: 0.000095  max_mem: 6323M      
[2026-01-28 13:09:04]   epoch: [1/1]  step: [640/4155] (15.4%)  eta_epoch: 14:55  eta_total: 0:14:55  loss: 2.4522  time: 0.203  data_time: 0.001  forward_time: 0.030  backward_time: 0.038  lr: 0.000095  max_mem: 6323M      
[2026-01-28 13:09:07]   epoch: [1/1]  step: [650/4155] (15.6%)  eta_epoch: 14:52  eta_total: 0:14:52  loss: 2.4073  time: 0.204  data_time: 0.001  forward_time: 0.027  backward_time: 0.038  lr: 0.000094  max_mem: 6323M      
[2026-01-28 13:09:09]   epoch: [1/1]  step: [660/4155] (15.9%)  eta_epoch: 14:49  eta_total: 0:14:49  loss: 2.5548  time: 0.203  data_time: 0.001  forward_time: 0.023  backward_time: 0.045  lr: 0.000094  max_mem: 6323M      
[2026-01-28 13:09:12]   epoch: [1/1]  step: [670/4155] (16.1%)  eta_epoch: 14:45  eta_total: 0:14:45  loss: 2.3243  time: 0.204  data_time: 0.001  forward_time: 0.027  backward_time: 0.049  lr: 0.000094  max_mem: 6323M      
[2026-01-28 13:09:15]   epoch: [1/1]  step: [680/4155] (16.4%)  eta_epoch: 14:45  eta_total: 0:14:45  loss: 2.7498  time: 0.204  data_time: 0.001  forward_time: 0.031  backward_time: 0.043  lr: 0.000094  max_mem: 6323M      
[2026-01-28 13:09:18]   epoch: [1/1]  step: [690/4155] (16.6%)  eta_epoch: 14:43  eta_total: 0:14:43  loss: 2.5918  time: 0.203  data_time: 0.001  forward_time: 0.022  backward_time: 0.041  lr: 0.000094  max_mem: 6323M      
[2026-01-28 13:09:22]   epoch: [1/1]  step: [700/4155] (16.8%)  eta_epoch: 14:43  eta_total: 0:14:43  loss: 2.4660  time: 0.204  data_time: 0.001  forward_time: 0.028  backward_time: 0.049  lr: 0.000093  max_mem: 6323M      
[2026-01-28 13:09:24]   epoch: [1/1]  step: [710/4155] (17.1%)  eta_epoch: 14:39  eta_total: 0:14:39  loss: 2.3438  time: 0.203  data_time: 0.001  forward_time: 0.023  backward_time: 0.038  lr: 0.000093  max_mem: 6323M      
[2026-01-28 13:09:27]   epoch: [1/1]  step: [720/4155] (17.3%)  eta_epoch: 14:37  eta_total: 0:14:37  loss: 2.4112  time: 0.203  data_time: 0.001  forward_time: 0.023  backward_time: 0.049  lr: 0.000093  max_mem: 6323M      
[2026-01-28 13:09:29]   epoch: [1/1]  step: [730/4155] (17.6%)  eta_epoch: 14:33  eta_total: 0:14:33  loss: 2.3517  time: 0.203  data_time: 0.001  forward_time: 0.026  backward_time: 0.053  lr: 0.000093  max_mem: 6323M      
[2026-01-28 13:09:32]   epoch: [1/1]  step: [740/4155] (17.8%)  eta_epoch: 14:31  eta_total: 0:14:31  loss: 2.4614  time: 0.203  data_time: 0.001  forward_time: 0.030  backward_time: 0.057  lr: 0.000093  max_mem: 6323M      
[2026-01-28 13:09:35]   epoch: [1/1]  step: [750/4155] (18.1%)  eta_epoch: 14:29  eta_total: 0:14:29  loss: 2.6371  time: 0.204  data_time: 0.001  forward_time: 0.025  backward_time: 0.037  lr: 0.000093  max_mem: 6323M      
[2026-01-28 13:09:38]   epoch: [1/1]  step: [760/4155] (18.3%)  eta_epoch: 14:27  eta_total: 0:14:27  loss: 2.5821  time: 0.203  data_time: 0.001  forward_time: 0.027  backward_time: 0.037  lr: 0.000092  max_mem: 6323M      
[2026-01-28 13:09:40]   epoch: [1/1]  step: [770/4155] (18.5%)  eta_epoch: 14:22  eta_total: 0:14:22  loss: 2.2882  time: 0.203  data_time: 0.001  forward_time: 0.022  backward_time: 0.039  lr: 0.000092  max_mem: 6323M      
[2026-01-28 13:09:44]   epoch: [1/1]  step: [780/4155] (18.8%)  eta_epoch: 14:21  eta_total: 0:14:21  loss: 2.5383  time: 0.203  data_time: 0.001  forward_time: 0.028  backward_time: 0.075  lr: 0.000092  max_mem: 6323M      
[2026-01-28 13:09:46]   epoch: [1/1]  step: [790/4155] (19.0%)  eta_epoch: 14:17  eta_total: 0:14:17  loss: 2.4027  time: 0.204  data_time: 0.001  forward_time: 0.028  backward_time: 0.057  lr: 0.000092  max_mem: 6323M      
[2026-01-28 13:09:49]   epoch: [1/1]  step: [800/4155] (19.3%)  eta_epoch: 14:17  eta_total: 0:14:17  loss: 2.4902  time: 0.204  data_time: 0.001  forward_time: 0.049  backward_time: 0.067  lr: 0.000092  max_mem: 6323M      
[2026-01-28 13:09:52]   epoch: [1/1]  step: [810/4155] (19.5%)  eta_epoch: 14:13  eta_total: 0:14:13  loss: 2.5285  time: 0.204  data_time: 0.001  forward_time: 0.027  backward_time: 0.059  lr: 0.000091  max_mem: 6323M      
[2026-01-28 13:09:55]   epoch: [1/1]  step: [820/4155] (19.7%)  eta_epoch: 14:12  eta_total: 0:14:12  loss: 1.8585  time: 0.204  data_time: 0.001  forward_time: 0.037  backward_time: 0.061  lr: 0.000091  max_mem: 6323M      
[2026-01-28 13:09:58]   epoch: [1/1]  step: [830/4155] (20.0%)  eta_epoch: 14:10  eta_total: 0:14:10  loss: 2.0405  time: 0.204  data_time: 0.001  forward_time: 0.023  backward_time: 0.038  lr: 0.000091  max_mem: 6323M      
[2026-01-28 13:10:00]   epoch: [1/1]  step: [840/4155] (20.2%)  eta_epoch: 14:06  eta_total: 0:14:06  loss: 2.4641  time: 0.204  data_time: 0.001  forward_time: 0.038  backward_time: 0.041  lr: 0.000091  max_mem: 6323M      
[2026-01-28 13:10:03]   epoch: [1/1]  step: [850/4155] (20.5%)  eta_epoch: 14:03  eta_total: 0:14:03  loss: 1.9494  time: 0.204  data_time: 0.001  forward_time: 0.023  backward_time: 0.038  lr: 0.000091  max_mem: 6323M      
[2026-01-28 13:10:06]   epoch: [1/1]  step: [860/4155] (20.7%)  eta_epoch: 14:00  eta_total: 0:14:00  loss: 2.3458  time: 0.205  data_time: 0.001  forward_time: 0.048  backward_time: 0.042  lr: 0.000090  max_mem: 6323M      
[2026-01-28 13:10:08]   epoch: [1/1]  step: [870/4155] (20.9%)  eta_epoch: 13:58  eta_total: 0:13:58  loss: 2.3055  time: 0.204  data_time: 0.001  forward_time: 0.028  backward_time: 0.057  lr: 0.000090  max_mem: 6323M      
[2026-01-28 13:10:11]   epoch: [1/1]  step: [880/4155] (21.2%)  eta_epoch: 13:55  eta_total: 0:13:55  loss: 2.3908  time: 0.203  data_time: 0.001  forward_time: 0.029  backward_time: 0.081  lr: 0.000090  max_mem: 6323M      
[2026-01-28 13:10:14]   epoch: [1/1]  step: [890/4155] (21.4%)  eta_epoch: 13:52  eta_total: 0:13:52  loss: 1.8302  time: 0.204  data_time: 0.001  forward_time: 0.029  backward_time: 0.044  lr: 0.000090  max_mem: 6323M      
[2026-01-28 13:10:16]   epoch: [1/1]  step: [900/4155] (21.7%)  eta_epoch: 13:49  eta_total: 0:13:49  loss: 2.3265  time: 0.206  data_time: 0.002  forward_time: 0.049  backward_time: 0.065  lr: 0.000089  max_mem: 6323M      
[2026-01-28 13:10:19]   epoch: [1/1]  step: [910/4155] (21.9%)  eta_epoch: 13:46  eta_total: 0:13:46  loss: 2.5423  time: 0.210  data_time: 0.002  forward_time: 0.053  backward_time: 0.060  lr: 0.000089  max_mem: 6323M      
[2026-01-28 13:10:21]   epoch: [1/1]  step: [920/4155] (22.1%)  eta_epoch: 13:43  eta_total: 0:13:43  loss: 2.3570  time: 0.206  data_time: 0.001  forward_time: 0.051  backward_time: 0.067  lr: 0.000089  max_mem: 6323M      
[2026-01-28 13:10:24]   epoch: [1/1]  step: [930/4155] (22.4%)  eta_epoch: 13:40  eta_total: 0:13:40  loss: 2.4699  time: 0.205  data_time: 0.001  forward_time: 0.028  backward_time: 0.066  lr: 0.000089  max_mem: 6323M      
[2026-01-28 13:10:27]   epoch: [1/1]  step: [940/4155] (22.6%)  eta_epoch: 13:39  eta_total: 0:13:39  loss: 2.7684  time: 0.206  data_time: 0.001  forward_time: 0.051  backward_time: 0.067  lr: 0.000088  max_mem: 6323M      
[2026-01-28 13:10:29]   epoch: [1/1]  step: [950/4155] (22.9%)  eta_epoch: 13:35  eta_total: 0:13:35  loss: 2.4646  time: 0.203  data_time: 0.001  forward_time: 0.027  backward_time: 0.067  lr: 0.000088  max_mem: 6323M      
[2026-01-28 13:10:32]   epoch: [1/1]  step: [960/4155] (23.1%)  eta_epoch: 13:33  eta_total: 0:13:33  loss: 2.2974  time: 0.204  data_time: 0.001  forward_time: 0.031  backward_time: 0.079  lr: 0.000088  max_mem: 6323M      
[2026-01-28 13:10:35]   epoch: [1/1]  step: [970/4155] (23.3%)  eta_epoch: 13:30  eta_total: 0:13:30  loss: 1.9918  time: 0.205  data_time: 0.001  forward_time: 0.032  backward_time: 0.086  lr: 0.000088  max_mem: 6323M      
[2026-01-28 13:10:38]   epoch: [1/1]  step: [980/4155] (23.6%)  eta_epoch: 13:27  eta_total: 0:13:27  loss: 2.3089  time: 0.204  data_time: 0.001  forward_time: 0.048  backward_time: 0.082  lr: 0.000088  max_mem: 6323M      
[2026-01-28 13:10:40]   epoch: [1/1]  step: [990/4155] (23.8%)  eta_epoch: 13:24  eta_total: 0:13:24  loss: 2.7988  time: 0.204  data_time: 0.001  forward_time: 0.026  backward_time: 0.077  lr: 0.000087  max_mem: 6323M      
[2026-01-28 13:10:43]   epoch: [1/1]  step: [1000/4155] (24.1%)  eta_epoch: 13:22  eta_total: 0:13:22  loss: 2.0731  time: 0.203  data_time: 0.001  forward_time: 0.029  backward_time: 0.079  lr: 0.000087  max_mem: 6323M      
[2026-01-28 13:10:45]   epoch: [1/1]  step: [1010/4155] (24.3%)  eta_epoch: 13:17  eta_total: 0:13:17  loss: 1.9157  time: 0.203  data_time: 0.001  forward_time: 0.029  backward_time: 0.043  lr: 0.000087  max_mem: 6323M      
[2026-01-28 13:10:48]   epoch: [1/1]  step: [1020/4155] (24.5%)  eta_epoch: 13:14  eta_total: 0:13:14  loss: 1.9488  time: 0.204  data_time: 0.001  forward_time: 0.049  backward_time: 0.050  lr: 0.000087  max_mem: 6323M      
[2026-01-28 13:10:50]   epoch: [1/1]  step: [1030/4155] (24.8%)  eta_epoch: 13:11  eta_total: 0:13:11  loss: 2.3829  time: 0.204  data_time: 0.001  forward_time: 0.029  backward_time: 0.045  lr: 0.000086  max_mem: 6323M      
[2026-01-28 13:10:53]   epoch: [1/1]  step: [1040/4155] (25.0%)  eta_epoch: 13:08  eta_total: 0:13:08  loss: 2.2914  time: 0.204  data_time: 0.001  forward_time: 0.048  backward_time: 0.065  lr: 0.000086  max_mem: 6323M      
[2026-01-28 13:10:55]   epoch: [1/1]  step: [1050/4155] (25.3%)  eta_epoch: 13:05  eta_total: 0:13:05  loss: 2.0735  time: 0.204  data_time: 0.001  forward_time: 0.028  backward_time: 0.069  lr: 0.000086  max_mem: 6323M      
[2026-01-28 13:10:58]   epoch: [1/1]  step: [1060/4155] (25.5%)  eta_epoch: 13:03  eta_total: 0:13:03  loss: 2.3531  time: 0.203  data_time: 0.002  forward_time: 0.043  backward_time: 0.068  lr: 0.000086  max_mem: 6323M      
[2026-01-28 13:11:00]   epoch: [1/1]  step: [1070/4155] (25.8%)  eta_epoch: 12:59  eta_total: 0:12:59  loss: 2.0945  time: 0.205  data_time: 0.001  forward_time: 0.028  backward_time: 0.063  lr: 0.000085  max_mem: 6323M      
[2026-01-28 13:11:02]   epoch: [1/1]  step: [1080/4155] (26.0%)  eta_epoch: 12:56  eta_total: 0:12:56  loss: 2.2034  time: 0.203  data_time: 0.001  forward_time: 0.029  backward_time: 0.063  lr: 0.000085  max_mem: 6323M      
[2026-01-28 13:11:05]   epoch: [1/1]  step: [1090/4155] (26.2%)  eta_epoch: 12:53  eta_total: 0:12:53  loss: 1.8182  time: 0.205  data_time: 0.001  forward_time: 0.028  backward_time: 0.068  lr: 0.000085  max_mem: 6323M      
[2026-01-28 13:11:07]   epoch: [1/1]  step: [1100/4155] (26.5%)  eta_epoch: 12:50  eta_total: 0:12:50  loss: 2.0152  time: 0.204  data_time: 0.001  forward_time: 0.050  backward_time: 0.063  lr: 0.000084  max_mem: 6323M      
[2026-01-28 13:11:09]   epoch: [1/1]  step: [1110/4155] (26.7%)  eta_epoch: 12:46  eta_total: 0:12:46  loss: 1.8868  time: 0.204  data_time: 0.001  forward_time: 0.029  backward_time: 0.064  lr: 0.000084  max_mem: 6323M      
[2026-01-28 13:11:12]   epoch: [1/1]  step: [1120/4155] (27.0%)  eta_epoch: 12:44  eta_total: 0:12:44  loss: 2.2270  time: 0.205  data_time: 0.001  forward_time: 0.050  backward_time: 0.065  lr: 0.000084  max_mem: 6323M      
[2026-01-28 13:11:14]   epoch: [1/1]  step: [1130/4155] (27.2%)  eta_epoch: 12:40  eta_total: 0:12:40  loss: 2.6207  time: 0.205  data_time: 0.001  forward_time: 0.029  backward_time: 0.061  lr: 0.000084  max_mem: 6323M      
[2026-01-28 13:11:17]   epoch: [1/1]  step: [1140/4155] (27.4%)  eta_epoch: 12:38  eta_total: 0:12:38  loss: 2.5181  time: 0.204  data_time: 0.001  forward_time: 0.048  backward_time: 0.065  lr: 0.000083  max_mem: 6323M      
[2026-01-28 13:11:19]   epoch: [1/1]  step: [1150/4155] (27.7%)  eta_epoch: 12:35  eta_total: 0:12:35  loss: 2.3551  time: 0.204  data_time: 0.002  forward_time: 0.039  backward_time: 0.062  lr: 0.000083  max_mem: 6323M      
[2026-01-28 13:11:22]   epoch: [1/1]  step: [1160/4155] (27.9%)  eta_epoch: 12:32  eta_total: 0:12:32  loss: 2.5560  time: 0.204  data_time: 0.001  forward_time: 0.048  backward_time: 0.066  lr: 0.000083  max_mem: 6323M      
[2026-01-28 13:11:25]   epoch: [1/1]  step: [1170/4155] (28.2%)  eta_epoch: 12:29  eta_total: 0:12:29  loss: 2.3929  time: 0.204  data_time: 0.001  forward_time: 0.028  backward_time: 0.063  lr: 0.000083  max_mem: 6323M      
[2026-01-28 13:11:27]   epoch: [1/1]  step: [1180/4155] (28.4%)  eta_epoch: 12:27  eta_total: 0:12:27  loss: 2.6381  time: 0.204  data_time: 0.001  forward_time: 0.048  backward_time: 0.063  lr: 0.000082  max_mem: 6323M      
[2026-01-28 13:11:30]   epoch: [1/1]  step: [1190/4155] (28.6%)  eta_epoch: 12:24  eta_total: 0:12:24  loss: 2.5691  time: 0.204  data_time: 0.001  forward_time: 0.028  backward_time: 0.065  lr: 0.000082  max_mem: 6323M      
[2026-01-28 13:11:33]   epoch: [1/1]  step: [1200/4155] (28.9%)  eta_epoch: 12:22  eta_total: 0:12:22  loss: 2.5681  time: 0.205  data_time: 0.002  forward_time: 0.050  backward_time: 0.069  lr: 0.000082  max_mem: 6323M      
[2026-01-28 13:11:36]   epoch: [1/1]  step: [1210/4155] (29.1%)  eta_epoch: 12:20  eta_total: 0:12:20  loss: 2.4601  time: 0.205  data_time: 0.001  forward_time: 0.033  backward_time: 0.067  lr: 0.000081  max_mem: 6323M      
[2026-01-28 13:11:39]   epoch: [1/1]  step: [1220/4155] (29.4%)  eta_epoch: 12:18  eta_total: 0:12:18  loss: 2.0525  time: 0.205  data_time: 0.001  forward_time: 0.049  backward_time: 0.065  lr: 0.000081  max_mem: 6323M      
[2026-01-28 13:11:41]   epoch: [1/1]  step: [1230/4155] (29.6%)  eta_epoch: 12:15  eta_total: 0:12:15  loss: 2.1476  time: 0.204  data_time: 0.001  forward_time: 0.034  backward_time: 0.051  lr: 0.000081  max_mem: 6323M      
[2026-01-28 13:11:45]   epoch: [1/1]  step: [1240/4155] (29.8%)  eta_epoch: 12:14  eta_total: 0:12:14  loss: 2.3686  time: 0.204  data_time: 0.002  forward_time: 0.050  backward_time: 0.066  lr: 0.000081  max_mem: 6323M      
[2026-01-28 13:11:47]   epoch: [1/1]  step: [1250/4155] (30.1%)  eta_epoch: 12:11  eta_total: 0:12:11  loss: 2.3881  time: 0.204  data_time: 0.001  forward_time: 0.030  backward_time: 0.067  lr: 0.000080  max_mem: 6323M      
[2026-01-28 13:11:51]   epoch: [1/1]  step: [1260/4155] (30.3%)  eta_epoch: 12:10  eta_total: 0:12:10  loss: 2.0743  time: 0.205  data_time: 0.001  forward_time: 0.051  backward_time: 0.067  lr: 0.000080  max_mem: 6323M      
[2026-01-28 13:11:54]   epoch: [1/1]  step: [1270/4155] (30.6%)  eta_epoch: 12:07  eta_total: 0:12:07  loss: 2.2456  time: 0.203  data_time: 0.001  forward_time: 0.032  backward_time: 0.066  lr: 0.000080  max_mem: 6323M      
[2026-01-28 13:11:57]   epoch: [1/1]  step: [1280/4155] (30.8%)  eta_epoch: 12:06  eta_total: 0:12:06  loss: 2.0659  time: 0.206  data_time: 0.001  forward_time: 0.053  backward_time: 0.068  lr: 0.000079  max_mem: 6323M      
[2026-01-28 13:11:59]   epoch: [1/1]  step: [1290/4155] (31.0%)  eta_epoch: 12:03  eta_total: 0:12:03  loss: 2.1584  time: 0.203  data_time: 0.001  forward_time: 0.031  backward_time: 0.065  lr: 0.000079  max_mem: 6323M      
[2026-01-28 13:12:02]   epoch: [1/1]  step: [1300/4155] (31.3%)  eta_epoch: 11:59  eta_total: 0:11:59  loss: 1.9668  time: 0.204  data_time: 0.001  forward_time: 0.028  backward_time: 0.063  lr: 0.000079  max_mem: 6323M      
[2026-01-28 13:12:04]   epoch: [1/1]  step: [1310/4155] (31.5%)  eta_epoch: 11:56  eta_total: 0:11:56  loss: 2.5307  time: 0.205  data_time: 0.002  forward_time: 0.030  backward_time: 0.062  lr: 0.000079  max_mem: 6323M      
[2026-01-28 13:12:06]   epoch: [1/1]  step: [1320/4155] (31.8%)  eta_epoch: 11:53  eta_total: 0:11:53  loss: 2.4678  time: 0.204  data_time: 0.002  forward_time: 0.048  backward_time: 0.063  lr: 0.000078  max_mem: 6323M      
[2026-01-28 13:12:09]   epoch: [1/1]  step: [1330/4155] (32.0%)  eta_epoch: 11:50  eta_total: 0:11:50  loss: 1.9620  time: 0.204  data_time: 0.002  forward_time: 0.031  backward_time: 0.066  lr: 0.000078  max_mem: 6323M      
[2026-01-28 13:12:11]   epoch: [1/1]  step: [1340/4155] (32.3%)  eta_epoch: 11:47  eta_total: 0:11:47  loss: 1.8679  time: 0.205  data_time: 0.001  forward_time: 0.050  backward_time: 0.068  lr: 0.000078  max_mem: 6323M      
[2026-01-28 13:12:13]   epoch: [1/1]  step: [1350/4155] (32.5%)  eta_epoch: 11:44  eta_total: 0:11:44  loss: 2.6725  time: 0.204  data_time: 0.001  forward_time: 0.031  backward_time: 0.064  lr: 0.000077  max_mem: 6323M      
[2026-01-28 13:12:16]   epoch: [1/1]  step: [1360/4155] (32.7%)  eta_epoch: 11:42  eta_total: 0:11:42  loss: 2.1324  time: 0.205  data_time: 0.001  forward_time: 0.050  backward_time: 0.068  lr: 0.000077  max_mem: 6323M      
[2026-01-28 13:12:18]   epoch: [1/1]  step: [1370/4155] (33.0%)  eta_epoch: 11:38  eta_total: 0:11:38  loss: 1.9230  time: 0.204  data_time: 0.001  forward_time: 0.028  backward_time: 0.058  lr: 0.000077  max_mem: 6323M      
[2026-01-28 13:12:21]   epoch: [1/1]  step: [1380/4155] (33.2%)  eta_epoch: 11:35  eta_total: 0:11:35  loss: 2.3118  time: 0.204  data_time: 0.001  forward_time: 0.031  backward_time: 0.065  lr: 0.000076  max_mem: 6323M      
[2026-01-28 13:12:23]   epoch: [1/1]  step: [1390/4155] (33.5%)  eta_epoch: 11:32  eta_total: 0:11:32  loss: 2.2462  time: 0.204  data_time: 0.001  forward_time: 0.049  backward_time: 0.068  lr: 0.000076  max_mem: 6323M      
[2026-01-28 13:12:25]   epoch: [1/1]  step: [1400/4155] (33.7%)  eta_epoch: 11:29  eta_total: 0:11:29  loss: 2.4137  time: 0.205  data_time: 0.001  forward_time: 0.028  backward_time: 0.064  lr: 0.000076  max_mem: 6323M      
[2026-01-28 13:12:28]   epoch: [1/1]  step: [1410/4155] (33.9%)  eta_epoch: 11:26  eta_total: 0:11:26  loss: 2.6460  time: 0.204  data_time: 0.001  forward_time: 0.028  backward_time: 0.064  lr: 0.000075  max_mem: 6323M      
[2026-01-28 13:12:31]   epoch: [1/1]  step: [1420/4155] (34.2%)  eta_epoch: 11:24  eta_total: 0:11:24  loss: 2.4362  time: 0.205  data_time: 0.001  forward_time: 0.031  backward_time: 0.067  lr: 0.000075  max_mem: 6323M      
[2026-01-28 13:12:33]   epoch: [1/1]  step: [1430/4155] (34.4%)  eta_epoch: 11:21  eta_total: 0:11:21  loss: 1.9899  time: 0.203  data_time: 0.001  forward_time: 0.030  backward_time: 0.069  lr: 0.000075  max_mem: 6323M      
[2026-01-28 13:12:35]   epoch: [1/1]  step: [1440/4155] (34.7%)  eta_epoch: 11:18  eta_total: 0:11:18  loss: 2.0863  time: 0.203  data_time: 0.001  forward_time: 0.028  backward_time: 0.064  lr: 0.000075  max_mem: 6323M      
[2026-01-28 13:12:37]   epoch: [1/1]  step: [1450/4155] (34.9%)  eta_epoch: 11:15  eta_total: 0:11:15  loss: 2.2158  time: 0.204  data_time: 0.001  forward_time: 0.045  backward_time: 0.064  lr: 0.000074  max_mem: 6323M      
[2026-01-28 13:12:40]   epoch: [1/1]  step: [1460/4155] (35.1%)  eta_epoch: 11:12  eta_total: 0:11:12  loss: 1.9419  time: 0.205  data_time: 0.001  forward_time: 0.030  backward_time: 0.063  lr: 0.000074  max_mem: 6323M      
[2026-01-28 13:12:42]   epoch: [1/1]  step: [1470/4155] (35.4%)  eta_epoch: 11:09  eta_total: 0:11:09  loss: 1.9585  time: 0.206  data_time: 0.001  forward_time: 0.049  backward_time: 0.065  lr: 0.000074  max_mem: 6323M      
[2026-01-28 13:12:44]   epoch: [1/1]  step: [1480/4155] (35.6%)  eta_epoch: 11:06  eta_total: 0:11:06  loss: 2.2683  time: 0.203  data_time: 0.001  forward_time: 0.030  backward_time: 0.066  lr: 0.000073  max_mem: 6323M      
[2026-01-28 13:12:47]   epoch: [1/1]  step: [1490/4155] (35.9%)  eta_epoch: 11:03  eta_total: 0:11:03  loss: 2.6658  time: 0.204  data_time: 0.001  forward_time: 0.029  backward_time: 0.066  lr: 0.000073  max_mem: 6323M      
[2026-01-28 13:12:49]   epoch: [1/1]  step: [1500/4155] (36.1%)  eta_epoch: 11:00  eta_total: 0:11:00  loss: 2.0018  time: 0.204  data_time: 0.001  forward_time: 0.027  backward_time: 0.064  lr: 0.000073  max_mem: 6323M      
[2026-01-28 13:12:51]   epoch: [1/1]  step: [1510/4155] (36.3%)  eta_epoch: 10:57  eta_total: 0:10:57  loss: 2.2053  time: 0.204  data_time: 0.001  forward_time: 0.028  backward_time: 0.064  lr: 0.000072  max_mem: 6323M      
[2026-01-28 13:12:53]   epoch: [1/1]  step: [1520/4155] (36.6%)  eta_epoch: 10:54  eta_total: 0:10:54  loss: 1.8520  time: 0.203  data_time: 0.001  forward_time: 0.030  backward_time: 0.066  lr: 0.000072  max_mem: 6323M      
[2026-01-28 13:12:56]   epoch: [1/1]  step: [1530/4155] (36.8%)  eta_epoch: 10:51  eta_total: 0:10:51  loss: 2.5721  time: 0.204  data_time: 0.001  forward_time: 0.031  backward_time: 0.069  lr: 0.000072  max_mem: 6323M      
[2026-01-28 13:12:59]   epoch: [1/1]  step: [1540/4155] (37.1%)  eta_epoch: 10:49  eta_total: 0:10:49  loss: 2.4348  time: 0.203  data_time: 0.002  forward_time: 0.030  backward_time: 0.053  lr: 0.000071  max_mem: 6323M      
[2026-01-28 13:13:01]   epoch: [1/1]  step: [1550/4155] (37.3%)  eta_epoch: 10:46  eta_total: 0:10:46  loss: 2.6657  time: 0.204  data_time: 0.001  forward_time: 0.026  backward_time: 0.049  lr: 0.000071  max_mem: 6323M      
[2026-01-28 13:13:04]   epoch: [1/1]  step: [1560/4155] (37.5%)  eta_epoch: 10:44  eta_total: 0:10:44  loss: 2.1372  time: 0.205  data_time: 0.001  forward_time: 0.043  backward_time: 0.068  lr: 0.000071  max_mem: 6323M      
[2026-01-28 13:13:07]   epoch: [1/1]  step: [1570/4155] (37.8%)  eta_epoch: 10:41  eta_total: 0:10:41  loss: 1.9603  time: 0.204  data_time: 0.001  forward_time: 0.029  backward_time: 0.066  lr: 0.000070  max_mem: 6323M      
[2026-01-28 13:13:09]   epoch: [1/1]  step: [1580/4155] (38.0%)  eta_epoch: 10:39  eta_total: 0:10:39  loss: 2.3366  time: 0.205  data_time: 0.001  forward_time: 0.049  backward_time: 0.048  lr: 0.000070  max_mem: 6323M      
[2026-01-28 13:13:12]   epoch: [1/1]  step: [1590/4155] (38.3%)  eta_epoch: 10:37  eta_total: 0:10:37  loss: 2.3287  time: 0.204  data_time: 0.001  forward_time: 0.030  backward_time: 0.067  lr: 0.000070  max_mem: 6323M      
[2026-01-28 13:13:14]   epoch: [1/1]  step: [1600/4155] (38.5%)  eta_epoch: 10:33  eta_total: 0:10:33  loss: 2.4035  time: 0.205  data_time: 0.001  forward_time: 0.030  backward_time: 0.065  lr: 0.000069  max_mem: 6323M      
[2026-01-28 13:13:16]   epoch: [1/1]  step: [1610/4155] (38.7%)  eta_epoch: 10:31  eta_total: 0:10:31  loss: 2.5259  time: 0.203  data_time: 0.001  forward_time: 0.030  backward_time: 0.065  lr: 0.000069  max_mem: 6323M      
[2026-01-28 13:13:19]   epoch: [1/1]  step: [1620/4155] (39.0%)  eta_epoch: 10:28  eta_total: 0:10:28  loss: 2.5740  time: 0.206  data_time: 0.001  forward_time: 0.049  backward_time: 0.067  lr: 0.000069  max_mem: 6323M      
[2026-01-28 13:13:21]   epoch: [1/1]  step: [1630/4155] (39.2%)  eta_epoch: 10:25  eta_total: 0:10:25  loss: 2.7894  time: 0.205  data_time: 0.001  forward_time: 0.030  backward_time: 0.067  lr: 0.000068  max_mem: 6323M      
[2026-01-28 13:13:24]   epoch: [1/1]  step: [1640/4155] (39.5%)  eta_epoch: 10:22  eta_total: 0:10:22  loss: 2.7448  time: 0.204  data_time: 0.001  forward_time: 0.048  backward_time: 0.056  lr: 0.000068  max_mem: 6323M      
[2026-01-28 13:13:26]   epoch: [1/1]  step: [1650/4155] (39.7%)  eta_epoch: 10:20  eta_total: 0:10:20  loss: 1.7799  time: 0.205  data_time: 0.001  forward_time: 0.034  backward_time: 0.081  lr: 0.000068  max_mem: 6323M      
[2026-01-28 13:13:29]   epoch: [1/1]  step: [1660/4155] (40.0%)  eta_epoch: 10:17  eta_total: 0:10:17  loss: 2.0770  time: 0.206  data_time: 0.002  forward_time: 0.032  backward_time: 0.078  lr: 0.000067  max_mem: 6323M      
[2026-01-28 13:13:31]   epoch: [1/1]  step: [1670/4155] (40.2%)  eta_epoch: 10:14  eta_total: 0:10:14  loss: 2.2441  time: 0.204  data_time: 0.001  forward_time: 0.028  backward_time: 0.064  lr: 0.000067  max_mem: 6323M      
[2026-01-28 13:13:33]   epoch: [1/1]  step: [1680/4155] (40.4%)  eta_epoch: 10:11  eta_total: 0:10:11  loss: 2.4311  time: 0.205  data_time: 0.001  forward_time: 0.027  backward_time: 0.057  lr: 0.000067  max_mem: 6323M      
[2026-01-28 13:13:35]   epoch: [1/1]  step: [1690/4155] (40.7%)  eta_epoch: 10:08  eta_total: 0:10:08  loss: 2.6635  time: 0.204  data_time: 0.001  forward_time: 0.029  backward_time: 0.066  lr: 0.000066  max_mem: 6323M      
[2026-01-28 13:13:37]   epoch: [1/1]  step: [1700/4155] (40.9%)  eta_epoch: 10:05  eta_total: 0:10:05  loss: 2.7476  time: 0.205  data_time: 0.002  forward_time: 0.050  backward_time: 0.068  lr: 0.000066  max_mem: 6323M      
[2026-01-28 13:13:40]   epoch: [1/1]  step: [1710/4155] (41.2%)  eta_epoch: 10:03  eta_total: 0:10:03  loss: 2.6464  time: 0.205  data_time: 0.001  forward_time: 0.030  backward_time: 0.065  lr: 0.000066  max_mem: 6323M      
[2026-01-28 13:13:43]   epoch: [1/1]  step: [1720/4155] (41.4%)  eta_epoch: 10:01  eta_total: 0:10:01  loss: 2.2959  time: 0.205  data_time: 0.001  forward_time: 0.050  backward_time: 0.068  lr: 0.000065  max_mem: 6323M      
[2026-01-28 13:13:46]   epoch: [1/1]  step: [1730/4155] (41.6%)  eta_epoch: 9:58  eta_total: 0:09:58  loss: 2.6611  time: 0.205  data_time: 0.001  forward_time: 0.030  backward_time: 0.067  lr: 0.000065  max_mem: 6323M      
[2026-01-28 13:13:49]   epoch: [1/1]  step: [1740/4155] (41.9%)  eta_epoch: 9:56  eta_total: 0:09:56  loss: 1.9438  time: 0.204  data_time: 0.002  forward_time: 0.050  backward_time: 0.058  lr: 0.000064  max_mem: 6323M      
[2026-01-28 13:13:51]   epoch: [1/1]  step: [1750/4155] (42.1%)  eta_epoch: 9:53  eta_total: 0:09:53  loss: 1.7393  time: 0.204  data_time: 0.001  forward_time: 0.028  backward_time: 0.064  lr: 0.000064  max_mem: 6323M      
[2026-01-28 13:13:53]   epoch: [1/1]  step: [1760/4155] (42.4%)  eta_epoch: 9:50  eta_total: 0:09:50  loss: 2.3682  time: 0.206  data_time: 0.001  forward_time: 0.029  backward_time: 0.062  lr: 0.000064  max_mem: 6323M      
[2026-01-28 13:13:56]   epoch: [1/1]  step: [1770/4155] (42.6%)  eta_epoch: 9:48  eta_total: 0:09:48  loss: 2.1824  time: 0.205  data_time: 0.001  forward_time: 0.031  backward_time: 0.067  lr: 0.000063  max_mem: 6323M      
[2026-01-28 13:13:59]   epoch: [1/1]  step: [1780/4155] (42.8%)  eta_epoch: 9:45  eta_total: 0:09:45  loss: 2.5081  time: 0.204  data_time: 0.001  forward_time: 0.050  backward_time: 0.068  lr: 0.000063  max_mem: 6323M      
[2026-01-28 13:14:01]   epoch: [1/1]  step: [1790/4155] (43.1%)  eta_epoch: 9:42  eta_total: 0:09:42  loss: 1.8593  time: 0.205  data_time: 0.001  forward_time: 0.032  backward_time: 0.054  lr: 0.000063  max_mem: 6323M      
[2026-01-28 13:14:03]   epoch: [1/1]  step: [1800/4155] (43.3%)  eta_epoch: 9:39  eta_total: 0:09:39  loss: 1.9949  time: 0.205  data_time: 0.001  forward_time: 0.047  backward_time: 0.050  lr: 0.000062  max_mem: 6323M      
[2026-01-28 13:14:05]   epoch: [1/1]  step: [1810/4155] (43.6%)  eta_epoch: 9:37  eta_total: 0:09:37  loss: 2.3346  time: 0.203  data_time: 0.001  forward_time: 0.027  backward_time: 0.064  lr: 0.000062  max_mem: 6323M      
[2026-01-28 13:14:07]   epoch: [1/1]  step: [1820/4155] (43.8%)  eta_epoch: 9:34  eta_total: 0:09:34  loss: 2.1969  time: 0.204  data_time: 0.001  forward_time: 0.028  backward_time: 0.059  lr: 0.000062  max_mem: 6323M      
[2026-01-28 13:14:09]   epoch: [1/1]  step: [1830/4155] (44.0%)  eta_epoch: 9:31  eta_total: 0:09:31  loss: 2.3271  time: 0.204  data_time: 0.001  forward_time: 0.030  backward_time: 0.066  lr: 0.000061  max_mem: 6323M      
[2026-01-28 13:14:12]   epoch: [1/1]  step: [1840/4155] (44.3%)  eta_epoch: 9:28  eta_total: 0:09:28  loss: 2.4953  time: 0.205  data_time: 0.001  forward_time: 0.049  backward_time: 0.065  lr: 0.000061  max_mem: 6323M      
[2026-01-28 13:14:14]   epoch: [1/1]  step: [1850/4155] (44.5%)  eta_epoch: 9:25  eta_total: 0:09:25  loss: 2.2580  time: 0.205  data_time: 0.001  forward_time: 0.030  backward_time: 0.067  lr: 0.000061  max_mem: 6323M      
[2026-01-28 13:14:16]   epoch: [1/1]  step: [1860/4155] (44.8%)  eta_epoch: 9:23  eta_total: 0:09:23  loss: 2.2683  time: 0.204  data_time: 0.002  forward_time: 0.033  backward_time: 0.067  lr: 0.000060  max_mem: 6323M      
[2026-01-28 13:14:18]   epoch: [1/1]  step: [1870/4155] (45.0%)  eta_epoch: 9:20  eta_total: 0:09:20  loss: 2.0733  time: 0.205  data_time: 0.001  forward_time: 0.033  backward_time: 0.060  lr: 0.000060  max_mem: 6323M      
[2026-01-28 13:14:20]   epoch: [1/1]  step: [1880/4155] (45.2%)  eta_epoch: 9:17  eta_total: 0:09:17  loss: 2.4987  time: 0.205  data_time: 0.001  forward_time: 0.028  backward_time: 0.065  lr: 0.000060  max_mem: 6323M      
[2026-01-28 13:14:22]   epoch: [1/1]  step: [1890/4155] (45.5%)  eta_epoch: 9:14  eta_total: 0:09:14  loss: 2.4714  time: 0.204  data_time: 0.001  forward_time: 0.028  backward_time: 0.062  lr: 0.000059  max_mem: 6323M      
[2026-01-28 13:14:25]   epoch: [1/1]  step: [1900/4155] (45.7%)  eta_epoch: 9:11  eta_total: 0:09:11  loss: 1.9791  time: 0.205  data_time: 0.001  forward_time: 0.028  backward_time: 0.061  lr: 0.000059  max_mem: 6323M      
[2026-01-28 13:14:27]   epoch: [1/1]  step: [1910/4155] (46.0%)  eta_epoch: 9:08  eta_total: 0:09:08  loss: 2.1237  time: 0.205  data_time: 0.002  forward_time: 0.030  backward_time: 0.059  lr: 0.000058  max_mem: 6323M      
[2026-01-28 13:14:29]   epoch: [1/1]  step: [1920/4155] (46.2%)  eta_epoch: 9:05  eta_total: 0:09:05  loss: 2.2590  time: 0.204  data_time: 0.001  forward_time: 0.028  backward_time: 0.078  lr: 0.000058  max_mem: 6323M      
[2026-01-28 13:14:31]   epoch: [1/1]  step: [1930/4155] (46.5%)  eta_epoch: 9:03  eta_total: 0:09:03  loss: 2.3059  time: 0.205  data_time: 0.001  forward_time: 0.033  backward_time: 0.082  lr: 0.000058  max_mem: 6323M      
[2026-01-28 13:14:33]   epoch: [1/1]  step: [1940/4155] (46.7%)  eta_epoch: 9:00  eta_total: 0:09:00  loss: 2.1328  time: 0.205  data_time: 0.001  forward_time: 0.029  backward_time: 0.082  lr: 0.000057  max_mem: 6323M      
[2026-01-28 13:14:35]   epoch: [1/1]  step: [1950/4155] (46.9%)  eta_epoch: 8:57  eta_total: 0:08:57  loss: 2.3440  time: 0.204  data_time: 0.001  forward_time: 0.043  backward_time: 0.078  lr: 0.000057  max_mem: 6323M      
[2026-01-28 13:14:37]   epoch: [1/1]  step: [1960/4155] (47.2%)  eta_epoch: 8:54  eta_total: 0:08:54  loss: 2.2706  time: 0.206  data_time: 0.001  forward_time: 0.033  backward_time: 0.083  lr: 0.000057  max_mem: 6323M      
[2026-01-28 13:14:39]   epoch: [1/1]  step: [1970/4155] (47.4%)  eta_epoch: 8:51  eta_total: 0:08:51  loss: 2.4119  time: 0.204  data_time: 0.001  forward_time: 0.032  backward_time: 0.079  lr: 0.000056  max_mem: 6323M      
[2026-01-28 13:14:41]   epoch: [1/1]  step: [1980/4155] (47.7%)  eta_epoch: 8:48  eta_total: 0:08:48  loss: 2.3443  time: 0.204  data_time: 0.001  forward_time: 0.031  backward_time: 0.081  lr: 0.000056  max_mem: 6323M      
[2026-01-28 13:14:43]   epoch: [1/1]  step: [1990/4155] (47.9%)  eta_epoch: 8:46  eta_total: 0:08:46  loss: 1.9697  time: 0.206  data_time: 0.001  forward_time: 0.029  backward_time: 0.069  lr: 0.000056  max_mem: 6323M      
[2026-01-28 13:14:45]   epoch: [1/1]  step: [2000/4155] (48.1%)  eta_epoch: 8:43  eta_total: 0:08:43  loss: 2.4368  time: 0.205  data_time: 0.001  forward_time: 0.030  backward_time: 0.066  lr: 0.000055  max_mem: 6323M      
[2026-01-28 13:14:47]   epoch: [1/1]  step: [2010/4155] (48.4%)  eta_epoch: 8:40  eta_total: 0:08:40  loss: 2.4011  time: 0.205  data_time: 0.001  forward_time: 0.034  backward_time: 0.066  lr: 0.000055  max_mem: 6323M      
[2026-01-28 13:14:49]   epoch: [1/1]  step: [2020/4155] (48.6%)  eta_epoch: 8:37  eta_total: 0:08:37  loss: 2.0453  time: 0.205  data_time: 0.001  forward_time: 0.030  backward_time: 0.065  lr: 0.000055  max_mem: 6323M      
[2026-01-28 13:14:51]   epoch: [1/1]  step: [2030/4155] (48.9%)  eta_epoch: 8:34  eta_total: 0:08:34  loss: 2.3990  time: 0.205  data_time: 0.001  forward_time: 0.030  backward_time: 0.062  lr: 0.000054  max_mem: 6323M      
[2026-01-28 13:14:54]   epoch: [1/1]  step: [2040/4155] (49.1%)  eta_epoch: 8:32  eta_total: 0:08:32  loss: 1.9852  time: 0.204  data_time: 0.001  forward_time: 0.027  backward_time: 0.063  lr: 0.000054  max_mem: 6323M      
[2026-01-28 13:14:56]   epoch: [1/1]  step: [2050/4155] (49.3%)  eta_epoch: 8:29  eta_total: 0:08:29  loss: 2.1508  time: 0.206  data_time: 0.002  forward_time: 0.030  backward_time: 0.063  lr: 0.000053  max_mem: 6323M      
[2026-01-28 13:14:58]   epoch: [1/1]  step: [2060/4155] (49.6%)  eta_epoch: 8:26  eta_total: 0:08:26  loss: 2.3923  time: 0.206  data_time: 0.001  forward_time: 0.027  backward_time: 0.061  lr: 0.000053  max_mem: 6323M      
[2026-01-28 13:15:00]   epoch: [1/1]  step: [2070/4155] (49.8%)  eta_epoch: 8:23  eta_total: 0:08:23  loss: 2.1767  time: 0.205  data_time: 0.001  forward_time: 0.030  backward_time: 0.061  lr: 0.000053  max_mem: 6323M      
[2026-01-28 13:15:02]   epoch: [1/1]  step: [2080/4155] (50.1%)  eta_epoch: 8:21  eta_total: 0:08:21  loss: 2.7416  time: 0.205  data_time: 0.001  forward_time: 0.029  backward_time: 0.064  lr: 0.000052  max_mem: 6323M      
[2026-01-28 13:15:04]   epoch: [1/1]  step: [2090/4155] (50.3%)  eta_epoch: 8:18  eta_total: 0:08:18  loss: 2.1685  time: 0.207  data_time: 0.001  forward_time: 0.031  backward_time: 0.066  lr: 0.000052  max_mem: 6323M      
[2026-01-28 13:15:06]   epoch: [1/1]  step: [2100/4155] (50.5%)  eta_epoch: 8:15  eta_total: 0:08:15  loss: 2.1199  time: 0.205  data_time: 0.001  forward_time: 0.027  backward_time: 0.065  lr: 0.000052  max_mem: 6323M      
[2026-01-28 13:15:08]   epoch: [1/1]  step: [2110/4155] (50.8%)  eta_epoch: 8:12  eta_total: 0:08:12  loss: 2.4620  time: 0.206  data_time: 0.002  forward_time: 0.029  backward_time: 0.066  lr: 0.000051  max_mem: 6323M      
[2026-01-28 13:15:10]   epoch: [1/1]  step: [2120/4155] (51.0%)  eta_epoch: 8:10  eta_total: 0:08:10  loss: 1.7428  time: 0.205  data_time: 0.001  forward_time: 0.049  backward_time: 0.065  lr: 0.000051  max_mem: 6323M      
[2026-01-28 13:15:13]   epoch: [1/1]  step: [2130/4155] (51.3%)  eta_epoch: 8:08  eta_total: 0:08:08  loss: 2.5185  time: 0.205  data_time: 0.001  forward_time: 0.033  backward_time: 0.068  lr: 0.000051  max_mem: 6323M      
[2026-01-28 13:15:16]   epoch: [1/1]  step: [2140/4155] (51.5%)  eta_epoch: 8:05  eta_total: 0:08:05  loss: 2.5072  time: 0.205  data_time: 0.001  forward_time: 0.049  backward_time: 0.067  lr: 0.000050  max_mem: 6323M      
[2026-01-28 13:15:18]   epoch: [1/1]  step: [2150/4155] (51.7%)  eta_epoch: 8:03  eta_total: 0:08:03  loss: 2.3741  time: 0.205  data_time: 0.001  forward_time: 0.029  backward_time: 0.066  lr: 0.000050  max_mem: 6323M      
[2026-01-28 13:15:20]   epoch: [1/1]  step: [2160/4155] (52.0%)  eta_epoch: 8:00  eta_total: 0:08:00  loss: 2.1731  time: 0.204  data_time: 0.002  forward_time: 0.027  backward_time: 0.064  lr: 0.000050  max_mem: 6323M      
[2026-01-28 13:15:23]   epoch: [1/1]  step: [2170/4155] (52.2%)  eta_epoch: 7:57  eta_total: 0:07:57  loss: 2.1239  time: 0.204  data_time: 0.001  forward_time: 0.028  backward_time: 0.066  lr: 0.000049  max_mem: 6323M      
[2026-01-28 13:15:25]   epoch: [1/1]  step: [2180/4155] (52.5%)  eta_epoch: 7:54  eta_total: 0:07:54  loss: 2.9522  time: 0.205  data_time: 0.001  forward_time: 0.028  backward_time: 0.064  lr: 0.000049  max_mem: 6323M      
[2026-01-28 13:15:27]   epoch: [1/1]  step: [2190/4155] (52.7%)  eta_epoch: 7:51  eta_total: 0:07:51  loss: 2.0712  time: 0.205  data_time: 0.001  forward_time: 0.027  backward_time: 0.064  lr: 0.000048  max_mem: 6323M      
[2026-01-28 13:15:29]   epoch: [1/1]  step: [2200/4155] (52.9%)  eta_epoch: 7:49  eta_total: 0:07:49  loss: 2.2741  time: 0.204  data_time: 0.001  forward_time: 0.027  backward_time: 0.064  lr: 0.000048  max_mem: 6323M      
[2026-01-28 13:15:31]   epoch: [1/1]  step: [2210/4155] (53.2%)  eta_epoch: 7:46  eta_total: 0:07:46  loss: 2.1170  time: 0.204  data_time: 0.001  forward_time: 0.028  backward_time: 0.065  lr: 0.000048  max_mem: 6323M      
[2026-01-28 13:15:33]   epoch: [1/1]  step: [2220/4155] (53.4%)  eta_epoch: 7:43  eta_total: 0:07:43  loss: 2.2383  time: 0.205  data_time: 0.001  forward_time: 0.027  backward_time: 0.064  lr: 0.000047  max_mem: 6323M      
[2026-01-28 13:15:35]   epoch: [1/1]  step: [2230/4155] (53.7%)  eta_epoch: 7:41  eta_total: 0:07:41  loss: 2.3229  time: 0.204  data_time: 0.001  forward_time: 0.031  backward_time: 0.067  lr: 0.000047  max_mem: 6323M      
