[2026-01-21 14:02:09]   ROOT_DIR: /dataset/songzhang/SMore_dev/learning/MedViTV2    
[2026-01-21 14:02:09]   LOG_PATH: /dataset/songzhang/SMore_dev/learning/MedViTV2/logs/2026-01-21_14-02-09.log    
[2026-01-21 14:02:09]   Using cuda:0 device.    
[2026-01-21 14:02:11]   Dataset is available at: /dataset/songzhang/SMore_dev/learning/MedViTV2/temp/fabric    
[2026-01-21 14:02:11]   Number of classes: 27    
[2026-01-21 14:02:11]   Class names: ['canvas', 'chambray', 'chenille', 'chiffon', 'corduroy', 'crepe', 'denim', 'faux_fur', 'faux_leather', 'flannel', 'fleece', 'gingham', 'jersey', 'knit', 'lace', 'lawn', 'neoprene', 'organza', 'plush', 'satin', 'serge', 'taffeta', 'tulle', 'tweed', 'twill', 'velvet', 'vinyl']    
[2026-01-21 14:02:12]   initialize_weights...    
[2026-01-21 14:02:13]   (ImageFolder) Dataset ImageFolder
    Number of datapoints: 99716
    Root location: /dataset/songzhang/SMore_dev/learning/MedViTV2/temp/fabric/train
    StandardTransform
Transform: Compose(
               RandomResizedCrop(size=(224, 224), scale=(0.08, 1.0), ratio=(0.75, 1.3333), interpolation=bilinear, antialias=True)
               AugMix(severity=3, mixture_width=3, chain_depth=-1, alpha=0.4, all_ops=True, interpolation=InterpolationMode.BILINEAR, fill=None)
               RandomHorizontalFlip(p=0.4)
               ToTensor()
               Normalize(mean=[0.5], std=[0.5])
           )    
[2026-01-21 14:02:13]   ===================    
[2026-01-21 14:02:13]   (ImageFolder) Dataset ImageFolder
    Number of datapoints: 24629
    Root location: /dataset/songzhang/SMore_dev/learning/MedViTV2/temp/fabric/test
    StandardTransform
Transform: Compose(
               Resize(size=(224, 224), interpolation=bilinear, max_size=None, antialias=True)
               ToTensor()
               Normalize(mean=[0.5], std=[0.5])
           )    
[2026-01-21 14:02:18]   epoch: [1/100]  step: [10/4155] (0.2%)  eta_epoch: 29:56  eta_total: 50:04:04  loss: 3.3119  time: 0.134  data_time: 0.001  forward_time: 0.051  backward_time: 0.068  lr: 0.000100  max_mem: 5159M      
[2026-01-21 14:02:19]   epoch: [1/100]  step: [20/4155] (0.5%)  eta_epoch: 19:41  eta_total: 33:00:06  loss: 3.1453  time: 0.130  data_time: 0.001  forward_time: 0.041  backward_time: 0.069  lr: 0.000100  max_mem: 5159M      
[2026-01-21 14:02:21]   epoch: [1/100]  step: [30/4155] (0.7%)  eta_epoch: 16:05  eta_total: 27:01:58  loss: 3.2329  time: 0.123  data_time: 0.001  forward_time: 0.034  backward_time: 0.075  lr: 0.000100  max_mem: 5159M      
[2026-01-21 14:02:22]   epoch: [1/100]  step: [40/4155] (1.0%)  eta_epoch: 14:46  eta_total: 24:51:43  loss: 3.3354  time: 0.148  data_time: 0.001  forward_time: 0.041  backward_time: 0.099  lr: 0.000100  max_mem: 5159M      
[2026-01-21 14:02:24]   epoch: [1/100]  step: [50/4155] (1.2%)  eta_epoch: 13:56  eta_total: 23:31:42  loss: 3.1851  time: 0.142  data_time: 0.002  forward_time: 0.039  backward_time: 0.087  lr: 0.000100  max_mem: 5159M      
[2026-01-21 14:02:26]   epoch: [1/100]  step: [60/4155] (1.4%)  eta_epoch: 12:46  eta_total: 21:35:51  loss: 3.0928  time: 0.154  data_time: 0.001  forward_time: 0.052  backward_time: 0.095  lr: 0.000100  max_mem: 5159M      
[2026-01-21 14:02:27]   epoch: [1/100]  step: [70/4155] (1.7%)  eta_epoch: 12:26  eta_total: 21:05:10  loss: 3.1510  time: 0.152  data_time: 0.002  forward_time: 0.050  backward_time: 0.091  lr: 0.000100  max_mem: 5159M      
[2026-01-21 14:02:29]   epoch: [1/100]  step: [80/4155] (1.9%)  eta_epoch: 12:13  eta_total: 20:46:50  loss: 3.1571  time: 0.156  data_time: 0.001  forward_time: 0.053  backward_time: 0.093  lr: 0.000100  max_mem: 5159M      
[2026-01-21 14:02:30]   epoch: [1/100]  step: [90/4155] (2.2%)  eta_epoch: 12:04  eta_total: 20:34:12  loss: 2.9698  time: 0.153  data_time: 0.001  forward_time: 0.051  backward_time: 0.091  lr: 0.000100  max_mem: 5159M      
[2026-01-21 14:02:32]   epoch: [1/100]  step: [100/4155] (2.4%)  eta_epoch: 11:48  eta_total: 20:10:24  loss: 3.1350  time: 0.140  data_time: 0.001  forward_time: 0.041  backward_time: 0.081  lr: 0.000100  max_mem: 5159M      
[2026-01-21 14:02:33]   epoch: [1/100]  step: [110/4155] (2.6%)  eta_epoch: 11:27  eta_total: 19:37:20  loss: 3.0880  time: 0.138  data_time: 0.001  forward_time: 0.048  backward_time: 0.076  lr: 0.000100  max_mem: 5159M      
[2026-01-21 14:02:34]   epoch: [1/100]  step: [120/4155] (2.9%)  eta_epoch: 11:11  eta_total: 19:12:35  loss: 3.1525  time: 0.138  data_time: 0.001  forward_time: 0.049  backward_time: 0.071  lr: 0.000100  max_mem: 5159M      
[2026-01-21 14:02:36]   epoch: [1/100]  step: [130/4155] (3.1%)  eta_epoch: 10:55  eta_total: 18:47:17  loss: 3.1184  time: 0.138  data_time: 0.001  forward_time: 0.048  backward_time: 0.075  lr: 0.000100  max_mem: 5159M      
[2026-01-21 14:02:37]   epoch: [1/100]  step: [140/4155] (3.4%)  eta_epoch: 10:38  eta_total: 18:21:51  loss: 3.1935  time: 0.135  data_time: 0.001  forward_time: 0.046  backward_time: 0.070  lr: 0.000100  max_mem: 5159M      
[2026-01-21 14:02:38]   epoch: [1/100]  step: [150/4155] (3.6%)  eta_epoch: 10:27  eta_total: 18:04:10  loss: 3.1230  time: 0.133  data_time: 0.001  forward_time: 0.044  backward_time: 0.075  lr: 0.000100  max_mem: 5159M      
[2026-01-21 14:02:40]   epoch: [1/100]  step: [160/4155] (3.9%)  eta_epoch: 10:21  eta_total: 17:56:54  loss: 3.1582  time: 0.134  data_time: 0.001  forward_time: 0.045  backward_time: 0.069  lr: 0.000100  max_mem: 5159M      
[2026-01-21 14:02:41]   epoch: [1/100]  step: [170/4155] (4.1%)  eta_epoch: 10:14  eta_total: 17:47:33  loss: 3.2750  time: 0.136  data_time: 0.001  forward_time: 0.047  backward_time: 0.075  lr: 0.000100  max_mem: 5159M      
[2026-01-21 14:02:42]   epoch: [1/100]  step: [180/4155] (4.3%)  eta_epoch: 10:10  eta_total: 17:43:27  loss: 3.1635  time: 0.137  data_time: 0.001  forward_time: 0.049  backward_time: 0.073  lr: 0.000100  max_mem: 5159M      
[2026-01-21 14:02:44]   epoch: [1/100]  step: [190/4155] (4.6%)  eta_epoch: 10:06  eta_total: 17:38:12  loss: 3.1640  time: 0.114  data_time: 0.001  forward_time: 0.034  backward_time: 0.047  lr: 0.000100  max_mem: 5159M      
[2026-01-21 14:02:45]   epoch: [1/100]  step: [200/4155] (4.8%)  eta_epoch: 9:55  eta_total: 17:22:37  loss: 2.9180  time: 0.119  data_time: 0.001  forward_time: 0.043  backward_time: 0.044  lr: 0.000100  max_mem: 5159M      
[2026-01-21 14:02:46]   epoch: [1/100]  step: [210/4155] (5.1%)  eta_epoch: 9:48  eta_total: 17:12:23  loss: 3.2371  time: 0.125  data_time: 0.001  forward_time: 0.035  backward_time: 0.076  lr: 0.000100  max_mem: 5159M      
[2026-01-21 14:02:48]   epoch: [1/100]  step: [220/4155] (5.3%)  eta_epoch: 9:43  eta_total: 17:06:10  loss: 3.0319  time: 0.132  data_time: 0.002  forward_time: 0.042  backward_time: 0.072  lr: 0.000100  max_mem: 5159M      
[2026-01-21 14:02:49]   epoch: [1/100]  step: [230/4155] (5.5%)  eta_epoch: 9:40  eta_total: 17:02:50  loss: 3.1064  time: 0.138  data_time: 0.002  forward_time: 0.048  backward_time: 0.075  lr: 0.000100  max_mem: 5159M      
[2026-01-21 14:02:50]   epoch: [1/100]  step: [240/4155] (5.8%)  eta_epoch: 9:37  eta_total: 17:01:09  loss: 2.9524  time: 0.139  data_time: 0.001  forward_time: 0.050  backward_time: 0.074  lr: 0.000100  max_mem: 5159M      
[2026-01-21 14:02:52]   epoch: [1/100]  step: [250/4155] (6.0%)  eta_epoch: 9:40  eta_total: 17:09:36  loss: 3.1243  time: 0.141  data_time: 0.002  forward_time: 0.051  backward_time: 0.070  lr: 0.000100  max_mem: 5159M      
[2026-01-21 14:02:53]   epoch: [1/100]  step: [260/4155] (6.3%)  eta_epoch: 9:39  eta_total: 17:09:24  loss: 3.2411  time: 0.140  data_time: 0.002  forward_time: 0.050  backward_time: 0.076  lr: 0.000100  max_mem: 5159M      
[2026-01-21 14:02:55]   epoch: [1/100]  step: [270/4155] (6.5%)  eta_epoch: 9:36  eta_total: 17:07:01  loss: 3.1382  time: 0.131  data_time: 0.002  forward_time: 0.041  backward_time: 0.074  lr: 0.000100  max_mem: 5159M      
[2026-01-21 14:02:56]   epoch: [1/100]  step: [280/4155] (6.7%)  eta_epoch: 9:31  eta_total: 17:00:15  loss: 2.9415  time: 0.135  data_time: 0.001  forward_time: 0.047  backward_time: 0.074  lr: 0.000100  max_mem: 5159M      
[2026-01-21 14:02:58]   epoch: [1/100]  step: [290/4155] (7.0%)  eta_epoch: 9:27  eta_total: 16:55:47  loss: 3.2766  time: 0.128  data_time: 0.002  forward_time: 0.038  backward_time: 0.072  lr: 0.000100  max_mem: 5159M      
[2026-01-21 14:02:59]   epoch: [1/100]  step: [300/4155] (7.2%)  eta_epoch: 9:21  eta_total: 16:47:58  loss: 2.9137  time: 0.139  data_time: 0.001  forward_time: 0.050  backward_time: 0.074  lr: 0.000100  max_mem: 5159M      
[2026-01-21 14:03:00]   epoch: [1/100]  step: [310/4155] (7.5%)  eta_epoch: 9:19  eta_total: 16:47:18  loss: 2.8939  time: 0.142  data_time: 0.002  forward_time: 0.055  backward_time: 0.073  lr: 0.000100  max_mem: 5159M      
[2026-01-21 14:03:02]   epoch: [1/100]  step: [320/4155] (7.7%)  eta_epoch: 9:17  eta_total: 16:45:14  loss: 3.1673  time: 0.141  data_time: 0.002  forward_time: 0.051  backward_time: 0.076  lr: 0.000100  max_mem: 5159M      
[2026-01-21 14:03:03]   epoch: [1/100]  step: [330/4155] (7.9%)  eta_epoch: 9:18  eta_total: 16:49:47  loss: 2.5418  time: 0.124  data_time: 0.001  forward_time: 0.035  backward_time: 0.069  lr: 0.000100  max_mem: 5159M      
[2026-01-21 14:03:05]   epoch: [1/100]  step: [340/4155] (8.2%)  eta_epoch: 9:16  eta_total: 16:50:13  loss: 2.7730  time: 0.137  data_time: 0.001  forward_time: 0.049  backward_time: 0.074  lr: 0.000100  max_mem: 5159M      
[2026-01-21 14:03:06]   epoch: [1/100]  step: [350/4155] (8.4%)  eta_epoch: 9:16  eta_total: 16:51:26  loss: 3.1816  time: 0.123  data_time: 0.001  forward_time: 0.034  backward_time: 0.069  lr: 0.000100  max_mem: 5159M      
[2026-01-21 14:03:08]   epoch: [1/100]  step: [360/4155] (8.7%)  eta_epoch: 9:14  eta_total: 16:51:13  loss: 2.8490  time: 0.119  data_time: 0.001  forward_time: 0.034  backward_time: 0.068  lr: 0.000100  max_mem: 5159M      
[2026-01-21 14:03:09]   epoch: [1/100]  step: [370/4155] (8.9%)  eta_epoch: 9:11  eta_total: 16:48:14  loss: 3.1432  time: 0.138  data_time: 0.002  forward_time: 0.049  backward_time: 0.075  lr: 0.000100  max_mem: 5159M      
[2026-01-21 14:03:10]   epoch: [1/100]  step: [380/4155] (9.1%)  eta_epoch: 9:10  eta_total: 16:48:47  loss: 2.8989  time: 0.139  data_time: 0.002  forward_time: 0.048  backward_time: 0.077  lr: 0.000100  max_mem: 5159M      
[2026-01-21 14:03:12]   epoch: [1/100]  step: [390/4155] (9.4%)  eta_epoch: 9:07  eta_total: 16:46:08  loss: 2.9924  time: 0.123  data_time: 0.001  forward_time: 0.034  backward_time: 0.069  lr: 0.000100  max_mem: 5159M      
[2026-01-21 14:03:13]   epoch: [1/100]  step: [400/4155] (9.6%)  eta_epoch: 9:02  eta_total: 16:39:26  loss: 3.1031  time: 0.123  data_time: 0.001  forward_time: 0.033  backward_time: 0.075  lr: 0.000100  max_mem: 5159M      
[2026-01-21 14:03:15]   epoch: [1/100]  step: [410/4155] (9.9%)  eta_epoch: 9:01  eta_total: 16:39:32  loss: 3.3141  time: 0.125  data_time: 0.001  forward_time: 0.035  backward_time: 0.077  lr: 0.000100  max_mem: 5159M      
[2026-01-21 14:03:17]   epoch: [1/100]  step: [420/4155] (10.1%)  eta_epoch: 9:03  eta_total: 16:46:27  loss: 3.0689  time: 0.145  data_time: 0.001  forward_time: 0.054  backward_time: 0.077  lr: 0.000100  max_mem: 5159M      
[2026-01-21 14:03:18]   epoch: [1/100]  step: [430/4155] (10.3%)  eta_epoch: 9:01  eta_total: 16:46:17  loss: 2.7625  time: 0.136  data_time: 0.001  forward_time: 0.047  backward_time: 0.075  lr: 0.000100  max_mem: 5159M      
[2026-01-21 14:03:19]   epoch: [1/100]  step: [440/4155] (10.6%)  eta_epoch: 8:59  eta_total: 16:45:25  loss: 3.2913  time: 0.136  data_time: 0.001  forward_time: 0.047  backward_time: 0.075  lr: 0.000100  max_mem: 5159M      
[2026-01-21 14:03:21]   epoch: [1/100]  step: [450/4155] (10.8%)  eta_epoch: 9:00  eta_total: 16:50:06  loss: 3.0224  time: 0.139  data_time: 0.002  forward_time: 0.048  backward_time: 0.076  lr: 0.000100  max_mem: 5159M      
[2026-01-21 14:03:22]   epoch: [1/100]  step: [460/4155] (11.1%)  eta_epoch: 8:58  eta_total: 16:48:59  loss: 2.6244  time: 0.139  data_time: 0.001  forward_time: 0.049  backward_time: 0.075  lr: 0.000100  max_mem: 5159M      
[2026-01-21 14:03:24]   epoch: [1/100]  step: [470/4155] (11.3%)  eta_epoch: 8:57  eta_total: 16:48:18  loss: 3.1724  time: 0.138  data_time: 0.001  forward_time: 0.048  backward_time: 0.075  lr: 0.000100  max_mem: 5159M      
[2026-01-21 14:03:25]   epoch: [1/100]  step: [480/4155] (11.6%)  eta_epoch: 8:55  eta_total: 16:47:09  loss: 3.0421  time: 0.137  data_time: 0.001  forward_time: 0.048  backward_time: 0.076  lr: 0.000100  max_mem: 5159M      
[2026-01-21 14:03:27]   epoch: [1/100]  step: [490/4155] (11.8%)  eta_epoch: 8:53  eta_total: 16:46:57  loss: 2.5300  time: 0.138  data_time: 0.001  forward_time: 0.049  backward_time: 0.073  lr: 0.000100  max_mem: 5159M      
[2026-01-21 14:03:28]   epoch: [1/100]  step: [500/4155] (12.0%)  eta_epoch: 8:51  eta_total: 16:45:39  loss: 2.9635  time: 0.125  data_time: 0.001  forward_time: 0.035  backward_time: 0.072  lr: 0.000100  max_mem: 5159M      
[2026-01-21 14:03:29]   epoch: [1/100]  step: [510/4155] (12.3%)  eta_epoch: 8:50  eta_total: 16:47:02  loss: 2.8990  time: 0.133  data_time: 0.001  forward_time: 0.043  backward_time: 0.076  lr: 0.000100  max_mem: 5159M      
[2026-01-21 14:03:31]   epoch: [1/100]  step: [520/4155] (12.5%)  eta_epoch: 8:49  eta_total: 16:47:48  loss: 2.9730  time: 0.136  data_time: 0.001  forward_time: 0.047  backward_time: 0.071  lr: 0.000100  max_mem: 5159M      
[2026-01-21 14:03:32]   epoch: [1/100]  step: [530/4155] (12.8%)  eta_epoch: 8:46  eta_total: 16:44:26  loss: 3.0274  time: 0.138  data_time: 0.001  forward_time: 0.048  backward_time: 0.074  lr: 0.000100  max_mem: 5159M      
[2026-01-21 14:03:34]   epoch: [1/100]  step: [540/4155] (13.0%)  eta_epoch: 8:44  eta_total: 16:42:49  loss: 2.8366  time: 0.122  data_time: 0.001  forward_time: 0.033  backward_time: 0.072  lr: 0.000100  max_mem: 5159M      
