[2026-01-21 13:36:33]   ROOT_DIR: /dataset/songzhang/SMore_dev/learning/MedViTV2    
[2026-01-21 13:36:33]   LOG_PATH: /dataset/songzhang/SMore_dev/learning/MedViTV2/logs/2026-01-21_13-36-33.log    
[2026-01-21 13:36:33]   Using cuda:0 device.    
[2026-01-21 13:36:35]   Dataset is available at: /dataset/songzhang/SMore_dev/learning/MedViTV2/temp/fabric    
[2026-01-21 13:36:35]   Number of classes: 27    
[2026-01-21 13:36:35]   Class names: ['canvas', 'chambray', 'chenille', 'chiffon', 'corduroy', 'crepe', 'denim', 'faux_fur', 'faux_leather', 'flannel', 'fleece', 'gingham', 'jersey', 'knit', 'lace', 'lawn', 'neoprene', 'organza', 'plush', 'satin', 'serge', 'taffeta', 'tulle', 'tweed', 'twill', 'velvet', 'vinyl']    
[2026-01-21 13:36:36]   initialize_weights...    
[2026-01-21 13:36:37]   (ImageFolder) Dataset ImageFolder
    Number of datapoints: 99716
    Root location: /dataset/songzhang/SMore_dev/learning/MedViTV2/temp/fabric/train
    StandardTransform
Transform: Compose(
               RandomResizedCrop(size=(224, 224), scale=(0.08, 1.0), ratio=(0.75, 1.3333), interpolation=bilinear, antialias=True)
               AugMix(severity=3, mixture_width=3, chain_depth=-1, alpha=0.4, all_ops=True, interpolation=InterpolationMode.BILINEAR, fill=None)
               RandomHorizontalFlip(p=0.4)
               ToTensor()
               Normalize(mean=[0.5], std=[0.5])
           )    
[2026-01-21 13:36:37]   ===================    
[2026-01-21 13:36:37]   (ImageFolder) Dataset ImageFolder
    Number of datapoints: 24629
    Root location: /dataset/songzhang/SMore_dev/learning/MedViTV2/temp/fabric/test
    StandardTransform
Transform: Compose(
               Resize(size=(224, 224), interpolation=bilinear, max_size=None, antialias=True)
               ToTensor()
               Normalize(mean=[0.5], std=[0.5])
           )    
[2026-01-21 13:36:41]   epoch: [1/100]  step: [10/4155] (0.2%)  eta_epoch: 16:48  eta_total: 28:04:45  loss: 3.3067  time: 0.115  data_time: 0.001  forward_time: 0.038  backward_time: 0.054  lr: 0.000100  max_mem: 5159M  iter: 10    
[2026-01-21 13:36:43]   epoch: [1/100]  step: [20/4155] (0.5%)  eta_epoch: 12:32  eta_total: 21:00:56  loss: 3.1949  time: 0.114  data_time: 0.001  forward_time: 0.034  backward_time: 0.042  lr: 0.000100  max_mem: 5159M  iter: 20    
[2026-01-21 13:36:44]   epoch: [1/100]  step: [30/4155] (0.7%)  eta_epoch: 11:03  eta_total: 18:34:26  loss: 3.3259  time: 0.122  data_time: 0.001  forward_time: 0.047  backward_time: 0.047  lr: 0.000100  max_mem: 5159M  iter: 30    
[2026-01-21 13:36:46]   epoch: [1/100]  step: [40/4155] (1.0%)  eta_epoch: 10:16  eta_total: 17:17:04  loss: 3.3241  time: 0.114  data_time: 0.001  forward_time: 0.032  backward_time: 0.052  lr: 0.000100  max_mem: 5159M  iter: 40    
[2026-01-21 13:36:47]   epoch: [1/100]  step: [50/4155] (1.2%)  eta_epoch: 9:50  eta_total: 16:36:28  loss: 3.2383  time: 0.113  data_time: 0.001  forward_time: 0.032  backward_time: 0.057  lr: 0.000100  max_mem: 5159M  iter: 50    
[2026-01-21 13:36:49]   epoch: [1/100]  step: [60/4155] (1.4%)  eta_epoch: 8:08  eta_total: 13:46:19  loss: 3.2161  time: 0.127  data_time: 0.001  forward_time: 0.037  backward_time: 0.072  lr: 0.000100  max_mem: 5159M  iter: 60    
[2026-01-21 13:36:50]   epoch: [1/100]  step: [70/4155] (1.7%)  eta_epoch: 8:10  eta_total: 13:51:23  loss: 3.2929  time: 0.127  data_time: 0.001  forward_time: 0.044  backward_time: 0.060  lr: 0.000100  max_mem: 5159M  iter: 70    
[2026-01-21 13:36:52]   epoch: [1/100]  step: [80/4155] (1.9%)  eta_epoch: 8:05  eta_total: 13:45:35  loss: 3.2964  time: 0.114  data_time: 0.001  forward_time: 0.027  backward_time: 0.058  lr: 0.000100  max_mem: 5159M  iter: 80    
[2026-01-21 13:36:53]   epoch: [1/100]  step: [90/4155] (2.2%)  eta_epoch: 8:09  eta_total: 13:53:02  loss: 3.0048  time: 0.113  data_time: 0.001  forward_time: 0.035  backward_time: 0.046  lr: 0.000100  max_mem: 5159M  iter: 90    
[2026-01-21 13:36:54]   epoch: [1/100]  step: [100/4155] (2.4%)  eta_epoch: 8:16  eta_total: 14:08:07  loss: 3.3010  time: 0.124  data_time: 0.001  forward_time: 0.036  backward_time: 0.072  lr: 0.000100  max_mem: 5159M  iter: 100    
[2026-01-21 13:36:56]   epoch: [1/100]  step: [110/4155] (2.6%)  eta_epoch: 8:16  eta_total: 14:10:32  loss: 3.0967  time: 0.121  data_time: 0.001  forward_time: 0.033  backward_time: 0.067  lr: 0.000100  max_mem: 5159M  iter: 110    
[2026-01-21 13:36:57]   epoch: [1/100]  step: [120/4155] (2.9%)  eta_epoch: 8:10  eta_total: 14:01:34  loss: 3.0897  time: 0.114  data_time: 0.001  forward_time: 0.029  backward_time: 0.044  lr: 0.000100  max_mem: 5159M  iter: 120    
[2026-01-21 13:36:58]   epoch: [1/100]  step: [130/4155] (3.1%)  eta_epoch: 8:12  eta_total: 14:06:45  loss: 3.0562  time: 0.120  data_time: 0.001  forward_time: 0.045  backward_time: 0.049  lr: 0.000100  max_mem: 5159M  iter: 130    
[2026-01-21 13:36:59]   epoch: [1/100]  step: [140/4155] (3.4%)  eta_epoch: 8:08  eta_total: 14:01:37  loss: 3.0856  time: 0.114  data_time: 0.001  forward_time: 0.036  backward_time: 0.045  lr: 0.000100  max_mem: 5159M  iter: 140    
[2026-01-21 13:37:01]   epoch: [1/100]  step: [150/4155] (3.6%)  eta_epoch: 7:57  eta_total: 13:45:54  loss: 3.2271  time: 0.127  data_time: 0.001  forward_time: 0.035  backward_time: 0.071  lr: 0.000100  max_mem: 5159M  iter: 150    
[2026-01-21 13:37:03]   epoch: [1/100]  step: [160/4155] (3.9%)  eta_epoch: 8:02  eta_total: 13:55:15  loss: 3.2888  time: 0.137  data_time: 0.001  forward_time: 0.061  backward_time: 0.056  lr: 0.000100  max_mem: 5159M  iter: 160    
[2026-01-21 13:37:04]   epoch: [1/100]  step: [170/4155] (4.1%)  eta_epoch: 8:06  eta_total: 14:05:48  loss: 3.2973  time: 0.114  data_time: 0.001  forward_time: 0.035  backward_time: 0.046  lr: 0.000100  max_mem: 5159M  iter: 170    
[2026-01-21 13:37:05]   epoch: [1/100]  step: [180/4155] (4.3%)  eta_epoch: 8:10  eta_total: 14:14:49  loss: 3.2947  time: 0.122  data_time: 0.001  forward_time: 0.033  backward_time: 0.075  lr: 0.000100  max_mem: 5159M  iter: 180    
[2026-01-21 13:37:07]   epoch: [1/100]  step: [190/4155] (4.6%)  eta_epoch: 8:17  eta_total: 14:28:03  loss: 3.1641  time: 0.114  data_time: 0.001  forward_time: 0.032  backward_time: 0.051  lr: 0.000100  max_mem: 5159M  iter: 190    
[2026-01-21 13:37:08]   epoch: [1/100]  step: [200/4155] (4.8%)  eta_epoch: 8:14  eta_total: 14:26:10  loss: 2.8898  time: 0.120  data_time: 0.001  forward_time: 0.045  backward_time: 0.053  lr: 0.000100  max_mem: 5159M  iter: 200    
[2026-01-21 13:37:10]   epoch: [1/100]  step: [210/4155] (5.1%)  eta_epoch: 8:02  eta_total: 14:07:12  loss: 3.3604  time: 0.113  data_time: 0.001  forward_time: 0.034  backward_time: 0.048  lr: 0.000100  max_mem: 5159M  iter: 210    
[2026-01-21 13:37:11]   epoch: [1/100]  step: [220/4155] (5.3%)  eta_epoch: 7:55  eta_total: 13:56:02  loss: 2.9739  time: 0.114  data_time: 0.001  forward_time: 0.027  backward_time: 0.041  lr: 0.000100  max_mem: 5159M  iter: 220    
[2026-01-21 13:37:12]   epoch: [1/100]  step: [230/4155] (5.5%)  eta_epoch: 8:00  eta_total: 14:07:14  loss: 2.9897  time: 0.131  data_time: 0.001  forward_time: 0.046  backward_time: 0.065  lr: 0.000100  max_mem: 5159M  iter: 230    
[2026-01-21 13:37:14]   epoch: [1/100]  step: [240/4155] (5.8%)  eta_epoch: 7:59  eta_total: 14:07:33  loss: 3.0538  time: 0.123  data_time: 0.001  forward_time: 0.035  backward_time: 0.074  lr: 0.000100  max_mem: 5159M  iter: 240    
[2026-01-21 13:37:15]   epoch: [1/100]  step: [250/4155] (6.0%)  eta_epoch: 8:05  eta_total: 14:21:11  loss: 3.1491  time: 0.136  data_time: 0.001  forward_time: 0.046  backward_time: 0.069  lr: 0.000100  max_mem: 5159M  iter: 250    
[2026-01-21 13:37:17]   epoch: [1/100]  step: [260/4155] (6.3%)  eta_epoch: 8:14  eta_total: 14:38:15  loss: 3.2704  time: 0.125  data_time: 0.002  forward_time: 0.048  backward_time: 0.048  lr: 0.000100  max_mem: 5159M  iter: 260    
[2026-01-21 13:37:19]   epoch: [1/100]  step: [270/4155] (6.5%)  eta_epoch: 8:14  eta_total: 14:41:00  loss: 3.1579  time: 0.132  data_time: 0.001  forward_time: 0.053  backward_time: 0.056  lr: 0.000100  max_mem: 5159M  iter: 270    
[2026-01-21 13:37:21]   epoch: [1/100]  step: [280/4155] (6.7%)  eta_epoch: 8:08  eta_total: 14:32:03  loss: 2.9803  time: 0.133  data_time: 0.001  forward_time: 0.048  backward_time: 0.064  lr: 0.000100  max_mem: 5159M  iter: 280    
[2026-01-21 13:37:22]   epoch: [1/100]  step: [290/4155] (7.0%)  eta_epoch: 8:01  eta_total: 14:22:19  loss: 3.2994  time: 0.122  data_time: 0.001  forward_time: 0.046  backward_time: 0.041  lr: 0.000100  max_mem: 5159M  iter: 290    
[2026-01-21 13:37:24]   epoch: [1/100]  step: [300/4155] (7.2%)  eta_epoch: 8:00  eta_total: 14:22:27  loss: 2.9459  time: 0.126  data_time: 0.002  forward_time: 0.047  backward_time: 0.056  lr: 0.000100  max_mem: 5159M  iter: 300    
[2026-01-21 13:37:25]   epoch: [1/100]  step: [310/4155] (7.5%)  eta_epoch: 7:56  eta_total: 14:17:58  loss: 2.8609  time: 0.114  data_time: 0.001  forward_time: 0.033  backward_time: 0.046  lr: 0.000100  max_mem: 5159M  iter: 310    
[2026-01-21 13:37:27]   epoch: [1/100]  step: [320/4155] (7.7%)  eta_epoch: 7:56  eta_total: 14:19:15  loss: 3.1238  time: 0.120  data_time: 0.001  forward_time: 0.033  backward_time: 0.067  lr: 0.000100  max_mem: 5159M  iter: 320    
[2026-01-21 13:37:29]   epoch: [1/100]  step: [330/4155] (7.9%)  eta_epoch: 7:51  eta_total: 14:13:10  loss: 2.4938  time: 0.114  data_time: 0.001  forward_time: 0.032  backward_time: 0.045  lr: 0.000100  max_mem: 5159M  iter: 330    
[2026-01-21 13:37:30]   epoch: [1/100]  step: [340/4155] (8.2%)  eta_epoch: 7:47  eta_total: 14:07:01  loss: 2.9149  time: 0.114  data_time: 0.001  forward_time: 0.033  backward_time: 0.042  lr: 0.000100  max_mem: 5159M  iter: 340    
[2026-01-21 13:37:32]   epoch: [1/100]  step: [350/4155] (8.4%)  eta_epoch: 7:42  eta_total: 14:01:14  loss: 3.2252  time: 0.117  data_time: 0.001  forward_time: 0.041  backward_time: 0.048  lr: 0.000100  max_mem: 5159M  iter: 350    
[2026-01-21 13:37:33]   epoch: [1/100]  step: [360/4155] (8.7%)  eta_epoch: 7:41  eta_total: 14:01:49  loss: 2.9189  time: 0.114  data_time: 0.001  forward_time: 0.033  backward_time: 0.043  lr: 0.000100  max_mem: 5159M  iter: 360    
[2026-01-21 13:37:35]   epoch: [1/100]  step: [370/4155] (8.9%)  eta_epoch: 7:43  eta_total: 14:06:27  loss: 3.1082  time: 0.114  data_time: 0.001  forward_time: 0.035  backward_time: 0.041  lr: 0.000100  max_mem: 5159M  iter: 370    
[2026-01-21 13:37:36]   epoch: [1/100]  step: [380/4155] (9.1%)  eta_epoch: 7:41  eta_total: 14:06:39  loss: 3.1323  time: 0.116  data_time: 0.001  forward_time: 0.040  backward_time: 0.042  lr: 0.000100  max_mem: 5159M  iter: 380    
[2026-01-21 13:37:38]   epoch: [1/100]  step: [390/4155] (9.4%)  eta_epoch: 7:44  eta_total: 14:13:44  loss: 3.0355  time: 0.119  data_time: 0.001  forward_time: 0.043  backward_time: 0.036  lr: 0.000100  max_mem: 5159M  iter: 390    
[2026-01-21 13:37:39]   epoch: [1/100]  step: [400/4155] (9.6%)  eta_epoch: 7:40  eta_total: 14:09:17  loss: 3.0925  time: 0.121  data_time: 0.002  forward_time: 0.045  backward_time: 0.036  lr: 0.000100  max_mem: 5159M  iter: 400    
[2026-01-21 13:37:41]   epoch: [1/100]  step: [410/4155] (9.9%)  eta_epoch: 7:45  eta_total: 14:19:11  loss: 3.3667  time: 0.141  data_time: 0.001  forward_time: 0.056  backward_time: 0.069  lr: 0.000100  max_mem: 5159M  iter: 410    
[2026-01-21 13:37:43]   epoch: [1/100]  step: [420/4155] (10.1%)  eta_epoch: 7:55  eta_total: 14:40:35  loss: 2.9944  time: 0.114  data_time: 0.001  forward_time: 0.033  backward_time: 0.053  lr: 0.000100  max_mem: 5159M  iter: 420    
[2026-01-21 13:37:44]   epoch: [1/100]  step: [430/4155] (10.3%)  eta_epoch: 7:53  eta_total: 14:39:38  loss: 2.6878  time: 0.114  data_time: 0.001  forward_time: 0.029  backward_time: 0.058  lr: 0.000100  max_mem: 5159M  iter: 430    
[2026-01-21 13:37:45]   epoch: [1/100]  step: [440/4155] (10.6%)  eta_epoch: 7:47  eta_total: 14:30:50  loss: 3.2285  time: 0.115  data_time: 0.001  forward_time: 0.039  backward_time: 0.036  lr: 0.000100  max_mem: 5159M  iter: 440    
[2026-01-21 13:37:47]   epoch: [1/100]  step: [450/4155] (10.8%)  eta_epoch: 7:47  eta_total: 14:32:28  loss: 2.9962  time: 0.135  data_time: 0.001  forward_time: 0.046  backward_time: 0.073  lr: 0.000100  max_mem: 5159M  iter: 450    
[2026-01-21 13:37:48]   epoch: [1/100]  step: [460/4155] (11.1%)  eta_epoch: 7:43  eta_total: 14:27:06  loss: 2.6638  time: 0.137  data_time: 0.001  forward_time: 0.048  backward_time: 0.071  lr: 0.000100  max_mem: 5159M  iter: 460    
[2026-01-21 13:37:50]   epoch: [1/100]  step: [470/4155] (11.3%)  eta_epoch: 7:26  eta_total: 13:58:27  loss: 2.9742  time: 0.114  data_time: 0.001  forward_time: 0.028  backward_time: 0.038  lr: 0.000100  max_mem: 5159M  iter: 470    
[2026-01-21 13:37:51]   epoch: [1/100]  step: [480/4155] (11.6%)  eta_epoch: 7:20  eta_total: 13:48:33  loss: 2.9199  time: 0.115  data_time: 0.001  forward_time: 0.028  backward_time: 0.042  lr: 0.000100  max_mem: 5159M  iter: 480    
[2026-01-21 13:37:53]   epoch: [1/100]  step: [490/4155] (11.8%)  eta_epoch: 7:23  eta_total: 13:56:55  loss: 2.4357  time: 0.122  data_time: 0.001  forward_time: 0.034  backward_time: 0.069  lr: 0.000100  max_mem: 5159M  iter: 490    
[2026-01-21 13:37:55]   epoch: [1/100]  step: [500/4155] (12.0%)  eta_epoch: 7:23  eta_total: 14:00:05  loss: 2.9756  time: 0.126  data_time: 0.001  forward_time: 0.048  backward_time: 0.050  lr: 0.000100  max_mem: 5159M  iter: 500    
[2026-01-21 13:37:56]   epoch: [1/100]  step: [510/4155] (12.3%)  eta_epoch: 7:19  eta_total: 13:54:33  loss: 2.8033  time: 0.115  data_time: 0.001  forward_time: 0.032  backward_time: 0.042  lr: 0.000100  max_mem: 5159M  iter: 510    
[2026-01-21 13:37:58]   epoch: [1/100]  step: [520/4155] (12.5%)  eta_epoch: 7:17  eta_total: 13:52:17  loss: 3.0934  time: 0.115  data_time: 0.001  forward_time: 0.033  backward_time: 0.043  lr: 0.000100  max_mem: 5159M  iter: 520    
[2026-01-21 13:37:59]   epoch: [1/100]  step: [530/4155] (12.8%)  eta_epoch: 7:17  eta_total: 13:55:25  loss: 2.9458  time: 0.114  data_time: 0.001  forward_time: 0.023  backward_time: 0.054  lr: 0.000100  max_mem: 5159M  iter: 530    
[2026-01-21 13:38:01]   epoch: [1/100]  step: [540/4155] (13.0%)  eta_epoch: 7:20  eta_total: 14:03:08  loss: 2.8055  time: 0.120  data_time: 0.001  forward_time: 0.043  backward_time: 0.042  lr: 0.000100  max_mem: 5159M  iter: 540    
[2026-01-21 13:38:03]   epoch: [1/100]  step: [550/4155] (13.2%)  eta_epoch: 7:15  eta_total: 13:54:51  loss: 2.3653  time: 0.114  data_time: 0.001  forward_time: 0.031  backward_time: 0.042  lr: 0.000100  max_mem: 5159M  iter: 550    
[2026-01-21 13:38:05]   epoch: [1/100]  step: [560/4155] (13.5%)  eta_epoch: 7:11  eta_total: 13:49:30  loss: 2.9220  time: 0.120  data_time: 0.001  forward_time: 0.045  backward_time: 0.042  lr: 0.000100  max_mem: 5159M  iter: 560    
[2026-01-21 13:38:06]   epoch: [1/100]  step: [570/4155] (13.7%)  eta_epoch: 7:13  eta_total: 13:56:41  loss: 2.6871  time: 0.115  data_time: 0.001  forward_time: 0.034  backward_time: 0.042  lr: 0.000100  max_mem: 5159M  iter: 570    
[2026-01-21 13:38:07]   epoch: [1/100]  step: [580/4155] (14.0%)  eta_epoch: 7:13  eta_total: 13:59:07  loss: 3.2445  time: 0.131  data_time: 0.001  forward_time: 0.040  backward_time: 0.076  lr: 0.000100  max_mem: 5159M  iter: 580    
[2026-01-21 13:38:09]   epoch: [1/100]  step: [590/4155] (14.2%)  eta_epoch: 7:09  eta_total: 13:52:54  loss: 2.7316  time: 0.114  data_time: 0.001  forward_time: 0.033  backward_time: 0.036  lr: 0.000100  max_mem: 5159M  iter: 590    
[2026-01-21 13:38:10]   epoch: [1/100]  step: [600/4155] (14.4%)  eta_epoch: 7:05  eta_total: 13:47:00  loss: 2.7900  time: 0.115  data_time: 0.001  forward_time: 0.027  backward_time: 0.033  lr: 0.000100  max_mem: 5159M  iter: 600    
[2026-01-21 13:38:12]   epoch: [1/100]  step: [610/4155] (14.7%)  eta_epoch: 7:01  eta_total: 13:42:24  loss: 2.3955  time: 0.132  data_time: 0.001  forward_time: 0.056  backward_time: 0.048  lr: 0.000100  max_mem: 5159M  iter: 610    
[2026-01-21 13:38:13]   epoch: [1/100]  step: [620/4155] (14.9%)  eta_epoch: 7:00  eta_total: 13:42:14  loss: 2.9500  time: 0.124  data_time: 0.001  forward_time: 0.047  backward_time: 0.045  lr: 0.000100  max_mem: 5159M  iter: 620    
[2026-01-21 13:38:15]   epoch: [1/100]  step: [630/4155] (15.2%)  eta_epoch: 7:02  eta_total: 13:48:43  loss: 2.5897  time: 0.119  data_time: 0.001  forward_time: 0.035  backward_time: 0.063  lr: 0.000100  max_mem: 5159M  iter: 630    
[2026-01-21 13:38:17]   epoch: [1/100]  step: [640/4155] (15.4%)  eta_epoch: 7:01  eta_total: 13:49:25  loss: 2.6503  time: 0.114  data_time: 0.001  forward_time: 0.034  backward_time: 0.051  lr: 0.000100  max_mem: 5159M  iter: 640    
[2026-01-21 13:38:18]   epoch: [1/100]  step: [650/4155] (15.6%)  eta_epoch: 7:05  eta_total: 13:58:58  loss: 2.6737  time: 0.120  data_time: 0.001  forward_time: 0.034  backward_time: 0.065  lr: 0.000100  max_mem: 5159M  iter: 650    
[2026-01-21 13:38:20]   epoch: [1/100]  step: [660/4155] (15.9%)  eta_epoch: 7:11  eta_total: 14:14:16  loss: 2.6734  time: 0.115  data_time: 0.001  forward_time: 0.032  backward_time: 0.037  lr: 0.000100  max_mem: 5159M  iter: 660    
[2026-01-21 13:38:21]   epoch: [1/100]  step: [670/4155] (16.1%)  eta_epoch: 7:07  eta_total: 14:07:12  loss: 2.6744  time: 0.115  data_time: 0.001  forward_time: 0.033  backward_time: 0.041  lr: 0.000100  max_mem: 5159M  iter: 670    
[2026-01-21 13:38:23]   epoch: [1/100]  step: [680/4155] (16.4%)  eta_epoch: 7:02  eta_total: 14:00:33  loss: 2.8844  time: 0.115  data_time: 0.002  forward_time: 0.038  backward_time: 0.052  lr: 0.000100  max_mem: 5159M  iter: 680    
[2026-01-21 13:38:24]   epoch: [1/100]  step: [690/4155] (16.6%)  eta_epoch: 6:57  eta_total: 13:52:47  loss: 2.6498  time: 0.115  data_time: 0.001  forward_time: 0.032  backward_time: 0.043  lr: 0.000100  max_mem: 5159M  iter: 690    
[2026-01-21 13:38:26]   epoch: [1/100]  step: [700/4155] (16.8%)  eta_epoch: 6:56  eta_total: 13:52:28  loss: 3.1516  time: 0.133  data_time: 0.001  forward_time: 0.057  backward_time: 0.048  lr: 0.000100  max_mem: 5159M  iter: 700    
[2026-01-21 13:38:27]   epoch: [1/100]  step: [710/4155] (17.1%)  eta_epoch: 6:51  eta_total: 13:45:20  loss: 2.8188  time: 0.127  data_time: 0.002  forward_time: 0.049  backward_time: 0.058  lr: 0.000100  max_mem: 5159M  iter: 710    
[2026-01-21 13:38:29]   epoch: [1/100]  step: [720/4155] (17.3%)  eta_epoch: 6:57  eta_total: 13:59:15  loss: 2.5242  time: 0.136  data_time: 0.002  forward_time: 0.057  backward_time: 0.057  lr: 0.000100  max_mem: 5159M  iter: 720    
[2026-01-21 13:38:30]   epoch: [1/100]  step: [730/4155] (17.6%)  eta_epoch: 6:56  eta_total: 14:01:18  loss: 2.2134  time: 0.126  data_time: 0.001  forward_time: 0.045  backward_time: 0.059  lr: 0.000100  max_mem: 5159M  iter: 730    
[2026-01-21 13:38:32]   epoch: [1/100]  step: [740/4155] (17.8%)  eta_epoch: 6:54  eta_total: 13:58:35  loss: 2.7199  time: 0.114  data_time: 0.001  forward_time: 0.027  backward_time: 0.053  lr: 0.000100  max_mem: 5159M  iter: 740    
[2026-01-21 13:38:34]   epoch: [1/100]  step: [750/4155] (18.1%)  eta_epoch: 6:55  eta_total: 14:03:06  loss: 2.4906  time: 0.130  data_time: 0.001  forward_time: 0.053  backward_time: 0.053  lr: 0.000100  max_mem: 5159M  iter: 750    
[2026-01-21 13:38:35]   epoch: [1/100]  step: [760/4155] (18.3%)  eta_epoch: 6:51  eta_total: 13:57:35  loss: 2.8510  time: 0.116  data_time: 0.001  forward_time: 0.039  backward_time: 0.043  lr: 0.000100  max_mem: 5159M  iter: 760    
[2026-01-21 13:38:37]   epoch: [1/100]  step: [770/4155] (18.5%)  eta_epoch: 6:48  eta_total: 13:54:01  loss: 2.4477  time: 0.122  data_time: 0.001  forward_time: 0.045  backward_time: 0.057  lr: 0.000100  max_mem: 5159M  iter: 770    
[2026-01-21 13:38:38]   epoch: [1/100]  step: [780/4155] (18.8%)  eta_epoch: 6:52  eta_total: 14:04:03  loss: 2.7422  time: 0.121  data_time: 0.001  forward_time: 0.044  backward_time: 0.050  lr: 0.000100  max_mem: 5159M  iter: 780    
[2026-01-21 13:38:40]   epoch: [1/100]  step: [790/4155] (19.0%)  eta_epoch: 6:51  eta_total: 14:06:08  loss: 2.8422  time: 0.116  data_time: 0.001  forward_time: 0.031  backward_time: 0.045  lr: 0.000100  max_mem: 5159M  iter: 790    
[2026-01-21 13:38:41]   epoch: [1/100]  step: [800/4155] (19.3%)  eta_epoch: 6:44  eta_total: 13:52:31  loss: 2.6331  time: 0.115  data_time: 0.001  forward_time: 0.025  backward_time: 0.040  lr: 0.000100  max_mem: 5159M  iter: 800    
[2026-01-21 13:38:43]   epoch: [1/100]  step: [810/4155] (19.5%)  eta_epoch: 6:41  eta_total: 13:49:49  loss: 2.4777  time: 0.115  data_time: 0.001  forward_time: 0.032  backward_time: 0.031  lr: 0.000100  max_mem: 5159M  iter: 810    
[2026-01-21 13:38:44]   epoch: [1/100]  step: [820/4155] (19.7%)  eta_epoch: 6:37  eta_total: 13:42:52  loss: 2.2414  time: 0.115  data_time: 0.001  forward_time: 0.032  backward_time: 0.039  lr: 0.000100  max_mem: 5159M  iter: 820    
[2026-01-21 13:38:46]   epoch: [1/100]  step: [830/4155] (20.0%)  eta_epoch: 6:30  eta_total: 13:31:34  loss: 2.7054  time: 0.115  data_time: 0.001  forward_time: 0.034  backward_time: 0.035  lr: 0.000100  max_mem: 5159M  iter: 830    
[2026-01-21 13:38:47]   epoch: [1/100]  step: [840/4155] (20.2%)  eta_epoch: 6:29  eta_total: 13:32:01  loss: 2.3672  time: 0.115  data_time: 0.001  forward_time: 0.035  backward_time: 0.046  lr: 0.000100  max_mem: 5159M  iter: 840    
[2026-01-21 13:38:49]   epoch: [1/100]  step: [850/4155] (20.5%)  eta_epoch: 6:33  eta_total: 13:43:25  loss: 2.5936  time: 0.122  data_time: 0.001  forward_time: 0.045  backward_time: 0.044  lr: 0.000100  max_mem: 5159M  iter: 850    
[2026-01-21 13:38:50]   epoch: [1/100]  step: [860/4155] (20.7%)  eta_epoch: 6:34  eta_total: 13:46:52  loss: 2.6685  time: 0.115  data_time: 0.001  forward_time: 0.035  backward_time: 0.047  lr: 0.000100  max_mem: 5159M  iter: 860    
[2026-01-21 13:38:52]   epoch: [1/100]  step: [870/4155] (20.9%)  eta_epoch: 6:35  eta_total: 13:51:37  loss: 2.4326  time: 0.133  data_time: 0.001  forward_time: 0.044  backward_time: 0.068  lr: 0.000100  max_mem: 5159M  iter: 870    
[2026-01-21 13:38:53]   epoch: [1/100]  step: [880/4155] (21.2%)  eta_epoch: 6:36  eta_total: 13:56:56  loss: 2.1927  time: 0.134  data_time: 0.001  forward_time: 0.047  backward_time: 0.071  lr: 0.000100  max_mem: 5159M  iter: 880    
[2026-01-21 13:38:55]   epoch: [1/100]  step: [890/4155] (21.4%)  eta_epoch: 6:44  eta_total: 14:15:45  loss: 2.5217  time: 0.139  data_time: 0.001  forward_time: 0.052  backward_time: 0.070  lr: 0.000100  max_mem: 5159M  iter: 890    
[2026-01-21 13:38:56]   epoch: [1/100]  step: [900/4155] (21.7%)  eta_epoch: 6:46  eta_total: 14:22:09  loss: 2.5127  time: 0.131  data_time: 0.001  forward_time: 0.041  backward_time: 0.074  lr: 0.000100  max_mem: 5159M  iter: 900    
[2026-01-21 13:38:58]   epoch: [1/100]  step: [910/4155] (21.9%)  eta_epoch: 6:47  eta_total: 14:28:24  loss: 2.3185  time: 0.122  data_time: 0.001  forward_time: 0.033  backward_time: 0.072  lr: 0.000100  max_mem: 5159M  iter: 910    
[2026-01-21 13:38:59]   epoch: [1/100]  step: [920/4155] (22.1%)  eta_epoch: 6:48  eta_total: 14:31:57  loss: 2.4017  time: 0.120  data_time: 0.001  forward_time: 0.044  backward_time: 0.050  lr: 0.000100  max_mem: 5159M  iter: 920    
[2026-01-21 13:39:01]   epoch: [1/100]  step: [930/4155] (22.4%)  eta_epoch: 6:51  eta_total: 14:40:43  loss: 2.6961  time: 0.125  data_time: 0.001  forward_time: 0.048  backward_time: 0.052  lr: 0.000100  max_mem: 5159M  iter: 930    
[2026-01-21 13:39:03]   epoch: [1/100]  step: [940/4155] (22.6%)  eta_epoch: 6:45  eta_total: 14:31:33  loss: 2.5882  time: 0.115  data_time: 0.001  forward_time: 0.029  backward_time: 0.043  lr: 0.000100  max_mem: 5159M  iter: 940    
[2026-01-21 13:39:04]   epoch: [1/100]  step: [950/4155] (22.9%)  eta_epoch: 6:38  eta_total: 14:19:46  loss: 2.2908  time: 0.133  data_time: 0.001  forward_time: 0.052  backward_time: 0.056  lr: 0.000100  max_mem: 5159M  iter: 950    
[2026-01-21 13:39:06]   epoch: [1/100]  step: [960/4155] (23.1%)  eta_epoch: 6:33  eta_total: 14:09:55  loss: 2.3033  time: 0.115  data_time: 0.001  forward_time: 0.034  backward_time: 0.044  lr: 0.000100  max_mem: 5159M  iter: 960    
[2026-01-21 13:39:07]   epoch: [1/100]  step: [970/4155] (23.3%)  eta_epoch: 6:30  eta_total: 14:06:05  loss: 2.3724  time: 0.127  data_time: 0.001  forward_time: 0.042  backward_time: 0.068  lr: 0.000100  max_mem: 5159M  iter: 970    
[2026-01-21 13:39:09]   epoch: [1/100]  step: [980/4155] (23.6%)  eta_epoch: 6:28  eta_total: 14:05:35  loss: 2.5838  time: 0.129  data_time: 0.001  forward_time: 0.043  backward_time: 0.067  lr: 0.000100  max_mem: 5159M  iter: 980    
[2026-01-21 13:39:10]   epoch: [1/100]  step: [990/4155] (23.8%)  eta_epoch: 6:28  eta_total: 14:07:50  loss: 2.2400  time: 0.133  data_time: 0.001  forward_time: 0.044  backward_time: 0.074  lr: 0.000100  max_mem: 5159M  iter: 990    
[2026-01-21 13:39:12]   epoch: [1/100]  step: [1000/4155] (24.1%)  eta_epoch: 6:30  eta_total: 14:16:01  loss: 2.4729  time: 0.115  data_time: 0.001  forward_time: 0.036  backward_time: 0.042  lr: 0.000100  max_mem: 5159M  iter: 1000    
[2026-01-21 13:39:13]   epoch: [1/100]  step: [1010/4155] (24.3%)  eta_epoch: 6:30  eta_total: 14:17:47  loss: 2.0640  time: 0.122  data_time: 0.002  forward_time: 0.045  backward_time: 0.045  lr: 0.000100  max_mem: 5159M  iter: 1010    
[2026-01-21 13:39:15]   epoch: [1/100]  step: [1020/4155] (24.5%)  eta_epoch: 6:26  eta_total: 14:11:39  loss: 2.6166  time: 0.121  data_time: 0.001  forward_time: 0.045  backward_time: 0.037  lr: 0.000100  max_mem: 5159M  iter: 1020    
[2026-01-21 13:39:16]   epoch: [1/100]  step: [1030/4155] (24.8%)  eta_epoch: 6:19  eta_total: 13:58:39  loss: 2.4591  time: 0.122  data_time: 0.001  forward_time: 0.034  backward_time: 0.072  lr: 0.000100  max_mem: 5159M  iter: 1030    
[2026-01-21 13:39:17]   epoch: [1/100]  step: [1040/4155] (25.0%)  eta_epoch: 6:12  eta_total: 13:45:40  loss: 2.0694  time: 0.115  data_time: 0.001  forward_time: 0.031  backward_time: 0.048  lr: 0.000100  max_mem: 5159M  iter: 1040    
[2026-01-21 13:39:19]   epoch: [1/100]  step: [1050/4155] (25.3%)  eta_epoch: 6:07  eta_total: 13:38:38  loss: 2.0677  time: 0.115  data_time: 0.001  forward_time: 0.028  backward_time: 0.044  lr: 0.000100  max_mem: 5159M  iter: 1050    
[2026-01-21 13:39:20]   epoch: [1/100]  step: [1060/4155] (25.5%)  eta_epoch: 6:04  eta_total: 13:34:18  loss: 2.4334  time: 0.117  data_time: 0.001  forward_time: 0.027  backward_time: 0.069  lr: 0.000100  max_mem: 5159M  iter: 1060    
[2026-01-21 13:39:22]   epoch: [1/100]  step: [1070/4155] (25.8%)  eta_epoch: 6:02  eta_total: 13:31:55  loss: 2.1305  time: 0.127  data_time: 0.001  forward_time: 0.045  backward_time: 0.059  lr: 0.000100  max_mem: 5159M  iter: 1070    
[2026-01-21 13:39:23]   epoch: [1/100]  step: [1080/4155] (26.0%)  eta_epoch: 6:05  eta_total: 13:39:57  loss: 1.9404  time: 0.119  data_time: 0.001  forward_time: 0.043  backward_time: 0.053  lr: 0.000100  max_mem: 5159M  iter: 1080    
[2026-01-21 13:39:25]   epoch: [1/100]  step: [1090/4155] (26.2%)  eta_epoch: 6:12  eta_total: 13:59:56  loss: 2.3116  time: 0.131  data_time: 0.001  forward_time: 0.046  backward_time: 0.067  lr: 0.000100  max_mem: 5159M  iter: 1090    
[2026-01-21 13:39:27]   epoch: [1/100]  step: [1100/4155] (26.5%)  eta_epoch: 6:08  eta_total: 13:53:47  loss: 2.3104  time: 0.115  data_time: 0.001  forward_time: 0.034  backward_time: 0.035  lr: 0.000100  max_mem: 5159M  iter: 1100    
[2026-01-21 13:39:28]   epoch: [1/100]  step: [1110/4155] (26.7%)  eta_epoch: 6:11  eta_total: 14:03:19  loss: 2.4856  time: 0.119  data_time: 0.001  forward_time: 0.043  backward_time: 0.045  lr: 0.000100  max_mem: 5159M  iter: 1110    
[2026-01-21 13:39:30]   epoch: [1/100]  step: [1120/4155] (27.0%)  eta_epoch: 6:14  eta_total: 14:12:50  loss: 2.3515  time: 0.122  data_time: 0.001  forward_time: 0.046  backward_time: 0.049  lr: 0.000100  max_mem: 5159M  iter: 1120    
[2026-01-21 13:39:31]   epoch: [1/100]  step: [1130/4155] (27.2%)  eta_epoch: 6:11  eta_total: 14:08:24  loss: 2.5296  time: 0.119  data_time: 0.001  forward_time: 0.043  backward_time: 0.038  lr: 0.000100  max_mem: 5159M  iter: 1130    
[2026-01-21 13:39:33]   epoch: [1/100]  step: [1140/4155] (27.4%)  eta_epoch: 6:06  eta_total: 13:59:21  loss: 2.4304  time: 0.126  data_time: 0.001  forward_time: 0.038  backward_time: 0.072  lr: 0.000100  max_mem: 5159M  iter: 1140    
[2026-01-21 13:39:34]   epoch: [1/100]  step: [1150/4155] (27.7%)  eta_epoch: 6:12  eta_total: 14:16:05  loss: 2.2128  time: 0.119  data_time: 0.001  forward_time: 0.033  backward_time: 0.070  lr: 0.000100  max_mem: 5159M  iter: 1150    
[2026-01-21 13:39:36]   epoch: [1/100]  step: [1160/4155] (27.9%)  eta_epoch: 6:20  eta_total: 14:36:54  loss: 2.3611  time: 0.150  data_time: 0.002  forward_time: 0.060  backward_time: 0.076  lr: 0.000100  max_mem: 5159M  iter: 1160    
[2026-01-21 13:39:37]   epoch: [1/100]  step: [1170/4155] (28.2%)  eta_epoch: 6:23  eta_total: 14:47:45  loss: 2.5942  time: 0.122  data_time: 0.001  forward_time: 0.032  backward_time: 0.068  lr: 0.000100  max_mem: 5159M  iter: 1170    
[2026-01-21 13:39:39]   epoch: [1/100]  step: [1180/4155] (28.4%)  eta_epoch: 6:28  eta_total: 15:01:32  loss: 2.1667  time: 0.128  data_time: 0.001  forward_time: 0.047  backward_time: 0.062  lr: 0.000100  max_mem: 5159M  iter: 1180    
[2026-01-21 13:39:40]   epoch: [1/100]  step: [1190/4155] (28.6%)  eta_epoch: 6:26  eta_total: 15:00:16  loss: 2.3527  time: 0.115  data_time: 0.001  forward_time: 0.035  backward_time: 0.042  lr: 0.000100  max_mem: 5159M  iter: 1190    
[2026-01-21 13:39:42]   epoch: [1/100]  step: [1200/4155] (28.9%)  eta_epoch: 6:20  eta_total: 14:48:48  loss: 2.4954  time: 0.115  data_time: 0.001  forward_time: 0.036  backward_time: 0.042  lr: 0.000100  max_mem: 5159M  iter: 1200    
[2026-01-21 13:39:43]   epoch: [1/100]  step: [1210/4155] (29.1%)  eta_epoch: 6:07  eta_total: 14:22:22  loss: 2.8609  time: 0.130  data_time: 0.001  forward_time: 0.041  backward_time: 0.069  lr: 0.000100  max_mem: 5159M  iter: 1210    
[2026-01-21 13:39:45]   epoch: [1/100]  step: [1220/4155] (29.4%)  eta_epoch: 6:05  eta_total: 14:18:56  loss: 2.2328  time: 0.131  data_time: 0.001  forward_time: 0.044  backward_time: 0.071  lr: 0.000100  max_mem: 5159M  iter: 1220    
[2026-01-21 13:39:46]   epoch: [1/100]  step: [1230/4155] (29.6%)  eta_epoch: 6:02  eta_total: 14:15:58  loss: 2.5068  time: 0.121  data_time: 0.001  forward_time: 0.031  backward_time: 0.074  lr: 0.000100  max_mem: 5159M  iter: 1230    
[2026-01-21 13:39:48]   epoch: [1/100]  step: [1240/4155] (29.8%)  eta_epoch: 6:01  eta_total: 14:16:59  loss: 2.9069  time: 0.132  data_time: 0.001  forward_time: 0.045  backward_time: 0.068  lr: 0.000100  max_mem: 5159M  iter: 1240    
[2026-01-21 13:39:49]   epoch: [1/100]  step: [1250/4155] (30.1%)  eta_epoch: 6:05  eta_total: 14:29:11  loss: 1.9575  time: 0.128  data_time: 0.001  forward_time: 0.039  backward_time: 0.074  lr: 0.000100  max_mem: 5159M  iter: 1250    
[2026-01-21 13:39:51]   epoch: [1/100]  step: [1260/4155] (30.3%)  eta_epoch: 6:07  eta_total: 14:35:21  loss: 2.3888  time: 0.115  data_time: 0.001  forward_time: 0.035  backward_time: 0.048  lr: 0.000100  max_mem: 5159M  iter: 1260    
[2026-01-21 13:39:52]   epoch: [1/100]  step: [1270/4155] (30.6%)  eta_epoch: 5:58  eta_total: 14:17:38  loss: 1.9601  time: 0.115  data_time: 0.001  forward_time: 0.027  backward_time: 0.041  lr: 0.000100  max_mem: 5159M  iter: 1270    
[2026-01-21 13:39:54]   epoch: [1/100]  step: [1280/4155] (30.8%)  eta_epoch: 5:48  eta_total: 13:57:04  loss: 1.7688  time: 0.115  data_time: 0.001  forward_time: 0.028  backward_time: 0.042  lr: 0.000100  max_mem: 5159M  iter: 1280    
[2026-01-21 13:39:55]   epoch: [1/100]  step: [1290/4155] (31.0%)  eta_epoch: 5:42  eta_total: 13:44:13  loss: 2.6599  time: 0.115  data_time: 0.001  forward_time: 0.032  backward_time: 0.041  lr: 0.000100  max_mem: 5159M  iter: 1290    
[2026-01-21 13:39:57]   epoch: [1/100]  step: [1300/4155] (31.3%)  eta_epoch: 5:34  eta_total: 13:27:55  loss: 2.2530  time: 0.116  data_time: 0.001  forward_time: 0.027  backward_time: 0.067  lr: 0.000100  max_mem: 5159M  iter: 1300    
[2026-01-21 13:39:58]   epoch: [1/100]  step: [1310/4155] (31.5%)  eta_epoch: 5:32  eta_total: 13:25:58  loss: 2.8009  time: 0.122  data_time: 0.001  forward_time: 0.034  backward_time: 0.067  lr: 0.000100  max_mem: 5159M  iter: 1310    
[2026-01-21 13:40:00]   epoch: [1/100]  step: [1320/4155] (31.8%)  eta_epoch: 5:37  eta_total: 13:40:35  loss: 1.9793  time: 0.121  data_time: 0.001  forward_time: 0.034  backward_time: 0.067  lr: 0.000100  max_mem: 5159M  iter: 1320    
[2026-01-21 13:40:01]   epoch: [1/100]  step: [1330/4155] (32.0%)  eta_epoch: 5:44  eta_total: 14:00:34  loss: 2.1792  time: 0.116  data_time: 0.002  forward_time: 0.033  backward_time: 0.041  lr: 0.000100  max_mem: 5159M  iter: 1330    
[2026-01-21 13:40:03]   epoch: [1/100]  step: [1340/4155] (32.3%)  eta_epoch: 5:50  eta_total: 14:19:44  loss: 2.5600  time: 0.127  data_time: 0.001  forward_time: 0.042  backward_time: 0.059  lr: 0.000100  max_mem: 5159M  iter: 1340    
[2026-01-21 13:40:05]   epoch: [1/100]  step: [1350/4155] (32.5%)  eta_epoch: 5:48  eta_total: 14:18:42  loss: 2.6876  time: 0.119  data_time: 0.001  forward_time: 0.028  backward_time: 0.067  lr: 0.000100  max_mem: 5159M  iter: 1350    
[2026-01-21 13:40:06]   epoch: [1/100]  step: [1360/4155] (32.7%)  eta_epoch: 5:50  eta_total: 14:26:47  loss: 2.3912  time: 0.131  data_time: 0.001  forward_time: 0.044  backward_time: 0.070  lr: 0.000100  max_mem: 5159M  iter: 1360    
[2026-01-21 13:40:07]   epoch: [1/100]  step: [1370/4155] (33.0%)  eta_epoch: 5:49  eta_total: 14:25:10  loss: 2.2740  time: 0.115  data_time: 0.001  forward_time: 0.033  backward_time: 0.052  lr: 0.000100  max_mem: 5159M  iter: 1370    
[2026-01-21 13:40:09]   epoch: [1/100]  step: [1380/4155] (33.2%)  eta_epoch: 5:49  eta_total: 14:28:34  loss: 1.7873  time: 0.128  data_time: 0.001  forward_time: 0.046  backward_time: 0.060  lr: 0.000100  max_mem: 5159M  iter: 1380    
[2026-01-21 13:40:11]   epoch: [1/100]  step: [1390/4155] (33.5%)  eta_epoch: 5:42  eta_total: 14:15:44  loss: 2.3074  time: 0.115  data_time: 0.001  forward_time: 0.032  backward_time: 0.049  lr: 0.000100  max_mem: 5159M  iter: 1390    
[2026-01-21 13:40:12]   epoch: [1/100]  step: [1400/4155] (33.7%)  eta_epoch: 5:43  eta_total: 14:21:25  loss: 2.3178  time: 0.122  data_time: 0.001  forward_time: 0.034  backward_time: 0.067  lr: 0.000100  max_mem: 5159M  iter: 1400    
[2026-01-21 13:40:14]   epoch: [1/100]  step: [1410/4155] (33.9%)  eta_epoch: 5:43  eta_total: 14:23:49  loss: 1.7758  time: 0.121  data_time: 0.001  forward_time: 0.032  backward_time: 0.067  lr: 0.000100  max_mem: 5159M  iter: 1410    
[2026-01-21 13:40:16]   epoch: [1/100]  step: [1420/4155] (34.2%)  eta_epoch: 5:41  eta_total: 14:22:52  loss: 2.5851  time: 0.138  data_time: 0.001  forward_time: 0.052  backward_time: 0.071  lr: 0.000100  max_mem: 5159M  iter: 1420    
[2026-01-21 13:40:17]   epoch: [1/100]  step: [1430/4155] (34.4%)  eta_epoch: 5:37  eta_total: 14:14:03  loss: 2.1695  time: 0.123  data_time: 0.001  forward_time: 0.047  backward_time: 0.038  lr: 0.000100  max_mem: 5159M  iter: 1430    
[2026-01-21 13:40:19]   epoch: [1/100]  step: [1440/4155] (34.7%)  eta_epoch: 5:36  eta_total: 14:16:27  loss: 2.3660  time: 0.119  data_time: 0.002  forward_time: 0.042  backward_time: 0.036  lr: 0.000100  max_mem: 5159M  iter: 1440    
[2026-01-21 13:40:20]   epoch: [1/100]  step: [1450/4155] (34.9%)  eta_epoch: 5:36  eta_total: 14:18:26  loss: 2.4720  time: 0.115  data_time: 0.001  forward_time: 0.033  backward_time: 0.042  lr: 0.000100  max_mem: 5159M  iter: 1450    
[2026-01-21 13:40:22]   epoch: [1/100]  step: [1460/4155] (35.1%)  eta_epoch: 5:32  eta_total: 14:11:28  loss: 2.1167  time: 0.127  data_time: 0.001  forward_time: 0.045  backward_time: 0.060  lr: 0.000100  max_mem: 5159M  iter: 1460    
[2026-01-21 13:40:24]   epoch: [1/100]  step: [1470/4155] (35.4%)  eta_epoch: 5:37  eta_total: 14:28:15  loss: 2.4383  time: 0.115  data_time: 0.001  forward_time: 0.032  backward_time: 0.044  lr: 0.000100  max_mem: 5159M  iter: 1470    
[2026-01-21 13:40:25]   epoch: [1/100]  step: [1480/4155] (35.6%)  eta_epoch: 5:35  eta_total: 14:25:48  loss: 2.4818  time: 0.119  data_time: 0.001  forward_time: 0.043  backward_time: 0.042  lr: 0.000100  max_mem: 5159M  iter: 1480    
[2026-01-21 13:40:27]   epoch: [1/100]  step: [1490/4155] (35.9%)  eta_epoch: 5:37  eta_total: 14:34:50  loss: 2.6316  time: 0.136  data_time: 0.001  forward_time: 0.050  backward_time: 0.070  lr: 0.000100  max_mem: 5159M  iter: 1490    
[2026-01-21 13:40:28]   epoch: [1/100]  step: [1500/4155] (36.1%)  eta_epoch: 5:47  eta_total: 15:02:41  loss: 2.1625  time: 0.128  data_time: 0.001  forward_time: 0.039  backward_time: 0.067  lr: 0.000100  max_mem: 5159M  iter: 1500    
[2026-01-21 13:40:30]   epoch: [1/100]  step: [1510/4155] (36.3%)  eta_epoch: 5:45  eta_total: 15:00:58  loss: 2.5211  time: 0.121  data_time: 0.001  forward_time: 0.031  backward_time: 0.069  lr: 0.000100  max_mem: 5159M  iter: 1510    
[2026-01-21 13:40:32]   epoch: [1/100]  step: [1520/4155] (36.6%)  eta_epoch: 5:39  eta_total: 14:49:25  loss: 1.9675  time: 0.126  data_time: 0.001  forward_time: 0.035  backward_time: 0.076  lr: 0.000100  max_mem: 5159M  iter: 1520    
[2026-01-21 13:40:34]   epoch: [1/100]  step: [1530/4155] (36.8%)  eta_epoch: 5:42  eta_total: 15:00:50  loss: 2.7603  time: 0.123  data_time: 0.001  forward_time: 0.047  backward_time: 0.053  lr: 0.000100  max_mem: 5159M  iter: 1530    
[2026-01-21 13:40:35]   epoch: [1/100]  step: [1540/4155] (37.1%)  eta_epoch: 5:43  eta_total: 15:06:38  loss: 1.9380  time: 0.144  data_time: 0.001  forward_time: 0.053  backward_time: 0.072  lr: 0.000100  max_mem: 5159M  iter: 1540    
[2026-01-21 13:40:37]   epoch: [1/100]  step: [1550/4155] (37.3%)  eta_epoch: 5:32  eta_total: 14:41:24  loss: 2.3268  time: 0.123  data_time: 0.001  forward_time: 0.047  backward_time: 0.054  lr: 0.000100  max_mem: 5159M  iter: 1550    
[2026-01-21 13:40:38]   epoch: [1/100]  step: [1560/4155] (37.5%)  eta_epoch: 5:32  eta_total: 14:44:41  loss: 2.3605  time: 0.118  data_time: 0.001  forward_time: 0.040  backward_time: 0.052  lr: 0.000100  max_mem: 5159M  iter: 1560    
[2026-01-21 13:40:40]   epoch: [1/100]  step: [1570/4155] (37.8%)  eta_epoch: 5:29  eta_total: 14:40:13  loss: 2.4930  time: 0.133  data_time: 0.001  forward_time: 0.046  backward_time: 0.065  lr: 0.000100  max_mem: 5159M  iter: 1570    
[2026-01-21 13:40:42]   epoch: [1/100]  step: [1580/4155] (38.0%)  eta_epoch: 5:20  eta_total: 14:19:57  loss: 2.2175  time: 0.122  data_time: 0.001  forward_time: 0.046  backward_time: 0.047  lr: 0.000100  max_mem: 5159M  iter: 1580    
[2026-01-21 13:40:43]   epoch: [1/100]  step: [1590/4155] (38.3%)  eta_epoch: 5:13  eta_total: 14:03:21  loss: 2.2236  time: 0.120  data_time: 0.001  forward_time: 0.044  backward_time: 0.050  lr: 0.000100  max_mem: 5159M  iter: 1590    
[2026-01-21 13:40:45]   epoch: [1/100]  step: [1600/4155] (38.5%)  eta_epoch: 5:12  eta_total: 14:05:02  loss: 1.9705  time: 0.133  data_time: 0.001  forward_time: 0.056  backward_time: 0.048  lr: 0.000100  max_mem: 5159M  iter: 1600    
[2026-01-21 13:40:46]   epoch: [1/100]  step: [1610/4155] (38.7%)  eta_epoch: 5:13  eta_total: 14:08:45  loss: 2.2241  time: 0.115  data_time: 0.001  forward_time: 0.034  backward_time: 0.037  lr: 0.000100  max_mem: 5159M  iter: 1610    
[2026-01-21 13:40:48]   epoch: [1/100]  step: [1620/4155] (39.0%)  eta_epoch: 5:12  eta_total: 14:09:37  loss: 1.9477  time: 0.142  data_time: 0.001  forward_time: 0.054  backward_time: 0.067  lr: 0.000100  max_mem: 5159M  iter: 1620    
[2026-01-21 13:40:50]   epoch: [1/100]  step: [1630/4155] (39.2%)  eta_epoch: 5:09  eta_total: 14:06:49  loss: 2.8981  time: 0.115  data_time: 0.001  forward_time: 0.025  backward_time: 0.065  lr: 0.000100  max_mem: 5159M  iter: 1630    
[2026-01-21 13:40:51]   epoch: [1/100]  step: [1640/4155] (39.5%)  eta_epoch: 5:07  eta_total: 14:02:39  loss: 2.1574  time: 0.120  data_time: 0.001  forward_time: 0.033  backward_time: 0.065  lr: 0.000100  max_mem: 5159M  iter: 1640    
[2026-01-21 13:40:53]   epoch: [1/100]  step: [1650/4155] (39.7%)  eta_epoch: 5:06  eta_total: 14:05:01  loss: 2.2812  time: 0.129  data_time: 0.001  forward_time: 0.047  backward_time: 0.056  lr: 0.000100  max_mem: 5159M  iter: 1650    
