[2026-01-22 09:15:23]   ROOT_DIR: /dataset/songzhang/SMore_dev/learning/MedViTV2    
[2026-01-22 09:15:23]   LOG_PATH: /dataset/songzhang/SMore_dev/learning/MedViTV2/logs/2026-01-22_09-15-23.log    
[2026-01-22 09:15:23]   Using cuda:0 device.    
[2026-01-22 09:15:23]   
========== Configuration Parameters ==========    
[2026-01-22 09:15:23]   model_name: MedViT_small    
[2026-01-22 09:15:23]   dataset: breastmnist    
[2026-01-22 09:15:23]   pretrained: False    
[2026-01-22 09:15:23]   batch_size: 24    
[2026-01-22 09:15:23]   lr: 0.0001    
[2026-01-22 09:15:23]   epochs: 1    
[2026-01-22 09:15:23]   ============================================
    
[2026-01-22 09:15:23]   Number of channels:      (int) 1    
[2026-01-22 09:15:23]   Number of classes:      (int) 2    
[2026-01-22 09:15:23]   initialize_weights...    
[2026-01-22 09:15:25]   (BreastMNIST) Dataset BreastMNIST of size 224 (breastmnist_224)
    Number of datapoints: 546
    Root location: ./data
    Split: train
    Task: binary-class
    Number of channels: 1
    Meaning of labels: {'0': 'malignant', '1': 'normal, benign'}
    Number of samples: {'train': 546, 'val': 78, 'test': 156}
    Description: The BreastMNIST is based on a dataset of 780 breast ultrasound images. It is categorized into 3 classes: normal, benign, and malignant. As we use low-resolution images, we simplify the task into binary classification by combining normal and benign as positive and classifying them against malignant as negative. We split the source dataset with a ratio of 7:1:2 into training, validation and test set. The source images of 1×500×500 are resized into 1×28×28.
    License: CC BY 4.0    
[2026-01-22 09:15:25]   ===================    
[2026-01-22 09:15:25]   (BreastMNIST) Dataset BreastMNIST of size 224 (breastmnist_224)
    Number of datapoints: 156
    Root location: ./data
    Split: test
    Task: binary-class
    Number of channels: 1
    Meaning of labels: {'0': 'malignant', '1': 'normal, benign'}
    Number of samples: {'train': 546, 'val': 78, 'test': 156}
    Description: The BreastMNIST is based on a dataset of 780 breast ultrasound images. It is categorized into 3 classes: normal, benign, and malignant. As we use low-resolution images, we simplify the task into binary classification by combining normal and benign as positive and classifying them against malignant as negative. We split the source dataset with a ratio of 7:1:2 into training, validation and test set. The source images of 1×500×500 are resized into 1×28×28.
    License: CC BY 4.0    
[2026-01-22 09:15:28]   epoch: [1/1]  step: [10/23] (43.5%)  eta_epoch: 0:03  eta_total: 0:00:03  loss: 0.6570  time: 0.136  data_time: 0.001  forward_time: 0.046  backward_time: 0.075  lr: 0.000059  max_mem: 5159M      
[2026-01-22 09:15:29]   epoch: [1/1]  step: [20/23] (87.0%)  eta_epoch: 0:00  eta_total: 0:00:00  loss: 0.6290  time: 0.150  data_time: 0.001  forward_time: 0.060  backward_time: 0.077  lr: 0.000007  max_mem: 5159M      
[2026-01-22 09:15:30]   epoch: [1/1]  step: [23/23] (100.0%)  eta_epoch: 0:00  eta_total: 0:00:00  loss: 0.6119  time: 0.253  data_time: 0.001  forward_time: 0.102  backward_time: 0.150  lr: 0.000005  max_mem: 5159M      
[2026-01-22 09:15:30]   [epoch 1 training completed] avg_loss: 0.6737  epoch_time: 4.98s  avg_data_time: 0.001s  avg_forward_time: 0.073s  avg_backward_time: 0.085s  avg_step_time: 0.174s  throughput: 109.6 samples/s    
[2026-01-22 09:15:30]   Validating epoch[1/1]...    
[2026-01-22 09:15:31]   
============================================================    
[2026-01-22 09:15:31]   [Epoch 1/1] Validation Results:    
[2026-01-22 09:15:31]     Train Loss:    0.6737    
[2026-01-22 09:15:31]     AUC:           0.4948    
[2026-01-22 09:15:31]     Top-1 Acc:      0.5469 (54.69%)    
[2026-01-22 09:15:31]     MedMNIST Acc:   0.5385 (53.85%)    
[2026-01-22 09:15:31]   ============================================================
    
[2026-01-22 09:15:31]   
Saving checkpoint...    
[2026-01-22 09:15:32]   Finished Training    
