[2026-01-21 14:09:39]   ROOT_DIR: /dataset/songzhang/SMore_dev/learning/MedViTV2    
[2026-01-21 14:09:39]   LOG_PATH: /dataset/songzhang/SMore_dev/learning/MedViTV2/logs/2026-01-21_14-09-39.log    
[2026-01-21 14:09:39]   Using cuda:0 device.    
[2026-01-21 14:09:40]   Dataset is available at: /dataset/songzhang/SMore_dev/learning/MedViTV2/temp/fabric    
[2026-01-21 14:09:40]   Number of classes: 27    
[2026-01-21 14:09:40]   Class names: ['canvas', 'chambray', 'chenille', 'chiffon', 'corduroy', 'crepe', 'denim', 'faux_fur', 'faux_leather', 'flannel', 'fleece', 'gingham', 'jersey', 'knit', 'lace', 'lawn', 'neoprene', 'organza', 'plush', 'satin', 'serge', 'taffeta', 'tulle', 'tweed', 'twill', 'velvet', 'vinyl']    
[2026-01-21 14:09:41]   initialize_weights...    
[2026-01-21 14:09:42]   (ImageFolder) Dataset ImageFolder
    Number of datapoints: 99716
    Root location: /dataset/songzhang/SMore_dev/learning/MedViTV2/temp/fabric/train
    StandardTransform
Transform: Compose(
               RandomResizedCrop(size=(224, 224), scale=(0.08, 1.0), ratio=(0.75, 1.3333), interpolation=bilinear, antialias=True)
               AugMix(severity=3, mixture_width=3, chain_depth=-1, alpha=0.4, all_ops=True, interpolation=InterpolationMode.BILINEAR, fill=None)
               RandomHorizontalFlip(p=0.4)
               ToTensor()
               Normalize(mean=[0.5], std=[0.5])
           )    
[2026-01-21 14:09:42]   ===================    
[2026-01-21 14:09:42]   (ImageFolder) Dataset ImageFolder
    Number of datapoints: 24629
    Root location: /dataset/songzhang/SMore_dev/learning/MedViTV2/temp/fabric/test
    StandardTransform
Transform: Compose(
               Resize(size=(224, 224), interpolation=bilinear, max_size=None, antialias=True)
               ToTensor()
               Normalize(mean=[0.5], std=[0.5])
           )    
[2026-01-21 14:09:48]   epoch: [1/50]  step: [10/2078] (0.5%)  eta_epoch: 18:06  eta_total: 15:09:48  loss: 3.2868  time: 0.232  data_time: 0.001  forward_time: 0.018  backward_time: 0.073  lr: 0.000100  max_mem: 14811M      
[2026-01-21 14:09:50]   epoch: [1/50]  step: [20/2078] (1.0%)  eta_epoch: 13:00  eta_total: 10:57:00  loss: 3.2047  time: 0.233  data_time: 0.001  forward_time: 0.017  backward_time: 0.078  lr: 0.000100  max_mem: 14811M      
[2026-01-21 14:09:52]   epoch: [1/50]  step: [30/2078] (1.4%)  eta_epoch: 11:17  eta_total: 9:32:45  loss: 3.2947  time: 0.233  data_time: 0.001  forward_time: 0.015  backward_time: 0.074  lr: 0.000100  max_mem: 14811M      
[2026-01-21 14:09:55]   epoch: [1/50]  step: [40/2078] (1.9%)  eta_epoch: 10:24  eta_total: 8:50:36  loss: 3.3211  time: 0.233  data_time: 0.001  forward_time: 0.016  backward_time: 0.074  lr: 0.000100  max_mem: 14811M      
[2026-01-21 14:09:57]   epoch: [1/50]  step: [50/2078] (2.4%)  eta_epoch: 9:52  eta_total: 8:25:19  loss: 3.0485  time: 0.233  data_time: 0.001  forward_time: 0.014  backward_time: 0.075  lr: 0.000100  max_mem: 14811M      
[2026-01-21 14:09:59]   epoch: [1/50]  step: [60/2078] (2.9%)  eta_epoch: 9:10  eta_total: 7:51:43  loss: 3.1955  time: 0.233  data_time: 0.001  forward_time: 0.015  backward_time: 0.075  lr: 0.000100  max_mem: 14811M      
[2026-01-21 14:10:02]   epoch: [1/50]  step: [70/2078] (3.4%)  eta_epoch: 8:56  eta_total: 7:42:08  loss: 3.4256  time: 0.233  data_time: 0.001  forward_time: 0.017  backward_time: 0.074  lr: 0.000100  max_mem: 14811M      
[2026-01-21 14:10:04]   epoch: [1/50]  step: [80/2078] (3.8%)  eta_epoch: 8:45  eta_total: 7:35:03  loss: 3.0870  time: 0.233  data_time: 0.001  forward_time: 0.018  backward_time: 0.074  lr: 0.000100  max_mem: 14811M      
[2026-01-21 14:10:06]   epoch: [1/50]  step: [90/2078] (4.3%)  eta_epoch: 8:36  eta_total: 7:29:28  loss: 3.2442  time: 0.233  data_time: 0.001  forward_time: 0.015  backward_time: 0.078  lr: 0.000100  max_mem: 14811M      
[2026-01-21 14:10:09]   epoch: [1/50]  step: [100/2078] (4.8%)  eta_epoch: 8:28  eta_total: 7:25:00  loss: 3.0926  time: 0.233  data_time: 0.001  forward_time: 0.014  backward_time: 0.075  lr: 0.000100  max_mem: 14811M      
[2026-01-21 14:10:11]   epoch: [1/50]  step: [110/2078] (5.3%)  eta_epoch: 8:22  eta_total: 7:21:27  loss: 3.1033  time: 0.233  data_time: 0.001  forward_time: 0.015  backward_time: 0.076  lr: 0.000100  max_mem: 14811M      
[2026-01-21 14:10:13]   epoch: [1/50]  step: [120/2078] (5.8%)  eta_epoch: 8:16  eta_total: 7:18:24  loss: 3.1468  time: 0.233  data_time: 0.001  forward_time: 0.015  backward_time: 0.076  lr: 0.000100  max_mem: 14811M      
[2026-01-21 14:10:16]   epoch: [1/50]  step: [130/2078] (6.3%)  eta_epoch: 8:10  eta_total: 7:15:49  loss: 3.1835  time: 0.233  data_time: 0.001  forward_time: 0.016  backward_time: 0.074  lr: 0.000100  max_mem: 14811M      
[2026-01-21 14:10:18]   epoch: [1/50]  step: [140/2078] (6.7%)  eta_epoch: 8:05  eta_total: 7:13:36  loss: 3.2204  time: 0.233  data_time: 0.001  forward_time: 0.015  backward_time: 0.075  lr: 0.000100  max_mem: 14811M      
[2026-01-21 14:10:20]   epoch: [1/50]  step: [150/2078] (7.2%)  eta_epoch: 8:01  eta_total: 7:11:40  loss: 3.0029  time: 0.234  data_time: 0.001  forward_time: 0.015  backward_time: 0.078  lr: 0.000100  max_mem: 14811M      
[2026-01-21 14:10:23]   epoch: [1/50]  step: [160/2078] (7.7%)  eta_epoch: 7:56  eta_total: 7:09:59  loss: 2.8082  time: 0.233  data_time: 0.001  forward_time: 0.014  backward_time: 0.076  lr: 0.000100  max_mem: 14811M      
[2026-01-21 14:10:25]   epoch: [1/50]  step: [170/2078] (8.2%)  eta_epoch: 7:52  eta_total: 7:08:29  loss: 3.0911  time: 0.233  data_time: 0.001  forward_time: 0.015  backward_time: 0.075  lr: 0.000100  max_mem: 14811M      
[2026-01-21 14:10:28]   epoch: [1/50]  step: [180/2078] (8.7%)  eta_epoch: 7:49  eta_total: 7:07:15  loss: 3.0161  time: 0.234  data_time: 0.001  forward_time: 0.016  backward_time: 0.076  lr: 0.000100  max_mem: 14811M      
[2026-01-21 14:10:30]   epoch: [1/50]  step: [190/2078] (9.1%)  eta_epoch: 7:45  eta_total: 7:06:04  loss: 3.0160  time: 0.233  data_time: 0.001  forward_time: 0.015  backward_time: 0.076  lr: 0.000100  max_mem: 14811M      
[2026-01-21 14:10:32]   epoch: [1/50]  step: [200/2078] (9.6%)  eta_epoch: 7:41  eta_total: 7:05:00  loss: 2.8188  time: 0.233  data_time: 0.001  forward_time: 0.014  backward_time: 0.076  lr: 0.000100  max_mem: 14811M      
[2026-01-21 14:10:35]   epoch: [1/50]  step: [210/2078] (10.1%)  eta_epoch: 7:38  eta_total: 7:04:00  loss: 2.9609  time: 0.234  data_time: 0.001  forward_time: 0.015  backward_time: 0.077  lr: 0.000100  max_mem: 14811M      
[2026-01-21 14:10:37]   epoch: [1/50]  step: [220/2078] (10.6%)  eta_epoch: 7:35  eta_total: 7:03:13  loss: 3.1374  time: 0.233  data_time: 0.001  forward_time: 0.015  backward_time: 0.075  lr: 0.000100  max_mem: 14811M      
[2026-01-21 14:10:39]   epoch: [1/50]  step: [230/2078] (11.1%)  eta_epoch: 7:31  eta_total: 7:02:23  loss: 3.0769  time: 0.234  data_time: 0.001  forward_time: 0.015  backward_time: 0.076  lr: 0.000100  max_mem: 14811M      
[2026-01-21 14:10:42]   epoch: [1/50]  step: [240/2078] (11.5%)  eta_epoch: 7:28  eta_total: 7:01:37  loss: 3.2987  time: 0.233  data_time: 0.001  forward_time: 0.016  backward_time: 0.074  lr: 0.000100  max_mem: 14811M      
[2026-01-21 14:10:44]   epoch: [1/50]  step: [250/2078] (12.0%)  eta_epoch: 7:25  eta_total: 7:00:54  loss: 2.9873  time: 0.233  data_time: 0.001  forward_time: 0.015  backward_time: 0.075  lr: 0.000100  max_mem: 14811M      
[2026-01-21 14:10:46]   epoch: [1/50]  step: [260/2078] (12.5%)  eta_epoch: 7:22  eta_total: 7:00:16  loss: 2.8785  time: 0.234  data_time: 0.001  forward_time: 0.017  backward_time: 0.077  lr: 0.000100  max_mem: 14811M      
[2026-01-21 14:10:49]   epoch: [1/50]  step: [270/2078] (13.0%)  eta_epoch: 7:19  eta_total: 6:59:43  loss: 2.8287  time: 0.234  data_time: 0.001  forward_time: 0.016  backward_time: 0.075  lr: 0.000100  max_mem: 14811M      
[2026-01-21 14:10:51]   epoch: [1/50]  step: [280/2078] (13.5%)  eta_epoch: 7:16  eta_total: 6:59:10  loss: 2.7899  time: 0.233  data_time: 0.001  forward_time: 0.015  backward_time: 0.077  lr: 0.000100  max_mem: 14811M      
[2026-01-21 14:10:53]   epoch: [1/50]  step: [290/2078] (14.0%)  eta_epoch: 7:13  eta_total: 6:58:47  loss: 2.8787  time: 0.234  data_time: 0.001  forward_time: 0.017  backward_time: 0.075  lr: 0.000100  max_mem: 14811M      
[2026-01-21 14:10:56]   epoch: [1/50]  step: [300/2078] (14.4%)  eta_epoch: 7:10  eta_total: 6:58:24  loss: 2.7747  time: 0.234  data_time: 0.001  forward_time: 0.015  backward_time: 0.076  lr: 0.000100  max_mem: 14811M      
[2026-01-21 14:10:58]   epoch: [1/50]  step: [310/2078] (14.9%)  eta_epoch: 7:07  eta_total: 6:57:55  loss: 2.7710  time: 0.234  data_time: 0.001  forward_time: 0.016  backward_time: 0.075  lr: 0.000100  max_mem: 14811M      
[2026-01-21 14:11:01]   epoch: [1/50]  step: [320/2078] (15.4%)  eta_epoch: 7:05  eta_total: 6:57:32  loss: 2.9708  time: 0.234  data_time: 0.001  forward_time: 0.015  backward_time: 0.076  lr: 0.000100  max_mem: 14811M      
[2026-01-21 14:11:03]   epoch: [1/50]  step: [330/2078] (15.9%)  eta_epoch: 7:02  eta_total: 6:57:07  loss: 2.8860  time: 0.235  data_time: 0.002  forward_time: 0.024  backward_time: 0.069  lr: 0.000100  max_mem: 14811M      
[2026-01-21 14:11:05]   epoch: [1/50]  step: [340/2078] (16.4%)  eta_epoch: 6:59  eta_total: 6:56:42  loss: 2.8250  time: 0.234  data_time: 0.001  forward_time: 0.014  backward_time: 0.076  lr: 0.000100  max_mem: 14811M      
[2026-01-21 14:11:08]   epoch: [1/50]  step: [350/2078] (16.8%)  eta_epoch: 6:56  eta_total: 6:56:20  loss: 2.8345  time: 0.234  data_time: 0.001  forward_time: 0.015  backward_time: 0.075  lr: 0.000100  max_mem: 14811M      
[2026-01-21 14:11:10]   epoch: [1/50]  step: [360/2078] (17.3%)  eta_epoch: 6:54  eta_total: 6:55:59  loss: 2.7309  time: 0.233  data_time: 0.001  forward_time: 0.015  backward_time: 0.076  lr: 0.000100  max_mem: 14811M      
[2026-01-21 14:11:12]   epoch: [1/50]  step: [370/2078] (17.8%)  eta_epoch: 6:51  eta_total: 6:55:38  loss: 2.7252  time: 0.234  data_time: 0.001  forward_time: 0.016  backward_time: 0.074  lr: 0.000100  max_mem: 14811M      
[2026-01-21 14:11:15]   epoch: [1/50]  step: [380/2078] (18.3%)  eta_epoch: 6:48  eta_total: 6:55:20  loss: 2.9056  time: 0.234  data_time: 0.001  forward_time: 0.016  backward_time: 0.075  lr: 0.000100  max_mem: 14811M      
[2026-01-21 14:11:17]   epoch: [1/50]  step: [390/2078] (18.8%)  eta_epoch: 6:46  eta_total: 6:55:04  loss: 2.9434  time: 0.234  data_time: 0.001  forward_time: 0.017  backward_time: 0.074  lr: 0.000100  max_mem: 14811M      
[2026-01-21 14:11:19]   epoch: [1/50]  step: [400/2078] (19.2%)  eta_epoch: 6:43  eta_total: 6:54:49  loss: 2.8804  time: 0.234  data_time: 0.001  forward_time: 0.017  backward_time: 0.074  lr: 0.000100  max_mem: 14811M      
[2026-01-21 14:11:22]   epoch: [1/50]  step: [410/2078] (19.7%)  eta_epoch: 6:41  eta_total: 6:54:40  loss: 2.8598  time: 0.234  data_time: 0.001  forward_time: 0.018  backward_time: 0.073  lr: 0.000100  max_mem: 14811M      
[2026-01-21 14:11:24]   epoch: [1/50]  step: [420/2078] (20.2%)  eta_epoch: 6:38  eta_total: 6:54:29  loss: 2.8548  time: 0.234  data_time: 0.001  forward_time: 0.017  backward_time: 0.074  lr: 0.000100  max_mem: 14811M      
[2026-01-21 14:11:26]   epoch: [1/50]  step: [430/2078] (20.7%)  eta_epoch: 6:35  eta_total: 6:54:15  loss: 2.7510  time: 0.234  data_time: 0.001  forward_time: 0.016  backward_time: 0.075  lr: 0.000100  max_mem: 14811M      
[2026-01-21 14:11:29]   epoch: [1/50]  step: [440/2078] (21.2%)  eta_epoch: 6:33  eta_total: 6:53:58  loss: 2.7202  time: 0.234  data_time: 0.001  forward_time: 0.015  backward_time: 0.075  lr: 0.000100  max_mem: 14811M      
[2026-01-21 14:11:31]   epoch: [1/50]  step: [450/2078] (21.7%)  eta_epoch: 6:30  eta_total: 6:53:43  loss: 2.7906  time: 0.233  data_time: 0.001  forward_time: 0.015  backward_time: 0.075  lr: 0.000100  max_mem: 14811M      
[2026-01-21 14:11:33]   epoch: [1/50]  step: [460/2078] (22.1%)  eta_epoch: 6:27  eta_total: 6:53:25  loss: 2.6562  time: 0.234  data_time: 0.001  forward_time: 0.015  backward_time: 0.076  lr: 0.000100  max_mem: 14811M      
[2026-01-21 14:11:36]   epoch: [1/50]  step: [470/2078] (22.6%)  eta_epoch: 6:25  eta_total: 6:53:09  loss: 2.5864  time: 0.233  data_time: 0.001  forward_time: 0.014  backward_time: 0.076  lr: 0.000100  max_mem: 14811M      
[2026-01-21 14:11:38]   epoch: [1/50]  step: [480/2078] (23.1%)  eta_epoch: 6:22  eta_total: 6:52:55  loss: 2.7232  time: 0.234  data_time: 0.001  forward_time: 0.014  backward_time: 0.076  lr: 0.000100  max_mem: 14811M      
[2026-01-21 14:11:41]   epoch: [1/50]  step: [490/2078] (23.6%)  eta_epoch: 6:20  eta_total: 6:52:45  loss: 2.9054  time: 0.234  data_time: 0.001  forward_time: 0.015  backward_time: 0.076  lr: 0.000100  max_mem: 14811M      
[2026-01-21 14:11:43]   epoch: [1/50]  step: [500/2078] (24.1%)  eta_epoch: 6:17  eta_total: 6:52:32  loss: 2.7230  time: 0.234  data_time: 0.001  forward_time: 0.015  backward_time: 0.076  lr: 0.000100  max_mem: 14811M      
[2026-01-21 14:11:45]   epoch: [1/50]  step: [510/2078] (24.5%)  eta_epoch: 6:15  eta_total: 6:52:20  loss: 2.6796  time: 0.234  data_time: 0.001  forward_time: 0.015  backward_time: 0.075  lr: 0.000100  max_mem: 14811M      
[2026-01-21 14:11:48]   epoch: [1/50]  step: [520/2078] (25.0%)  eta_epoch: 6:12  eta_total: 6:52:10  loss: 2.7022  time: 0.234  data_time: 0.001  forward_time: 0.017  backward_time: 0.075  lr: 0.000100  max_mem: 14811M      
[2026-01-21 14:11:50]   epoch: [1/50]  step: [530/2078] (25.5%)  eta_epoch: 6:10  eta_total: 6:52:01  loss: 2.6591  time: 0.234  data_time: 0.001  forward_time: 0.017  backward_time: 0.075  lr: 0.000100  max_mem: 14811M      
[2026-01-21 14:11:52]   epoch: [1/50]  step: [540/2078] (26.0%)  eta_epoch: 6:07  eta_total: 6:51:50  loss: 2.6274  time: 0.234  data_time: 0.001  forward_time: 0.015  backward_time: 0.076  lr: 0.000100  max_mem: 14811M      
[2026-01-21 14:11:55]   epoch: [1/50]  step: [550/2078] (26.5%)  eta_epoch: 6:05  eta_total: 6:51:39  loss: 2.6088  time: 0.234  data_time: 0.001  forward_time: 0.015  backward_time: 0.076  lr: 0.000100  max_mem: 14811M      
[2026-01-21 14:11:57]   epoch: [1/50]  step: [560/2078] (26.9%)  eta_epoch: 6:02  eta_total: 6:51:28  loss: 2.7785  time: 0.234  data_time: 0.001  forward_time: 0.015  backward_time: 0.075  lr: 0.000100  max_mem: 14811M      
[2026-01-21 14:11:59]   epoch: [1/50]  step: [570/2078] (27.4%)  eta_epoch: 6:00  eta_total: 6:51:18  loss: 2.4821  time: 0.233  data_time: 0.001  forward_time: 0.015  backward_time: 0.075  lr: 0.000100  max_mem: 14811M      
[2026-01-21 14:12:02]   epoch: [1/50]  step: [580/2078] (27.9%)  eta_epoch: 5:57  eta_total: 6:51:06  loss: 2.4127  time: 0.234  data_time: 0.001  forward_time: 0.015  backward_time: 0.075  lr: 0.000100  max_mem: 14811M      
[2026-01-21 14:12:04]   epoch: [1/50]  step: [590/2078] (28.4%)  eta_epoch: 5:55  eta_total: 6:50:56  loss: 2.3791  time: 0.234  data_time: 0.001  forward_time: 0.014  backward_time: 0.076  lr: 0.000100  max_mem: 14811M      
[2026-01-21 14:12:06]   epoch: [1/50]  step: [600/2078] (28.9%)  eta_epoch: 5:52  eta_total: 6:50:46  loss: 2.5402  time: 0.234  data_time: 0.001  forward_time: 0.015  backward_time: 0.076  lr: 0.000100  max_mem: 14811M      
[2026-01-21 14:12:09]   epoch: [1/50]  step: [610/2078] (29.4%)  eta_epoch: 5:50  eta_total: 6:50:38  loss: 2.7113  time: 0.234  data_time: 0.001  forward_time: 0.014  backward_time: 0.076  lr: 0.000100  max_mem: 14811M      
[2026-01-21 14:12:11]   epoch: [1/50]  step: [620/2078] (29.8%)  eta_epoch: 5:47  eta_total: 6:50:31  loss: 2.4397  time: 0.235  data_time: 0.001  forward_time: 0.021  backward_time: 0.071  lr: 0.000100  max_mem: 14811M      
[2026-01-21 14:12:13]   epoch: [1/50]  step: [630/2078] (30.3%)  eta_epoch: 5:45  eta_total: 6:50:23  loss: 2.3867  time: 0.234  data_time: 0.001  forward_time: 0.017  backward_time: 0.074  lr: 0.000100  max_mem: 14811M      
[2026-01-21 14:12:16]   epoch: [1/50]  step: [640/2078] (30.8%)  eta_epoch: 5:42  eta_total: 6:50:15  loss: 2.2672  time: 0.234  data_time: 0.001  forward_time: 0.014  backward_time: 0.076  lr: 0.000100  max_mem: 14811M      
[2026-01-21 14:12:18]   epoch: [1/50]  step: [650/2078] (31.3%)  eta_epoch: 5:40  eta_total: 6:50:07  loss: 2.2918  time: 0.234  data_time: 0.001  forward_time: 0.014  backward_time: 0.076  lr: 0.000100  max_mem: 14811M      
[2026-01-21 14:12:21]   epoch: [1/50]  step: [660/2078] (31.8%)  eta_epoch: 5:37  eta_total: 6:49:58  loss: 2.7778  time: 0.233  data_time: 0.001  forward_time: 0.014  backward_time: 0.076  lr: 0.000100  max_mem: 14811M      
[2026-01-21 14:12:23]   epoch: [1/50]  step: [670/2078] (32.2%)  eta_epoch: 5:35  eta_total: 6:49:49  loss: 2.3641  time: 0.234  data_time: 0.001  forward_time: 0.015  backward_time: 0.077  lr: 0.000100  max_mem: 14811M      
[2026-01-21 14:12:25]   epoch: [1/50]  step: [680/2078] (32.7%)  eta_epoch: 5:32  eta_total: 6:49:43  loss: 2.4988  time: 0.234  data_time: 0.001  forward_time: 0.015  backward_time: 0.075  lr: 0.000100  max_mem: 14811M      
[2026-01-21 14:12:28]   epoch: [1/50]  step: [690/2078] (33.2%)  eta_epoch: 5:30  eta_total: 6:49:35  loss: 2.6053  time: 0.234  data_time: 0.001  forward_time: 0.014  backward_time: 0.076  lr: 0.000100  max_mem: 14811M      
[2026-01-21 14:12:30]   epoch: [1/50]  step: [700/2078] (33.7%)  eta_epoch: 5:28  eta_total: 6:49:28  loss: 2.3540  time: 0.234  data_time: 0.001  forward_time: 0.018  backward_time: 0.073  lr: 0.000100  max_mem: 14811M      
[2026-01-21 14:12:32]   epoch: [1/50]  step: [710/2078] (34.2%)  eta_epoch: 5:25  eta_total: 6:49:23  loss: 2.3172  time: 0.234  data_time: 0.001  forward_time: 0.017  backward_time: 0.074  lr: 0.000100  max_mem: 14811M      
[2026-01-21 14:12:35]   epoch: [1/50]  step: [720/2078] (34.6%)  eta_epoch: 5:23  eta_total: 6:49:17  loss: 2.5129  time: 0.234  data_time: 0.001  forward_time: 0.015  backward_time: 0.076  lr: 0.000100  max_mem: 14811M      
[2026-01-21 14:12:37]   epoch: [1/50]  step: [730/2078] (35.1%)  eta_epoch: 5:20  eta_total: 6:49:12  loss: 2.3911  time: 0.234  data_time: 0.001  forward_time: 0.015  backward_time: 0.076  lr: 0.000100  max_mem: 14811M      
[2026-01-21 14:12:39]   epoch: [1/50]  step: [740/2078] (35.6%)  eta_epoch: 5:18  eta_total: 6:49:05  loss: 2.3682  time: 0.234  data_time: 0.001  forward_time: 0.014  backward_time: 0.076  lr: 0.000100  max_mem: 14811M      
[2026-01-21 14:12:42]   epoch: [1/50]  step: [750/2078] (36.1%)  eta_epoch: 5:15  eta_total: 6:48:59  loss: 2.0561  time: 0.234  data_time: 0.001  forward_time: 0.017  backward_time: 0.074  lr: 0.000100  max_mem: 14811M      
[2026-01-21 14:12:44]   epoch: [1/50]  step: [760/2078] (36.6%)  eta_epoch: 5:13  eta_total: 6:48:51  loss: 2.0406  time: 0.234  data_time: 0.001  forward_time: 0.016  backward_time: 0.075  lr: 0.000100  max_mem: 14811M      
[2026-01-21 14:12:46]   epoch: [1/50]  step: [770/2078] (37.1%)  eta_epoch: 5:11  eta_total: 6:48:46  loss: 2.3483  time: 0.234  data_time: 0.001  forward_time: 0.017  backward_time: 0.075  lr: 0.000100  max_mem: 14811M      
[2026-01-21 14:12:49]   epoch: [1/50]  step: [780/2078] (37.5%)  eta_epoch: 5:08  eta_total: 6:48:40  loss: 2.4920  time: 0.234  data_time: 0.001  forward_time: 0.016  backward_time: 0.074  lr: 0.000100  max_mem: 14811M      
[2026-01-21 14:12:51]   epoch: [1/50]  step: [790/2078] (38.0%)  eta_epoch: 5:06  eta_total: 6:48:37  loss: 2.1767  time: 0.234  data_time: 0.001  forward_time: 0.014  backward_time: 0.076  lr: 0.000100  max_mem: 14811M      
[2026-01-21 14:12:54]   epoch: [1/50]  step: [800/2078] (38.5%)  eta_epoch: 5:03  eta_total: 6:48:32  loss: 2.3211  time: 0.234  data_time: 0.001  forward_time: 0.016  backward_time: 0.075  lr: 0.000100  max_mem: 14811M      
[2026-01-21 14:12:56]   epoch: [1/50]  step: [810/2078] (39.0%)  eta_epoch: 5:01  eta_total: 6:48:25  loss: 2.4183  time: 0.234  data_time: 0.001  forward_time: 0.015  backward_time: 0.076  lr: 0.000100  max_mem: 14811M      
[2026-01-21 14:12:58]   epoch: [1/50]  step: [820/2078] (39.5%)  eta_epoch: 4:58  eta_total: 6:48:17  loss: 2.3553  time: 0.234  data_time: 0.001  forward_time: 0.015  backward_time: 0.075  lr: 0.000100  max_mem: 14811M      
[2026-01-21 14:13:01]   epoch: [1/50]  step: [830/2078] (39.9%)  eta_epoch: 4:56  eta_total: 6:48:12  loss: 2.6925  time: 0.234  data_time: 0.001  forward_time: 0.019  backward_time: 0.072  lr: 0.000100  max_mem: 14811M      
[2026-01-21 14:13:03]   epoch: [1/50]  step: [840/2078] (40.4%)  eta_epoch: 4:54  eta_total: 6:48:06  loss: 2.5744  time: 0.234  data_time: 0.001  forward_time: 0.016  backward_time: 0.075  lr: 0.000100  max_mem: 14811M      
[2026-01-21 14:13:05]   epoch: [1/50]  step: [850/2078] (40.9%)  eta_epoch: 4:51  eta_total: 6:48:00  loss: 2.5707  time: 0.234  data_time: 0.001  forward_time: 0.014  backward_time: 0.076  lr: 0.000100  max_mem: 14811M      
[2026-01-21 14:13:08]   epoch: [1/50]  step: [860/2078] (41.4%)  eta_epoch: 4:49  eta_total: 6:47:54  loss: 2.3763  time: 0.234  data_time: 0.001  forward_time: 0.015  backward_time: 0.076  lr: 0.000100  max_mem: 14811M      
[2026-01-21 14:13:10]   epoch: [1/50]  step: [870/2078] (41.9%)  eta_epoch: 4:46  eta_total: 6:47:51  loss: 2.2513  time: 0.234  data_time: 0.001  forward_time: 0.017  backward_time: 0.075  lr: 0.000100  max_mem: 14811M      
[2026-01-21 14:13:12]   epoch: [1/50]  step: [880/2078] (42.3%)  eta_epoch: 4:44  eta_total: 6:47:45  loss: 2.1503  time: 0.234  data_time: 0.001  forward_time: 0.017  backward_time: 0.075  lr: 0.000100  max_mem: 14811M      
[2026-01-21 14:13:15]   epoch: [1/50]  step: [890/2078] (42.8%)  eta_epoch: 4:42  eta_total: 6:47:42  loss: 2.3066  time: 0.234  data_time: 0.001  forward_time: 0.017  backward_time: 0.074  lr: 0.000100  max_mem: 14811M      
[2026-01-21 14:13:17]   epoch: [1/50]  step: [900/2078] (43.3%)  eta_epoch: 4:39  eta_total: 6:47:37  loss: 2.3597  time: 0.234  data_time: 0.001  forward_time: 0.014  backward_time: 0.076  lr: 0.000100  max_mem: 14811M      
[2026-01-21 14:13:19]   epoch: [1/50]  step: [910/2078] (43.8%)  eta_epoch: 4:37  eta_total: 6:47:32  loss: 2.2598  time: 0.234  data_time: 0.001  forward_time: 0.014  backward_time: 0.076  lr: 0.000100  max_mem: 14811M      
[2026-01-21 14:13:22]   epoch: [1/50]  step: [920/2078] (44.3%)  eta_epoch: 4:34  eta_total: 6:47:26  loss: 2.1430  time: 0.234  data_time: 0.001  forward_time: 0.018  backward_time: 0.073  lr: 0.000100  max_mem: 14811M      
[2026-01-21 14:13:24]   epoch: [1/50]  step: [930/2078] (44.8%)  eta_epoch: 4:32  eta_total: 6:47:22  loss: 2.3172  time: 0.234  data_time: 0.001  forward_time: 0.015  backward_time: 0.076  lr: 0.000100  max_mem: 14811M      
[2026-01-21 14:13:26]   epoch: [1/50]  step: [940/2078] (45.2%)  eta_epoch: 4:30  eta_total: 6:47:15  loss: 1.9879  time: 0.234  data_time: 0.001  forward_time: 0.015  backward_time: 0.075  lr: 0.000100  max_mem: 14811M      
[2026-01-21 14:13:29]   epoch: [1/50]  step: [950/2078] (45.7%)  eta_epoch: 4:27  eta_total: 6:47:10  loss: 2.2505  time: 0.234  data_time: 0.002  forward_time: 0.016  backward_time: 0.075  lr: 0.000100  max_mem: 14811M      
[2026-01-21 14:13:31]   epoch: [1/50]  step: [960/2078] (46.2%)  eta_epoch: 4:25  eta_total: 6:47:05  loss: 2.2293  time: 0.234  data_time: 0.001  forward_time: 0.015  backward_time: 0.076  lr: 0.000100  max_mem: 14811M      
[2026-01-21 14:13:34]   epoch: [1/50]  step: [970/2078] (46.7%)  eta_epoch: 4:22  eta_total: 6:47:00  loss: 2.3563  time: 0.234  data_time: 0.001  forward_time: 0.016  backward_time: 0.075  lr: 0.000100  max_mem: 14811M      
[2026-01-21 14:13:36]   epoch: [1/50]  step: [980/2078] (47.2%)  eta_epoch: 4:20  eta_total: 6:46:53  loss: 2.3359  time: 0.234  data_time: 0.001  forward_time: 0.015  backward_time: 0.076  lr: 0.000100  max_mem: 14811M      
[2026-01-21 14:13:38]   epoch: [1/50]  step: [990/2078] (47.6%)  eta_epoch: 4:18  eta_total: 6:46:49  loss: 1.9713  time: 0.234  data_time: 0.001  forward_time: 0.015  backward_time: 0.075  lr: 0.000100  max_mem: 14811M      
[2026-01-21 14:13:41]   epoch: [1/50]  step: [1000/2078] (48.1%)  eta_epoch: 4:15  eta_total: 6:46:43  loss: 2.1196  time: 0.234  data_time: 0.001  forward_time: 0.016  backward_time: 0.075  lr: 0.000100  max_mem: 14811M      
[2026-01-21 14:13:43]   epoch: [1/50]  step: [1010/2078] (48.6%)  eta_epoch: 4:13  eta_total: 6:46:40  loss: 2.0081  time: 0.234  data_time: 0.001  forward_time: 0.016  backward_time: 0.075  lr: 0.000100  max_mem: 14811M      
[2026-01-21 14:13:45]   epoch: [1/50]  step: [1020/2078] (49.1%)  eta_epoch: 4:10  eta_total: 6:46:36  loss: 2.3212  time: 0.234  data_time: 0.001  forward_time: 0.017  backward_time: 0.075  lr: 0.000100  max_mem: 14811M      
[2026-01-21 14:13:48]   epoch: [1/50]  step: [1030/2078] (49.6%)  eta_epoch: 4:08  eta_total: 6:46:32  loss: 2.1044  time: 0.234  data_time: 0.001  forward_time: 0.015  backward_time: 0.075  lr: 0.000100  max_mem: 14811M      
[2026-01-21 14:13:50]   epoch: [1/50]  step: [1040/2078] (50.0%)  eta_epoch: 4:06  eta_total: 6:46:28  loss: 1.8511  time: 0.234  data_time: 0.001  forward_time: 0.015  backward_time: 0.075  lr: 0.000100  max_mem: 14811M      
[2026-01-21 14:13:52]   epoch: [1/50]  step: [1050/2078] (50.5%)  eta_epoch: 4:03  eta_total: 6:46:24  loss: 2.2132  time: 0.234  data_time: 0.001  forward_time: 0.017  backward_time: 0.075  lr: 0.000100  max_mem: 14811M      
[2026-01-21 14:13:55]   epoch: [1/50]  step: [1060/2078] (51.0%)  eta_epoch: 4:01  eta_total: 6:46:21  loss: 2.3088  time: 0.234  data_time: 0.001  forward_time: 0.018  backward_time: 0.074  lr: 0.000100  max_mem: 14811M      
[2026-01-21 14:13:57]   epoch: [1/50]  step: [1070/2078] (51.5%)  eta_epoch: 3:58  eta_total: 6:46:16  loss: 2.3357  time: 0.234  data_time: 0.001  forward_time: 0.014  backward_time: 0.076  lr: 0.000100  max_mem: 14811M      
[2026-01-21 14:13:59]   epoch: [1/50]  step: [1080/2078] (52.0%)  eta_epoch: 3:56  eta_total: 6:46:11  loss: 2.1256  time: 0.234  data_time: 0.001  forward_time: 0.017  backward_time: 0.073  lr: 0.000100  max_mem: 14811M      
[2026-01-21 14:14:02]   epoch: [1/50]  step: [1090/2078] (52.5%)  eta_epoch: 3:54  eta_total: 6:46:07  loss: 2.3351  time: 0.234  data_time: 0.001  forward_time: 0.016  backward_time: 0.075  lr: 0.000100  max_mem: 14811M      
[2026-01-21 14:14:04]   epoch: [1/50]  step: [1100/2078] (52.9%)  eta_epoch: 3:51  eta_total: 6:46:03  loss: 2.1833  time: 0.234  data_time: 0.001  forward_time: 0.015  backward_time: 0.075  lr: 0.000100  max_mem: 14811M      
[2026-01-21 14:14:06]   epoch: [1/50]  step: [1110/2078] (53.4%)  eta_epoch: 3:49  eta_total: 6:45:57  loss: 2.3099  time: 0.234  data_time: 0.001  forward_time: 0.015  backward_time: 0.075  lr: 0.000100  max_mem: 14811M      
[2026-01-21 14:14:09]   epoch: [1/50]  step: [1120/2078] (53.9%)  eta_epoch: 3:46  eta_total: 6:45:53  loss: 2.0057  time: 0.234  data_time: 0.001  forward_time: 0.019  backward_time: 0.072  lr: 0.000100  max_mem: 14811M      
[2026-01-21 14:14:11]   epoch: [1/50]  step: [1130/2078] (54.4%)  eta_epoch: 3:44  eta_total: 6:45:49  loss: 2.5482  time: 0.234  data_time: 0.001  forward_time: 0.015  backward_time: 0.076  lr: 0.000100  max_mem: 14811M      
[2026-01-21 14:14:14]   epoch: [1/50]  step: [1140/2078] (54.9%)  eta_epoch: 3:42  eta_total: 6:45:47  loss: 2.4009  time: 0.236  data_time: 0.003  forward_time: 0.015  backward_time: 0.075  lr: 0.000100  max_mem: 14811M      
[2026-01-21 14:14:16]   epoch: [1/50]  step: [1150/2078] (55.3%)  eta_epoch: 3:39  eta_total: 6:45:44  loss: 2.0109  time: 0.235  data_time: 0.002  forward_time: 0.018  backward_time: 0.074  lr: 0.000100  max_mem: 14811M      
[2026-01-21 14:14:18]   epoch: [1/50]  step: [1160/2078] (55.8%)  eta_epoch: 3:37  eta_total: 6:45:44  loss: 2.3273  time: 0.234  data_time: 0.001  forward_time: 0.017  backward_time: 0.074  lr: 0.000100  max_mem: 14811M      
[2026-01-21 14:14:21]   epoch: [1/50]  step: [1170/2078] (56.3%)  eta_epoch: 3:35  eta_total: 6:45:42  loss: 2.1144  time: 0.234  data_time: 0.001  forward_time: 0.017  backward_time: 0.075  lr: 0.000100  max_mem: 14811M      
[2026-01-21 14:14:23]   epoch: [1/50]  step: [1180/2078] (56.8%)  eta_epoch: 3:32  eta_total: 6:45:42  loss: 2.3342  time: 0.234  data_time: 0.001  forward_time: 0.016  backward_time: 0.075  lr: 0.000100  max_mem: 14811M      
[2026-01-21 14:14:25]   epoch: [1/50]  step: [1190/2078] (57.3%)  eta_epoch: 3:30  eta_total: 6:45:40  loss: 2.0935  time: 0.234  data_time: 0.001  forward_time: 0.016  backward_time: 0.074  lr: 0.000100  max_mem: 14811M      
[2026-01-21 14:14:28]   epoch: [1/50]  step: [1200/2078] (57.7%)  eta_epoch: 3:28  eta_total: 6:45:34  loss: 2.4736  time: 0.234  data_time: 0.001  forward_time: 0.019  backward_time: 0.072  lr: 0.000100  max_mem: 14811M      
[2026-01-21 14:14:30]   epoch: [1/50]  step: [1210/2078] (58.2%)  eta_epoch: 3:25  eta_total: 6:45:27  loss: 2.5000  time: 0.234  data_time: 0.001  forward_time: 0.016  backward_time: 0.075  lr: 0.000100  max_mem: 14811M      
[2026-01-21 14:14:32]   epoch: [1/50]  step: [1220/2078] (58.7%)  eta_epoch: 3:23  eta_total: 6:45:21  loss: 2.4360  time: 0.234  data_time: 0.001  forward_time: 0.015  backward_time: 0.075  lr: 0.000100  max_mem: 14811M      
[2026-01-21 14:14:35]   epoch: [1/50]  step: [1230/2078] (59.2%)  eta_epoch: 3:20  eta_total: 6:45:12  loss: 2.4762  time: 0.233  data_time: 0.001  forward_time: 0.015  backward_time: 0.075  lr: 0.000100  max_mem: 14811M      
[2026-01-21 14:14:37]   epoch: [1/50]  step: [1240/2078] (59.7%)  eta_epoch: 3:18  eta_total: 6:45:06  loss: 2.1390  time: 0.234  data_time: 0.001  forward_time: 0.016  backward_time: 0.075  lr: 0.000100  max_mem: 14811M      
[2026-01-21 14:14:40]   epoch: [1/50]  step: [1250/2078] (60.2%)  eta_epoch: 3:16  eta_total: 6:45:04  loss: 2.1940  time: 0.235  data_time: 0.001  forward_time: 0.018  backward_time: 0.073  lr: 0.000100  max_mem: 14811M      
[2026-01-21 14:14:42]   epoch: [1/50]  step: [1260/2078] (60.6%)  eta_epoch: 3:13  eta_total: 6:45:03  loss: 2.8930  time: 0.234  data_time: 0.001  forward_time: 0.016  backward_time: 0.075  lr: 0.000100  max_mem: 14811M      
[2026-01-21 14:14:44]   epoch: [1/50]  step: [1270/2078] (61.1%)  eta_epoch: 3:11  eta_total: 6:45:01  loss: 1.9140  time: 0.234  data_time: 0.001  forward_time: 0.015  backward_time: 0.075  lr: 0.000100  max_mem: 14811M      
[2026-01-21 14:14:47]   epoch: [1/50]  step: [1280/2078] (61.6%)  eta_epoch: 3:08  eta_total: 6:44:57  loss: 2.0029  time: 0.234  data_time: 0.001  forward_time: 0.015  backward_time: 0.075  lr: 0.000100  max_mem: 14811M      
[2026-01-21 14:14:49]   epoch: [1/50]  step: [1290/2078] (62.1%)  eta_epoch: 3:06  eta_total: 6:44:55  loss: 2.2991  time: 0.234  data_time: 0.001  forward_time: 0.017  backward_time: 0.074  lr: 0.000100  max_mem: 14811M      
[2026-01-21 14:14:51]   epoch: [1/50]  step: [1300/2078] (62.6%)  eta_epoch: 3:04  eta_total: 6:44:52  loss: 2.0228  time: 0.234  data_time: 0.001  forward_time: 0.019  backward_time: 0.073  lr: 0.000100  max_mem: 14811M      
[2026-01-21 14:14:54]   epoch: [1/50]  step: [1310/2078] (63.0%)  eta_epoch: 3:01  eta_total: 6:44:48  loss: 1.9188  time: 0.234  data_time: 0.001  forward_time: 0.018  backward_time: 0.073  lr: 0.000100  max_mem: 14811M      
[2026-01-21 14:14:56]   epoch: [1/50]  step: [1320/2078] (63.5%)  eta_epoch: 2:59  eta_total: 6:44:45  loss: 2.0504  time: 0.234  data_time: 0.001  forward_time: 0.016  backward_time: 0.074  lr: 0.000100  max_mem: 14811M      
[2026-01-21 14:14:58]   epoch: [1/50]  step: [1330/2078] (64.0%)  eta_epoch: 2:57  eta_total: 6:44:41  loss: 2.2756  time: 0.234  data_time: 0.001  forward_time: 0.017  backward_time: 0.074  lr: 0.000100  max_mem: 14811M      
[2026-01-21 14:15:01]   epoch: [1/50]  step: [1340/2078] (64.5%)  eta_epoch: 2:54  eta_total: 6:44:36  loss: 2.4999  time: 0.234  data_time: 0.001  forward_time: 0.015  backward_time: 0.075  lr: 0.000100  max_mem: 14811M      
[2026-01-21 14:15:03]   epoch: [1/50]  step: [1350/2078] (65.0%)  eta_epoch: 2:52  eta_total: 6:44:30  loss: 2.1614  time: 0.234  data_time: 0.001  forward_time: 0.016  backward_time: 0.075  lr: 0.000100  max_mem: 14811M      
[2026-01-21 14:15:05]   epoch: [1/50]  step: [1360/2078] (65.4%)  eta_epoch: 2:49  eta_total: 6:44:25  loss: 2.2876  time: 0.234  data_time: 0.001  forward_time: 0.016  backward_time: 0.075  lr: 0.000100  max_mem: 14811M      
[2026-01-21 14:15:08]   epoch: [1/50]  step: [1370/2078] (65.9%)  eta_epoch: 2:47  eta_total: 6:44:19  loss: 2.2311  time: 0.234  data_time: 0.001  forward_time: 0.015  backward_time: 0.075  lr: 0.000100  max_mem: 14811M      
[2026-01-21 14:15:10]   epoch: [1/50]  step: [1380/2078] (66.4%)  eta_epoch: 2:45  eta_total: 6:44:17  loss: 2.0859  time: 0.234  data_time: 0.001  forward_time: 0.015  backward_time: 0.076  lr: 0.000100  max_mem: 14811M      
[2026-01-21 14:15:13]   epoch: [1/50]  step: [1390/2078] (66.9%)  eta_epoch: 2:42  eta_total: 6:44:12  loss: 2.5795  time: 0.234  data_time: 0.001  forward_time: 0.016  backward_time: 0.074  lr: 0.000100  max_mem: 14811M      
[2026-01-21 14:15:15]   epoch: [1/50]  step: [1400/2078] (67.4%)  eta_epoch: 2:40  eta_total: 6:44:07  loss: 1.9627  time: 0.234  data_time: 0.001  forward_time: 0.015  backward_time: 0.076  lr: 0.000100  max_mem: 14811M      
[2026-01-21 14:15:17]   epoch: [1/50]  step: [1410/2078] (67.9%)  eta_epoch: 2:38  eta_total: 6:44:03  loss: 2.0032  time: 0.234  data_time: 0.001  forward_time: 0.015  backward_time: 0.075  lr: 0.000100  max_mem: 14811M      
[2026-01-21 14:15:20]   epoch: [1/50]  step: [1420/2078] (68.3%)  eta_epoch: 2:35  eta_total: 6:44:00  loss: 2.2066  time: 0.234  data_time: 0.001  forward_time: 0.015  backward_time: 0.075  lr: 0.000100  max_mem: 14811M      
[2026-01-21 14:15:22]   epoch: [1/50]  step: [1430/2078] (68.8%)  eta_epoch: 2:33  eta_total: 6:43:55  loss: 1.9270  time: 0.234  data_time: 0.001  forward_time: 0.016  backward_time: 0.074  lr: 0.000100  max_mem: 14811M      
[2026-01-21 14:15:24]   epoch: [1/50]  step: [1440/2078] (69.3%)  eta_epoch: 2:30  eta_total: 6:43:51  loss: 2.3642  time: 0.234  data_time: 0.001  forward_time: 0.016  backward_time: 0.074  lr: 0.000100  max_mem: 14811M      
[2026-01-21 14:15:27]   epoch: [1/50]  step: [1450/2078] (69.8%)  eta_epoch: 2:28  eta_total: 6:43:49  loss: 2.0008  time: 0.234  data_time: 0.001  forward_time: 0.016  backward_time: 0.075  lr: 0.000100  max_mem: 14811M      
[2026-01-21 14:15:29]   epoch: [1/50]  step: [1460/2078] (70.3%)  eta_epoch: 2:26  eta_total: 6:43:45  loss: 2.0068  time: 0.234  data_time: 0.001  forward_time: 0.021  backward_time: 0.069  lr: 0.000100  max_mem: 14811M      
[2026-01-21 14:15:31]   epoch: [1/50]  step: [1470/2078] (70.7%)  eta_epoch: 2:23  eta_total: 6:43:42  loss: 2.0126  time: 0.234  data_time: 0.001  forward_time: 0.015  backward_time: 0.075  lr: 0.000100  max_mem: 14811M      
[2026-01-21 14:15:34]   epoch: [1/50]  step: [1480/2078] (71.2%)  eta_epoch: 2:21  eta_total: 6:43:39  loss: 2.4676  time: 0.234  data_time: 0.001  forward_time: 0.017  backward_time: 0.074  lr: 0.000100  max_mem: 14811M      
[2026-01-21 14:15:36]   epoch: [1/50]  step: [1490/2078] (71.7%)  eta_epoch: 2:19  eta_total: 6:43:35  loss: 2.2854  time: 0.234  data_time: 0.001  forward_time: 0.015  backward_time: 0.075  lr: 0.000100  max_mem: 14811M      
[2026-01-21 14:15:38]   epoch: [1/50]  step: [1500/2078] (72.2%)  eta_epoch: 2:16  eta_total: 6:43:31  loss: 2.2795  time: 0.234  data_time: 0.001  forward_time: 0.015  backward_time: 0.075  lr: 0.000100  max_mem: 14811M      
[2026-01-21 14:15:41]   epoch: [1/50]  step: [1510/2078] (72.7%)  eta_epoch: 2:14  eta_total: 6:43:28  loss: 2.5439  time: 0.234  data_time: 0.001  forward_time: 0.017  backward_time: 0.074  lr: 0.000100  max_mem: 14811M      
[2026-01-21 14:15:43]   epoch: [1/50]  step: [1520/2078] (73.1%)  eta_epoch: 2:11  eta_total: 6:43:25  loss: 2.2248  time: 0.234  data_time: 0.001  forward_time: 0.015  backward_time: 0.075  lr: 0.000100  max_mem: 14811M      
[2026-01-21 14:15:45]   epoch: [1/50]  step: [1530/2078] (73.6%)  eta_epoch: 2:09  eta_total: 6:43:20  loss: 2.0846  time: 0.234  data_time: 0.001  forward_time: 0.015  backward_time: 0.075  lr: 0.000100  max_mem: 14811M      
[2026-01-21 14:15:48]   epoch: [1/50]  step: [1540/2078] (74.1%)  eta_epoch: 2:07  eta_total: 6:43:18  loss: 2.4841  time: 0.234  data_time: 0.001  forward_time: 0.016  backward_time: 0.075  lr: 0.000100  max_mem: 14811M      
[2026-01-21 14:15:50]   epoch: [1/50]  step: [1550/2078] (74.6%)  eta_epoch: 2:04  eta_total: 6:43:15  loss: 2.0290  time: 0.234  data_time: 0.001  forward_time: 0.016  backward_time: 0.075  lr: 0.000100  max_mem: 14811M      
[2026-01-21 14:15:52]   epoch: [1/50]  step: [1560/2078] (75.1%)  eta_epoch: 2:02  eta_total: 6:43:11  loss: 2.1601  time: 0.234  data_time: 0.001  forward_time: 0.015  backward_time: 0.075  lr: 0.000100  max_mem: 14811M      
[2026-01-21 14:15:55]   epoch: [1/50]  step: [1570/2078] (75.6%)  eta_epoch: 2:00  eta_total: 6:43:07  loss: 2.0569  time: 0.234  data_time: 0.001  forward_time: 0.015  backward_time: 0.075  lr: 0.000100  max_mem: 14811M      
[2026-01-21 14:15:57]   epoch: [1/50]  step: [1580/2078] (76.0%)  eta_epoch: 1:57  eta_total: 6:43:04  loss: 2.5341  time: 0.234  data_time: 0.001  forward_time: 0.015  backward_time: 0.075  lr: 0.000100  max_mem: 14811M      
[2026-01-21 14:16:00]   epoch: [1/50]  step: [1590/2078] (76.5%)  eta_epoch: 1:55  eta_total: 6:42:59  loss: 2.2490  time: 0.234  data_time: 0.001  forward_time: 0.015  backward_time: 0.075  lr: 0.000100  max_mem: 14811M      
[2026-01-21 14:16:02]   epoch: [1/50]  step: [1600/2078] (77.0%)  eta_epoch: 1:52  eta_total: 6:42:56  loss: 2.2197  time: 0.234  data_time: 0.001  forward_time: 0.017  backward_time: 0.076  lr: 0.000100  max_mem: 14811M      
[2026-01-21 14:16:04]   epoch: [1/50]  step: [1610/2078] (77.5%)  eta_epoch: 1:50  eta_total: 6:42:56  loss: 1.9398  time: 0.234  data_time: 0.001  forward_time: 0.016  backward_time: 0.074  lr: 0.000100  max_mem: 14811M      
[2026-01-21 14:16:07]   epoch: [1/50]  step: [1620/2078] (78.0%)  eta_epoch: 1:48  eta_total: 6:42:52  loss: 2.2921  time: 0.234  data_time: 0.001  forward_time: 0.016  backward_time: 0.074  lr: 0.000100  max_mem: 14811M      
[2026-01-21 14:16:09]   epoch: [1/50]  step: [1630/2078] (78.4%)  eta_epoch: 1:45  eta_total: 6:42:48  loss: 2.1725  time: 0.234  data_time: 0.001  forward_time: 0.015  backward_time: 0.075  lr: 0.000100  max_mem: 14811M      
[2026-01-21 14:16:11]   epoch: [1/50]  step: [1640/2078] (78.9%)  eta_epoch: 1:43  eta_total: 6:42:46  loss: 2.2589  time: 0.234  data_time: 0.001  forward_time: 0.016  backward_time: 0.075  lr: 0.000100  max_mem: 14811M      
[2026-01-21 14:16:14]   epoch: [1/50]  step: [1650/2078] (79.4%)  eta_epoch: 1:41  eta_total: 6:42:41  loss: 2.0938  time: 0.234  data_time: 0.001  forward_time: 0.015  backward_time: 0.075  lr: 0.000100  max_mem: 14811M      
[2026-01-21 14:16:16]   epoch: [1/50]  step: [1660/2078] (79.9%)  eta_epoch: 1:38  eta_total: 6:42:37  loss: 1.8719  time: 0.234  data_time: 0.001  forward_time: 0.015  backward_time: 0.075  lr: 0.000100  max_mem: 14811M      
[2026-01-21 14:16:18]   epoch: [1/50]  step: [1670/2078] (80.4%)  eta_epoch: 1:36  eta_total: 6:42:34  loss: 2.2150  time: 0.234  data_time: 0.001  forward_time: 0.015  backward_time: 0.075  lr: 0.000100  max_mem: 14811M      
[2026-01-21 14:16:21]   epoch: [1/50]  step: [1680/2078] (80.8%)  eta_epoch: 1:34  eta_total: 6:42:32  loss: 2.1372  time: 0.234  data_time: 0.001  forward_time: 0.016  backward_time: 0.075  lr: 0.000100  max_mem: 14811M      
[2026-01-21 14:16:23]   epoch: [1/50]  step: [1690/2078] (81.3%)  eta_epoch: 1:31  eta_total: 6:42:28  loss: 2.1088  time: 0.234  data_time: 0.001  forward_time: 0.015  backward_time: 0.075  lr: 0.000100  max_mem: 14811M      
[2026-01-21 14:16:25]   epoch: [1/50]  step: [1700/2078] (81.8%)  eta_epoch: 1:29  eta_total: 6:42:26  loss: 2.1017  time: 0.234  data_time: 0.001  forward_time: 0.016  backward_time: 0.075  lr: 0.000100  max_mem: 14811M      
[2026-01-21 14:16:28]   epoch: [1/50]  step: [1710/2078] (82.3%)  eta_epoch: 1:26  eta_total: 6:42:23  loss: 2.1717  time: 0.234  data_time: 0.001  forward_time: 0.018  backward_time: 0.074  lr: 0.000100  max_mem: 14811M      
[2026-01-21 14:16:30]   epoch: [1/50]  step: [1720/2078] (82.8%)  eta_epoch: 1:24  eta_total: 6:42:22  loss: 2.3503  time: 0.234  data_time: 0.001  forward_time: 0.016  backward_time: 0.075  lr: 0.000100  max_mem: 14811M      
[2026-01-21 14:16:33]   epoch: [1/50]  step: [1730/2078] (83.3%)  eta_epoch: 1:22  eta_total: 6:42:19  loss: 2.4356  time: 0.234  data_time: 0.001  forward_time: 0.015  backward_time: 0.075  lr: 0.000100  max_mem: 14811M      
[2026-01-21 14:16:35]   epoch: [1/50]  step: [1740/2078] (83.7%)  eta_epoch: 1:19  eta_total: 6:42:16  loss: 2.0573  time: 0.234  data_time: 0.001  forward_time: 0.015  backward_time: 0.075  lr: 0.000100  max_mem: 14811M      
[2026-01-21 14:16:37]   epoch: [1/50]  step: [1750/2078] (84.2%)  eta_epoch: 1:17  eta_total: 6:42:12  loss: 1.8011  time: 0.234  data_time: 0.001  forward_time: 0.016  backward_time: 0.075  lr: 0.000100  max_mem: 14811M      
[2026-01-21 14:16:40]   epoch: [1/50]  step: [1760/2078] (84.7%)  eta_epoch: 1:15  eta_total: 6:42:11  loss: 2.3691  time: 0.234  data_time: 0.001  forward_time: 0.016  backward_time: 0.075  lr: 0.000100  max_mem: 14811M      
[2026-01-21 14:16:42]   epoch: [1/50]  step: [1770/2078] (85.2%)  eta_epoch: 1:12  eta_total: 6:42:07  loss: 2.5725  time: 0.234  data_time: 0.001  forward_time: 0.015  backward_time: 0.075  lr: 0.000100  max_mem: 14811M      
[2026-01-21 14:16:44]   epoch: [1/50]  step: [1780/2078] (85.7%)  eta_epoch: 1:10  eta_total: 6:42:05  loss: 2.1368  time: 0.234  data_time: 0.001  forward_time: 0.017  backward_time: 0.075  lr: 0.000100  max_mem: 14811M      
[2026-01-21 14:16:47]   epoch: [1/50]  step: [1790/2078] (86.1%)  eta_epoch: 1:08  eta_total: 6:42:02  loss: 2.5684  time: 0.234  data_time: 0.001  forward_time: 0.017  backward_time: 0.075  lr: 0.000100  max_mem: 14811M      
[2026-01-21 14:16:49]   epoch: [1/50]  step: [1800/2078] (86.6%)  eta_epoch: 1:05  eta_total: 6:42:01  loss: 2.3437  time: 0.234  data_time: 0.001  forward_time: 0.016  backward_time: 0.077  lr: 0.000100  max_mem: 14811M      
[2026-01-21 14:16:51]   epoch: [1/50]  step: [1810/2078] (87.1%)  eta_epoch: 1:03  eta_total: 6:41:58  loss: 2.2830  time: 0.234  data_time: 0.001  forward_time: 0.018  backward_time: 0.073  lr: 0.000100  max_mem: 14811M      
[2026-01-21 14:16:54]   epoch: [1/50]  step: [1820/2078] (87.6%)  eta_epoch: 1:00  eta_total: 6:41:59  loss: 2.4856  time: 0.236  data_time: 0.001  forward_time: 0.021  backward_time: 0.073  lr: 0.000100  max_mem: 14811M      
[2026-01-21 14:16:56]   epoch: [1/50]  step: [1830/2078] (88.1%)  eta_epoch: 0:58  eta_total: 6:41:59  loss: 2.0511  time: 0.234  data_time: 0.001  forward_time: 0.015  backward_time: 0.076  lr: 0.000100  max_mem: 14811M      
[2026-01-21 14:16:58]   epoch: [1/50]  step: [1840/2078] (88.5%)  eta_epoch: 0:56  eta_total: 6:41:58  loss: 2.1041  time: 0.234  data_time: 0.002  forward_time: 0.016  backward_time: 0.075  lr: 0.000100  max_mem: 14811M      
[2026-01-21 14:17:01]   epoch: [1/50]  step: [1850/2078] (89.0%)  eta_epoch: 0:53  eta_total: 6:41:56  loss: 2.0731  time: 0.234  data_time: 0.001  forward_time: 0.017  backward_time: 0.075  lr: 0.000100  max_mem: 14811M      
[2026-01-21 14:17:03]   epoch: [1/50]  step: [1860/2078] (89.5%)  eta_epoch: 0:51  eta_total: 6:41:55  loss: 2.7788  time: 0.234  data_time: 0.001  forward_time: 0.015  backward_time: 0.076  lr: 0.000100  max_mem: 14811M      
[2026-01-21 14:17:06]   epoch: [1/50]  step: [1870/2078] (90.0%)  eta_epoch: 0:49  eta_total: 6:41:51  loss: 2.5669  time: 0.234  data_time: 0.001  forward_time: 0.018  backward_time: 0.077  lr: 0.000100  max_mem: 14811M      
[2026-01-21 14:17:08]   epoch: [1/50]  step: [1880/2078] (90.5%)  eta_epoch: 0:46  eta_total: 6:41:45  loss: 2.2546  time: 0.234  data_time: 0.001  forward_time: 0.015  backward_time: 0.076  lr: 0.000100  max_mem: 14811M      
[2026-01-21 14:17:10]   epoch: [1/50]  step: [1890/2078] (91.0%)  eta_epoch: 0:44  eta_total: 6:41:42  loss: 2.1536  time: 0.234  data_time: 0.001  forward_time: 0.015  backward_time: 0.075  lr: 0.000100  max_mem: 14811M      
[2026-01-21 14:17:13]   epoch: [1/50]  step: [1900/2078] (91.4%)  eta_epoch: 0:42  eta_total: 6:41:43  loss: 2.0942  time: 0.238  data_time: 0.003  forward_time: 0.023  backward_time: 0.070  lr: 0.000100  max_mem: 14811M      
[2026-01-21 14:17:15]   epoch: [1/50]  step: [1910/2078] (91.9%)  eta_epoch: 0:39  eta_total: 6:41:45  loss: 2.1326  time: 0.234  data_time: 0.001  forward_time: 0.015  backward_time: 0.078  lr: 0.000100  max_mem: 14811M      
[2026-01-21 14:17:17]   epoch: [1/50]  step: [1920/2078] (92.4%)  eta_epoch: 0:37  eta_total: 6:41:42  loss: 2.3167  time: 0.234  data_time: 0.001  forward_time: 0.015  backward_time: 0.076  lr: 0.000100  max_mem: 14811M      
[2026-01-21 14:17:20]   epoch: [1/50]  step: [1930/2078] (92.9%)  eta_epoch: 0:34  eta_total: 6:41:40  loss: 2.1755  time: 0.234  data_time: 0.001  forward_time: 0.016  backward_time: 0.075  lr: 0.000100  max_mem: 14811M      
[2026-01-21 14:17:22]   epoch: [1/50]  step: [1940/2078] (93.4%)  eta_epoch: 0:32  eta_total: 6:41:37  loss: 2.0053  time: 0.234  data_time: 0.001  forward_time: 0.015  backward_time: 0.076  lr: 0.000100  max_mem: 14811M      
[2026-01-21 14:17:25]   epoch: [1/50]  step: [1950/2078] (93.8%)  eta_epoch: 0:30  eta_total: 6:41:30  loss: 2.5481  time: 0.234  data_time: 0.001  forward_time: 0.015  backward_time: 0.075  lr: 0.000100  max_mem: 14811M      
[2026-01-21 14:17:27]   epoch: [1/50]  step: [1960/2078] (94.3%)  eta_epoch: 0:27  eta_total: 6:41:21  loss: 2.2470  time: 0.234  data_time: 0.001  forward_time: 0.014  backward_time: 0.076  lr: 0.000100  max_mem: 14811M      
[2026-01-21 14:17:29]   epoch: [1/50]  step: [1970/2078] (94.8%)  eta_epoch: 0:25  eta_total: 6:41:19  loss: 2.3947  time: 0.234  data_time: 0.001  forward_time: 0.017  backward_time: 0.073  lr: 0.000100  max_mem: 14811M      
[2026-01-21 14:17:32]   epoch: [1/50]  step: [1980/2078] (95.3%)  eta_epoch: 0:23  eta_total: 6:41:17  loss: 1.9256  time: 0.234  data_time: 0.001  forward_time: 0.017  backward_time: 0.074  lr: 0.000100  max_mem: 14811M      
[2026-01-21 14:17:34]   epoch: [1/50]  step: [1990/2078] (95.8%)  eta_epoch: 0:20  eta_total: 6:41:15  loss: 2.4179  time: 0.234  data_time: 0.001  forward_time: 0.016  backward_time: 0.075  lr: 0.000100  max_mem: 14811M      
[2026-01-21 14:17:36]   epoch: [1/50]  step: [2000/2078] (96.2%)  eta_epoch: 0:18  eta_total: 6:41:12  loss: 2.3843  time: 0.235  data_time: 0.001  forward_time: 0.016  backward_time: 0.076  lr: 0.000100  max_mem: 14811M      
[2026-01-21 14:17:39]   epoch: [1/50]  step: [2010/2078] (96.7%)  eta_epoch: 0:16  eta_total: 6:41:11  loss: 2.1187  time: 0.234  data_time: 0.001  forward_time: 0.017  backward_time: 0.074  lr: 0.000100  max_mem: 14811M      
[2026-01-21 14:17:41]   epoch: [1/50]  step: [2020/2078] (97.2%)  eta_epoch: 0:13  eta_total: 6:41:08  loss: 2.0688  time: 0.234  data_time: 0.001  forward_time: 0.015  backward_time: 0.076  lr: 0.000100  max_mem: 14811M      
[2026-01-21 14:17:43]   epoch: [1/50]  step: [2030/2078] (97.7%)  eta_epoch: 0:11  eta_total: 6:41:04  loss: 2.0750  time: 0.234  data_time: 0.001  forward_time: 0.016  backward_time: 0.075  lr: 0.000100  max_mem: 14811M      
[2026-01-21 14:17:46]   epoch: [1/50]  step: [2040/2078] (98.2%)  eta_epoch: 0:08  eta_total: 6:41:01  loss: 2.2867  time: 0.234  data_time: 0.001  forward_time: 0.018  backward_time: 0.074  lr: 0.000100  max_mem: 14811M      
[2026-01-21 14:17:48]   epoch: [1/50]  step: [2050/2078] (98.7%)  eta_epoch: 0:06  eta_total: 6:40:58  loss: 2.2066  time: 0.234  data_time: 0.001  forward_time: 0.017  backward_time: 0.074  lr: 0.000100  max_mem: 14811M      
[2026-01-21 14:17:51]   epoch: [1/50]  step: [2060/2078] (99.1%)  eta_epoch: 0:04  eta_total: 6:40:54  loss: 2.5652  time: 0.234  data_time: 0.001  forward_time: 0.021  backward_time: 0.071  lr: 0.000100  max_mem: 14811M      
[2026-01-21 14:17:53]   epoch: [1/50]  step: [2070/2078] (99.6%)  eta_epoch: 0:01  eta_total: 6:40:52  loss: 2.1464  time: 0.234  data_time: 0.001  forward_time: 0.016  backward_time: 0.075  lr: 0.000100  max_mem: 14811M      
[2026-01-21 14:17:55]   epoch: [1/50]  step: [2078/2078] (100.0%)  eta_epoch: 0:00  eta_total: 6:39:30  loss: 2.0772  time: 0.112  data_time: 0.001  forward_time: 0.044  backward_time: 0.044  lr: 0.000100  max_mem: 14811M      
[2026-01-21 14:17:55]   [epoch 1 training completed] avg_loss: 2.4473  epoch_time: 492.68s  avg_data_time: 0.001s  avg_forward_time: 0.016s  avg_backward_time: 0.075s  avg_step_time: 0.232s  throughput: 202.4 samples/s    
[2026-01-21 14:17:55]   Validating epoch[1/50]...    
[2026-01-21 14:18:57]   [epoch 1] train_loss: 2.447 val_accuracy: 0.3579 precision: 0.2537 recall: 0.3579 specificity: 0.9682 f1_score: 0.2663 auc: 0.7116 overall_accuracy: 0.3579    
[2026-01-21 14:18:57]   
Saving checkpoint...    
[2026-01-21 14:19:01]   epoch: [2/50]  step: [10/2078] (0.5%)  eta_epoch: 10:00  eta_total: 7:16:03  loss: 2.1231  time: 0.234  data_time: 0.001  forward_time: 0.017  backward_time: 0.074  lr: 0.000100  max_mem: 14811M      
[2026-01-21 14:19:04]   epoch: [2/50]  step: [20/2078] (1.0%)  eta_epoch: 9:00  eta_total: 7:15:51  loss: 2.3390  time: 0.234  data_time: 0.001  forward_time: 0.018  backward_time: 0.073  lr: 0.000100  max_mem: 14811M      
[2026-01-21 14:19:06]   epoch: [2/50]  step: [30/2078] (1.4%)  eta_epoch: 8:38  eta_total: 7:15:36  loss: 2.1916  time: 0.233  data_time: 0.001  forward_time: 0.015  backward_time: 0.076  lr: 0.000100  max_mem: 14811M      
[2026-01-21 14:19:08]   epoch: [2/50]  step: [40/2078] (1.9%)  eta_epoch: 8:26  eta_total: 7:15:19  loss: 2.0676  time: 0.234  data_time: 0.001  forward_time: 0.015  backward_time: 0.075  lr: 0.000100  max_mem: 14811M      
[2026-01-21 14:19:11]   epoch: [2/50]  step: [50/2078] (2.4%)  eta_epoch: 8:20  eta_total: 7:16:23  loss: 2.3367  time: 0.234  data_time: 0.001  forward_time: 0.015  backward_time: 0.076  lr: 0.000100  max_mem: 14811M      
[2026-01-21 14:19:13]   epoch: [2/50]  step: [60/2078] (2.9%)  eta_epoch: 8:13  eta_total: 7:16:06  loss: 2.3164  time: 0.233  data_time: 0.001  forward_time: 0.014  backward_time: 0.076  lr: 0.000100  max_mem: 14811M      
[2026-01-21 14:19:16]   epoch: [2/50]  step: [70/2078] (3.4%)  eta_epoch: 8:08  eta_total: 7:15:52  loss: 2.4738  time: 0.234  data_time: 0.001  forward_time: 0.015  backward_time: 0.075  lr: 0.000100  max_mem: 14811M      
[2026-01-21 14:19:18]   epoch: [2/50]  step: [80/2078] (3.8%)  eta_epoch: 8:04  eta_total: 7:15:40  loss: 2.2297  time: 0.234  data_time: 0.001  forward_time: 0.015  backward_time: 0.076  lr: 0.000100  max_mem: 14811M      
[2026-01-21 14:19:20]   epoch: [2/50]  step: [90/2078] (4.3%)  eta_epoch: 8:00  eta_total: 7:15:27  loss: 2.0740  time: 0.234  data_time: 0.001  forward_time: 0.017  backward_time: 0.074  lr: 0.000100  max_mem: 14811M      
[2026-01-21 14:19:23]   epoch: [2/50]  step: [100/2078] (4.8%)  eta_epoch: 7:56  eta_total: 7:15:13  loss: 1.9226  time: 0.234  data_time: 0.001  forward_time: 0.021  backward_time: 0.070  lr: 0.000100  max_mem: 14811M      
[2026-01-21 14:19:25]   epoch: [2/50]  step: [110/2078] (5.3%)  eta_epoch: 7:53  eta_total: 7:15:02  loss: 2.0344  time: 0.233  data_time: 0.001  forward_time: 0.015  backward_time: 0.075  lr: 0.000100  max_mem: 14811M      
[2026-01-21 14:19:27]   epoch: [2/50]  step: [120/2078] (5.8%)  eta_epoch: 7:49  eta_total: 7:14:49  loss: 2.3379  time: 0.234  data_time: 0.001  forward_time: 0.016  backward_time: 0.075  lr: 0.000100  max_mem: 14811M      
[2026-01-21 14:19:30]   epoch: [2/50]  step: [130/2078] (6.3%)  eta_epoch: 7:46  eta_total: 7:14:37  loss: 1.9311  time: 0.234  data_time: 0.001  forward_time: 0.015  backward_time: 0.075  lr: 0.000100  max_mem: 14811M      
[2026-01-21 14:19:32]   epoch: [2/50]  step: [140/2078] (6.7%)  eta_epoch: 7:43  eta_total: 7:14:29  loss: 2.1624  time: 0.235  data_time: 0.001  forward_time: 0.019  backward_time: 0.074  lr: 0.000100  max_mem: 14811M      
[2026-01-21 14:19:34]   epoch: [2/50]  step: [150/2078] (7.2%)  eta_epoch: 7:40  eta_total: 7:14:17  loss: 2.2064  time: 0.234  data_time: 0.001  forward_time: 0.017  backward_time: 0.074  lr: 0.000100  max_mem: 14811M      
[2026-01-21 14:19:37]   epoch: [2/50]  step: [160/2078] (7.7%)  eta_epoch: 7:38  eta_total: 7:14:05  loss: 2.7885  time: 0.234  data_time: 0.001  forward_time: 0.016  backward_time: 0.075  lr: 0.000100  max_mem: 14811M      
[2026-01-21 14:19:39]   epoch: [2/50]  step: [170/2078] (8.2%)  eta_epoch: 7:35  eta_total: 7:13:54  loss: 2.1344  time: 0.235  data_time: 0.001  forward_time: 0.023  backward_time: 0.070  lr: 0.000100  max_mem: 14811M      
[2026-01-21 14:19:41]   epoch: [2/50]  step: [180/2078] (8.7%)  eta_epoch: 7:32  eta_total: 7:13:42  loss: 2.4139  time: 0.234  data_time: 0.001  forward_time: 0.018  backward_time: 0.073  lr: 0.000100  max_mem: 14811M      
[2026-01-21 14:19:44]   epoch: [2/50]  step: [190/2078] (9.1%)  eta_epoch: 7:30  eta_total: 7:13:27  loss: 2.2580  time: 0.234  data_time: 0.001  forward_time: 0.016  backward_time: 0.075  lr: 0.000100  max_mem: 14811M      
[2026-01-21 14:19:46]   epoch: [2/50]  step: [200/2078] (9.6%)  eta_epoch: 7:27  eta_total: 7:13:14  loss: 2.3953  time: 0.234  data_time: 0.001  forward_time: 0.017  backward_time: 0.074  lr: 0.000100  max_mem: 14811M      
[2026-01-21 14:19:49]   epoch: [2/50]  step: [210/2078] (10.1%)  eta_epoch: 7:24  eta_total: 7:13:03  loss: 2.1913  time: 0.234  data_time: 0.001  forward_time: 0.020  backward_time: 0.071  lr: 0.000100  max_mem: 14811M      
[2026-01-21 14:19:51]   epoch: [2/50]  step: [220/2078] (10.6%)  eta_epoch: 7:21  eta_total: 7:12:51  loss: 2.4670  time: 0.234  data_time: 0.001  forward_time: 0.017  backward_time: 0.075  lr: 0.000100  max_mem: 14811M      
[2026-01-21 14:19:53]   epoch: [2/50]  step: [230/2078] (11.1%)  eta_epoch: 7:19  eta_total: 7:12:39  loss: 2.3722  time: 0.234  data_time: 0.001  forward_time: 0.016  backward_time: 0.075  lr: 0.000100  max_mem: 14811M      
[2026-01-21 14:19:56]   epoch: [2/50]  step: [240/2078] (11.5%)  eta_epoch: 7:16  eta_total: 7:12:28  loss: 2.3681  time: 0.234  data_time: 0.001  forward_time: 0.015  backward_time: 0.076  lr: 0.000100  max_mem: 14811M      
[2026-01-21 14:19:58]   epoch: [2/50]  step: [250/2078] (12.0%)  eta_epoch: 7:14  eta_total: 7:12:17  loss: 1.7794  time: 0.234  data_time: 0.001  forward_time: 0.016  backward_time: 0.074  lr: 0.000100  max_mem: 14811M      
[2026-01-21 14:20:00]   epoch: [2/50]  step: [260/2078] (12.5%)  eta_epoch: 7:11  eta_total: 7:12:03  loss: 2.4324  time: 0.234  data_time: 0.001  forward_time: 0.016  backward_time: 0.075  lr: 0.000100  max_mem: 14811M      
[2026-01-21 14:20:03]   epoch: [2/50]  step: [270/2078] (13.0%)  eta_epoch: 7:08  eta_total: 7:11:51  loss: 2.0827  time: 0.234  data_time: 0.001  forward_time: 0.015  backward_time: 0.075  lr: 0.000100  max_mem: 14811M      
[2026-01-21 14:20:05]   epoch: [2/50]  step: [280/2078] (13.5%)  eta_epoch: 7:06  eta_total: 7:11:39  loss: 2.1274  time: 0.234  data_time: 0.001  forward_time: 0.015  backward_time: 0.075  lr: 0.000100  max_mem: 14811M      
[2026-01-21 14:20:07]   epoch: [2/50]  step: [290/2078] (14.0%)  eta_epoch: 7:03  eta_total: 7:11:28  loss: 1.7500  time: 0.234  data_time: 0.001  forward_time: 0.021  backward_time: 0.072  lr: 0.000100  max_mem: 14811M      
[2026-01-21 14:20:10]   epoch: [2/50]  step: [300/2078] (14.4%)  eta_epoch: 7:01  eta_total: 7:11:21  loss: 2.0845  time: 0.236  data_time: 0.004  forward_time: 0.016  backward_time: 0.075  lr: 0.000100  max_mem: 14811M      
[2026-01-21 14:20:12]   epoch: [2/50]  step: [310/2078] (14.9%)  eta_epoch: 6:58  eta_total: 7:11:10  loss: 2.3973  time: 0.234  data_time: 0.001  forward_time: 0.016  backward_time: 0.074  lr: 0.000100  max_mem: 14811M      
[2026-01-21 14:20:14]   epoch: [2/50]  step: [320/2078] (15.4%)  eta_epoch: 6:56  eta_total: 7:10:59  loss: 2.1583  time: 0.234  data_time: 0.001  forward_time: 0.015  backward_time: 0.075  lr: 0.000100  max_mem: 14811M      
[2026-01-21 14:20:17]   epoch: [2/50]  step: [330/2078] (15.9%)  eta_epoch: 6:54  eta_total: 7:10:49  loss: 2.3238  time: 0.234  data_time: 0.001  forward_time: 0.019  backward_time: 0.073  lr: 0.000100  max_mem: 14811M      
[2026-01-21 14:20:19]   epoch: [2/50]  step: [340/2078] (16.4%)  eta_epoch: 6:51  eta_total: 7:10:41  loss: 2.3679  time: 0.234  data_time: 0.001  forward_time: 0.018  backward_time: 0.074  lr: 0.000100  max_mem: 14811M      
[2026-01-21 14:20:21]   epoch: [2/50]  step: [350/2078] (16.8%)  eta_epoch: 6:49  eta_total: 7:10:27  loss: 2.1685  time: 0.234  data_time: 0.001  forward_time: 0.017  backward_time: 0.078  lr: 0.000100  max_mem: 14811M      
[2026-01-21 14:20:24]   epoch: [2/50]  step: [360/2078] (17.3%)  eta_epoch: 6:46  eta_total: 7:10:17  loss: 2.1418  time: 0.234  data_time: 0.001  forward_time: 0.017  backward_time: 0.074  lr: 0.000100  max_mem: 14811M      
[2026-01-21 14:20:26]   epoch: [2/50]  step: [370/2078] (17.8%)  eta_epoch: 6:44  eta_total: 7:10:07  loss: 1.9196  time: 0.234  data_time: 0.001  forward_time: 0.015  backward_time: 0.076  lr: 0.000100  max_mem: 14811M      
[2026-01-21 14:20:29]   epoch: [2/50]  step: [380/2078] (18.3%)  eta_epoch: 6:41  eta_total: 7:09:55  loss: 2.1585  time: 0.234  data_time: 0.001  forward_time: 0.016  backward_time: 0.075  lr: 0.000100  max_mem: 14811M      
[2026-01-21 14:20:31]   epoch: [2/50]  step: [390/2078] (18.8%)  eta_epoch: 6:39  eta_total: 7:09:43  loss: 2.0350  time: 0.234  data_time: 0.001  forward_time: 0.016  backward_time: 0.076  lr: 0.000100  max_mem: 14811M      
[2026-01-21 14:20:33]   epoch: [2/50]  step: [400/2078] (19.2%)  eta_epoch: 6:36  eta_total: 7:09:33  loss: 2.3652  time: 0.234  data_time: 0.001  forward_time: 0.018  backward_time: 0.074  lr: 0.000100  max_mem: 14811M      
[2026-01-21 14:20:36]   epoch: [2/50]  step: [410/2078] (19.7%)  eta_epoch: 6:34  eta_total: 7:09:25  loss: 2.1583  time: 0.234  data_time: 0.001  forward_time: 0.017  backward_time: 0.076  lr: 0.000100  max_mem: 14811M      
[2026-01-21 14:20:38]   epoch: [2/50]  step: [420/2078] (20.2%)  eta_epoch: 6:32  eta_total: 7:09:20  loss: 2.1144  time: 0.234  data_time: 0.001  forward_time: 0.015  backward_time: 0.077  lr: 0.000100  max_mem: 14811M      
[2026-01-21 14:20:40]   epoch: [2/50]  step: [430/2078] (20.7%)  eta_epoch: 6:29  eta_total: 7:09:11  loss: 1.9847  time: 0.234  data_time: 0.001  forward_time: 0.017  backward_time: 0.075  lr: 0.000100  max_mem: 14811M      
[2026-01-21 14:20:43]   epoch: [2/50]  step: [440/2078] (21.2%)  eta_epoch: 6:27  eta_total: 7:09:03  loss: 2.3242  time: 0.234  data_time: 0.001  forward_time: 0.016  backward_time: 0.075  lr: 0.000100  max_mem: 14811M      
[2026-01-21 14:20:45]   epoch: [2/50]  step: [450/2078] (21.7%)  eta_epoch: 6:25  eta_total: 7:08:53  loss: 2.5200  time: 0.234  data_time: 0.001  forward_time: 0.016  backward_time: 0.075  lr: 0.000100  max_mem: 14811M      
[2026-01-21 14:20:47]   epoch: [2/50]  step: [460/2078] (22.1%)  eta_epoch: 6:22  eta_total: 7:08:45  loss: 2.2235  time: 0.234  data_time: 0.001  forward_time: 0.018  backward_time: 0.074  lr: 0.000100  max_mem: 14811M      
[2026-01-21 14:20:50]   epoch: [2/50]  step: [470/2078] (22.6%)  eta_epoch: 6:20  eta_total: 7:08:31  loss: 2.3010  time: 0.234  data_time: 0.001  forward_time: 0.015  backward_time: 0.076  lr: 0.000100  max_mem: 14811M      
[2026-01-21 14:20:52]   epoch: [2/50]  step: [480/2078] (23.1%)  eta_epoch: 6:17  eta_total: 7:08:23  loss: 1.7973  time: 0.234  data_time: 0.001  forward_time: 0.018  backward_time: 0.073  lr: 0.000100  max_mem: 14811M      
[2026-01-21 14:20:55]   epoch: [2/50]  step: [490/2078] (23.6%)  eta_epoch: 6:15  eta_total: 7:08:16  loss: 2.2379  time: 0.234  data_time: 0.001  forward_time: 0.018  backward_time: 0.074  lr: 0.000100  max_mem: 14811M      
[2026-01-21 14:20:57]   epoch: [2/50]  step: [500/2078] (24.1%)  eta_epoch: 6:13  eta_total: 7:08:06  loss: 1.8742  time: 0.234  data_time: 0.001  forward_time: 0.016  backward_time: 0.074  lr: 0.000100  max_mem: 14811M      
[2026-01-21 14:20:59]   epoch: [2/50]  step: [510/2078] (24.5%)  eta_epoch: 6:10  eta_total: 7:07:56  loss: 2.3679  time: 0.234  data_time: 0.001  forward_time: 0.016  backward_time: 0.075  lr: 0.000100  max_mem: 14811M      
[2026-01-21 14:21:02]   epoch: [2/50]  step: [520/2078] (25.0%)  eta_epoch: 6:08  eta_total: 7:07:45  loss: 1.9170  time: 0.234  data_time: 0.001  forward_time: 0.015  backward_time: 0.075  lr: 0.000100  max_mem: 14811M      
[2026-01-21 14:21:04]   epoch: [2/50]  step: [530/2078] (25.5%)  eta_epoch: 6:05  eta_total: 7:07:33  loss: 1.9740  time: 0.234  data_time: 0.001  forward_time: 0.016  backward_time: 0.075  lr: 0.000100  max_mem: 14811M      
[2026-01-21 14:21:06]   epoch: [2/50]  step: [540/2078] (26.0%)  eta_epoch: 6:03  eta_total: 7:07:20  loss: 2.0222  time: 0.234  data_time: 0.001  forward_time: 0.016  backward_time: 0.075  lr: 0.000100  max_mem: 14811M      
[2026-01-21 14:21:09]   epoch: [2/50]  step: [550/2078] (26.5%)  eta_epoch: 6:01  eta_total: 7:07:09  loss: 1.9189  time: 0.234  data_time: 0.001  forward_time: 0.016  backward_time: 0.075  lr: 0.000100  max_mem: 14811M      
[2026-01-21 14:21:11]   epoch: [2/50]  step: [560/2078] (26.9%)  eta_epoch: 5:58  eta_total: 7:06:59  loss: 1.6429  time: 0.234  data_time: 0.001  forward_time: 0.017  backward_time: 0.075  lr: 0.000100  max_mem: 14811M      
[2026-01-21 14:21:13]   epoch: [2/50]  step: [570/2078] (27.4%)  eta_epoch: 5:56  eta_total: 7:06:50  loss: 2.2123  time: 0.234  data_time: 0.001  forward_time: 0.016  backward_time: 0.074  lr: 0.000100  max_mem: 14811M      
[2026-01-21 14:21:16]   epoch: [2/50]  step: [580/2078] (27.9%)  eta_epoch: 5:53  eta_total: 7:06:40  loss: 2.2579  time: 0.234  data_time: 0.001  forward_time: 0.017  backward_time: 0.074  lr: 0.000100  max_mem: 14811M      
[2026-01-21 14:21:18]   epoch: [2/50]  step: [590/2078] (28.4%)  eta_epoch: 5:51  eta_total: 7:06:31  loss: 2.4376  time: 0.234  data_time: 0.001  forward_time: 0.016  backward_time: 0.075  lr: 0.000100  max_mem: 14811M      
[2026-01-21 14:21:20]   epoch: [2/50]  step: [600/2078] (28.9%)  eta_epoch: 5:49  eta_total: 7:06:22  loss: 1.9602  time: 0.234  data_time: 0.001  forward_time: 0.016  backward_time: 0.074  lr: 0.000100  max_mem: 14811M      
