[2026-01-22 09:06:22]   ROOT_DIR: /dataset/songzhang/SMore_dev/learning/MedViTV2    
[2026-01-22 09:06:22]   LOG_PATH: /dataset/songzhang/SMore_dev/learning/MedViTV2/logs/2026-01-22_09-06-22.log    
[2026-01-22 09:06:22]   Using cuda:0 device.    
[2026-01-22 09:06:22]   
========== Configuration Parameters ==========    
[2026-01-22 09:06:22]   model_name: MedViT_small    
[2026-01-22 09:06:22]   dataset: fabric    
[2026-01-22 09:06:22]   pretrained: False    
[2026-01-22 09:06:22]   batch_size: 24    
[2026-01-22 09:06:22]   lr: 0.0001    
[2026-01-22 09:06:22]   epochs: 1    
[2026-01-22 09:06:22]   ============================================
    
[2026-01-22 09:06:24]   Dataset is available at: /dataset/songzhang/SMore_dev/learning/MedViTV2/temp/fabric    
[2026-01-22 09:06:24]   Number of classes: 27    
[2026-01-22 09:06:24]   Class names: ['canvas', 'chambray', 'chenille', 'chiffon', 'corduroy', 'crepe', 'denim', 'faux_fur', 'faux_leather', 'flannel', 'fleece', 'gingham', 'jersey', 'knit', 'lace', 'lawn', 'neoprene', 'organza', 'plush', 'satin', 'serge', 'taffeta', 'tulle', 'tweed', 'twill', 'velvet', 'vinyl']    
[2026-01-22 09:06:25]   initialize_weights...    
[2026-01-22 09:06:26]   (ImageFolder) Dataset ImageFolder
    Number of datapoints: 99716
    Root location: /dataset/songzhang/SMore_dev/learning/MedViTV2/temp/fabric/train
    StandardTransform
Transform: Compose(
               RandomResizedCrop(size=(224, 224), scale=(0.08, 1.0), ratio=(0.75, 1.3333), interpolation=bilinear, antialias=True)
               AugMix(severity=3, mixture_width=3, chain_depth=-1, alpha=0.4, all_ops=True, interpolation=InterpolationMode.BILINEAR, fill=None)
               RandomHorizontalFlip(p=0.4)
               ToTensor()
               Normalize(mean=[0.5], std=[0.5])
           )    
[2026-01-22 09:06:26]   ===================    
[2026-01-22 09:06:26]   (ImageFolder) Dataset ImageFolder
    Number of datapoints: 24629
    Root location: /dataset/songzhang/SMore_dev/learning/MedViTV2/temp/fabric/test
    StandardTransform
Transform: Compose(
               Resize(size=(224, 224), interpolation=bilinear, max_size=None, antialias=True)
               ToTensor()
               Normalize(mean=[0.5], std=[0.5])
           )    
[2026-01-22 09:06:33]   epoch: [1/1]  step: [10/4155] (0.2%)  eta_epoch: 39:37  eta_total: 0:39:38  loss: 3.3545  time: 0.113  data_time: 0.002  forward_time: 0.035  backward_time: 0.049  lr: 0.000100  max_mem: 5159M      
[2026-01-22 09:06:34]   epoch: [1/1]  step: [20/4155] (0.5%)  eta_epoch: 24:38  eta_total: 0:24:39  loss: 3.1631  time: 0.142  data_time: 0.001  forward_time: 0.058  backward_time: 0.064  lr: 0.000100  max_mem: 5159M      
[2026-01-22 09:06:36]   epoch: [1/1]  step: [30/4155] (0.7%)  eta_epoch: 19:43  eta_total: 0:19:44  loss: 3.2114  time: 0.113  data_time: 0.001  forward_time: 0.033  backward_time: 0.047  lr: 0.000100  max_mem: 5159M      
[2026-01-22 09:06:37]   epoch: [1/1]  step: [40/4155] (1.0%)  eta_epoch: 17:18  eta_total: 0:17:18  loss: 3.3551  time: 0.119  data_time: 0.001  forward_time: 0.035  backward_time: 0.067  lr: 0.000100  max_mem: 5159M      
[2026-01-22 09:06:39]   epoch: [1/1]  step: [50/4155] (1.2%)  eta_epoch: 15:41  eta_total: 0:15:41  loss: 3.2327  time: 0.119  data_time: 0.001  forward_time: 0.044  backward_time: 0.047  lr: 0.000100  max_mem: 5159M      
[2026-01-22 09:06:40]   epoch: [1/1]  step: [60/4155] (1.4%)  eta_epoch: 13:31  eta_total: 0:13:31  loss: 3.1114  time: 0.121  data_time: 0.001  forward_time: 0.045  backward_time: 0.042  lr: 0.000100  max_mem: 5159M      
[2026-01-22 09:06:42]   epoch: [1/1]  step: [70/4155] (1.7%)  eta_epoch: 13:04  eta_total: 0:13:04  loss: 3.3200  time: 0.125  data_time: 0.001  forward_time: 0.048  backward_time: 0.057  lr: 0.000100  max_mem: 5159M      
[2026-01-22 09:06:43]   epoch: [1/1]  step: [80/4155] (1.9%)  eta_epoch: 12:42  eta_total: 0:12:42  loss: 3.2270  time: 0.137  data_time: 0.001  forward_time: 0.046  backward_time: 0.078  lr: 0.000100  max_mem: 5159M      
[2026-01-22 09:06:45]   epoch: [1/1]  step: [90/4155] (2.2%)  eta_epoch: 12:29  eta_total: 0:12:29  loss: 2.9987  time: 0.142  data_time: 0.001  forward_time: 0.050  backward_time: 0.080  lr: 0.000100  max_mem: 5159M      
[2026-01-22 09:06:47]   epoch: [1/1]  step: [100/4155] (2.4%)  eta_epoch: 12:11  eta_total: 0:12:11  loss: 3.2288  time: 0.121  data_time: 0.001  forward_time: 0.030  backward_time: 0.072  lr: 0.000100  max_mem: 5159M      
[2026-01-22 09:06:48]   epoch: [1/1]  step: [110/4155] (2.6%)  eta_epoch: 11:53  eta_total: 0:11:53  loss: 2.9424  time: 0.123  data_time: 0.001  forward_time: 0.037  backward_time: 0.064  lr: 0.000100  max_mem: 5159M      
[2026-01-22 09:06:49]   epoch: [1/1]  step: [120/4155] (2.9%)  eta_epoch: 11:35  eta_total: 0:11:35  loss: 3.1191  time: 0.121  data_time: 0.001  forward_time: 0.036  backward_time: 0.063  lr: 0.000100  max_mem: 5159M      
[2026-01-22 09:06:51]   epoch: [1/1]  step: [130/4155] (3.1%)  eta_epoch: 11:26  eta_total: 0:11:26  loss: 2.9321  time: 0.132  data_time: 0.001  forward_time: 0.045  backward_time: 0.065  lr: 0.000100  max_mem: 5159M      
