[2026-01-22 09:20:01]   ROOT_DIR: /dataset/songzhang/SMore_dev/learning/MedViTV2    
[2026-01-22 09:20:01]   LOG_PATH: /dataset/songzhang/SMore_dev/learning/MedViTV2/logs/2026-01-22_09-20-01.log    
[2026-01-22 09:20:01]   Using cuda:0 device.    
[2026-01-22 09:20:01]   
========== Configuration Parameters ==========    
[2026-01-22 09:20:01]   model_name: MedViT_small    
[2026-01-22 09:20:01]   dataset: fabric    
[2026-01-22 09:20:01]   pretrained: False    
[2026-01-22 09:20:01]   batch_size: 24    
[2026-01-22 09:20:01]   lr: 0.0001    
[2026-01-22 09:20:01]   epochs: 1    
[2026-01-22 09:20:01]   ============================================
    
[2026-01-22 09:20:03]   Dataset is available at: /dataset/songzhang/SMore_dev/learning/MedViTV2/temp/fabric    
[2026-01-22 09:20:03]   Number of classes: 27    
[2026-01-22 09:20:03]   Class names: ['canvas', 'chambray', 'chenille', 'chiffon', 'corduroy', 'crepe', 'denim', 'faux_fur', 'faux_leather', 'flannel', 'fleece', 'gingham', 'jersey', 'knit', 'lace', 'lawn', 'neoprene', 'organza', 'plush', 'satin', 'serge', 'taffeta', 'tulle', 'tweed', 'twill', 'velvet', 'vinyl']    
[2026-01-22 09:20:03]   initialize_weights...    
[2026-01-22 09:20:04]   (ImageFolder) Dataset ImageFolder
    Number of datapoints: 99716
    Root location: /dataset/songzhang/SMore_dev/learning/MedViTV2/temp/fabric/train
    StandardTransform
Transform: Compose(
               RandomResizedCrop(size=(224, 224), scale=(0.08, 1.0), ratio=(0.75, 1.3333), interpolation=bilinear, antialias=True)
               AugMix(severity=3, mixture_width=3, chain_depth=-1, alpha=0.4, all_ops=True, interpolation=InterpolationMode.BILINEAR, fill=None)
               RandomHorizontalFlip(p=0.4)
               ToTensor()
               Normalize(mean=[0.5], std=[0.5])
           )    
[2026-01-22 09:20:04]   ===================    
[2026-01-22 09:20:04]   (ImageFolder) Dataset ImageFolder
    Number of datapoints: 24629
    Root location: /dataset/songzhang/SMore_dev/learning/MedViTV2/temp/fabric/test
    StandardTransform
Transform: Compose(
               Resize(size=(224, 224), interpolation=bilinear, max_size=None, antialias=True)
               ToTensor()
               Normalize(mean=[0.5], std=[0.5])
           )    
[2026-01-22 09:20:08]   epoch: [1/1]  step: [10/4155] (0.2%)  eta_epoch: 24:09  eta_total: 0:24:10  loss: 3.3378  time: 0.123  data_time: 0.001  forward_time: 0.047  backward_time: 0.042  lr: 0.000100  max_mem: 5159M      
[2026-01-22 09:20:10]   epoch: [1/1]  step: [20/4155] (0.5%)  eta_epoch: 16:23  eta_total: 0:16:23  loss: 3.2469  time: 0.124  data_time: 0.001  forward_time: 0.048  backward_time: 0.060  lr: 0.000100  max_mem: 5159M      
[2026-01-22 09:20:11]   epoch: [1/1]  step: [30/4155] (0.7%)  eta_epoch: 13:59  eta_total: 0:14:00  loss: 3.2504  time: 0.137  data_time: 0.001  forward_time: 0.049  backward_time: 0.073  lr: 0.000100  max_mem: 5159M      
[2026-01-22 09:20:13]   epoch: [1/1]  step: [40/4155] (1.0%)  eta_epoch: 12:51  eta_total: 0:12:51  loss: 3.2395  time: 0.140  data_time: 0.001  forward_time: 0.051  backward_time: 0.076  lr: 0.000100  max_mem: 5159M      
[2026-01-22 09:20:14]   epoch: [1/1]  step: [50/4155] (1.2%)  eta_epoch: 12:09  eta_total: 0:12:09  loss: 3.2588  time: 0.137  data_time: 0.001  forward_time: 0.047  backward_time: 0.075  lr: 0.000100  max_mem: 5159M      
[2026-01-22 09:20:15]   epoch: [1/1]  step: [60/4155] (1.4%)  eta_epoch: 11:23  eta_total: 0:11:24  loss: 3.2312  time: 0.135  data_time: 0.002  forward_time: 0.047  backward_time: 0.072  lr: 0.000100  max_mem: 5159M      
[2026-01-22 09:20:17]   epoch: [1/1]  step: [70/4155] (1.7%)  eta_epoch: 10:59  eta_total: 0:10:59  loss: 3.2760  time: 0.113  data_time: 0.001  forward_time: 0.034  backward_time: 0.036  lr: 0.000100  max_mem: 5159M      
[2026-01-22 09:20:18]   epoch: [1/1]  step: [80/4155] (1.9%)  eta_epoch: 10:39  eta_total: 0:10:39  loss: 3.3015  time: 0.120  data_time: 0.001  forward_time: 0.045  backward_time: 0.043  lr: 0.000100  max_mem: 5159M      
[2026-01-22 09:20:19]   epoch: [1/1]  step: [90/4155] (2.2%)  eta_epoch: 10:22  eta_total: 0:10:22  loss: 3.0444  time: 0.114  data_time: 0.001  forward_time: 0.032  backward_time: 0.036  lr: 0.000100  max_mem: 5159M      
[2026-01-22 09:20:21]   epoch: [1/1]  step: [100/4155] (2.4%)  eta_epoch: 10:08  eta_total: 0:10:08  loss: 3.2387  time: 0.118  data_time: 0.001  forward_time: 0.043  backward_time: 0.040  lr: 0.000100  max_mem: 5159M      
[2026-01-22 09:20:22]   epoch: [1/1]  step: [110/4155] (2.6%)  eta_epoch: 9:54  eta_total: 0:09:54  loss: 2.9811  time: 0.123  data_time: 0.001  forward_time: 0.033  backward_time: 0.074  lr: 0.000100  max_mem: 5159M      
[2026-01-22 09:20:23]   epoch: [1/1]  step: [120/4155] (2.9%)  eta_epoch: 9:54  eta_total: 0:09:54  loss: 3.1066  time: 0.128  data_time: 0.001  forward_time: 0.049  backward_time: 0.061  lr: 0.000100  max_mem: 5159M      
[2026-01-22 09:20:25]   epoch: [1/1]  step: [130/4155] (3.1%)  eta_epoch: 9:50  eta_total: 0:09:50  loss: 3.0080  time: 0.123  data_time: 0.001  forward_time: 0.032  backward_time: 0.068  lr: 0.000100  max_mem: 5159M      
[2026-01-22 09:20:26]   epoch: [1/1]  step: [140/4155] (3.4%)  eta_epoch: 9:47  eta_total: 0:09:47  loss: 3.1574  time: 0.121  data_time: 0.001  forward_time: 0.032  backward_time: 0.072  lr: 0.000100  max_mem: 5159M      
[2026-01-22 09:20:27]   epoch: [1/1]  step: [150/4155] (3.6%)  eta_epoch: 9:39  eta_total: 0:09:39  loss: 3.3440  time: 0.126  data_time: 0.001  forward_time: 0.045  backward_time: 0.063  lr: 0.000100  max_mem: 5159M      
[2026-01-22 09:20:29]   epoch: [1/1]  step: [160/4155] (3.9%)  eta_epoch: 9:38  eta_total: 0:09:38  loss: 3.3752  time: 0.138  data_time: 0.002  forward_time: 0.049  backward_time: 0.074  lr: 0.000100  max_mem: 5159M      
[2026-01-22 09:20:30]   epoch: [1/1]  step: [170/4155] (4.1%)  eta_epoch: 9:35  eta_total: 0:09:35  loss: 3.2581  time: 0.131  data_time: 0.001  forward_time: 0.043  backward_time: 0.074  lr: 0.000100  max_mem: 5159M      
[2026-01-22 09:20:32]   epoch: [1/1]  step: [180/4155] (4.3%)  eta_epoch: 9:32  eta_total: 0:09:32  loss: 3.1510  time: 0.113  data_time: 0.001  forward_time: 0.032  backward_time: 0.045  lr: 0.000100  max_mem: 5159M      
[2026-01-22 09:20:33]   epoch: [1/1]  step: [190/4155] (4.6%)  eta_epoch: 9:28  eta_total: 0:09:28  loss: 3.1144  time: 0.113  data_time: 0.001  forward_time: 0.035  backward_time: 0.047  lr: 0.000100  max_mem: 5159M      
[2026-01-22 09:20:34]   epoch: [1/1]  step: [200/4155] (4.8%)  eta_epoch: 9:23  eta_total: 0:09:23  loss: 2.8588  time: 0.114  data_time: 0.001  forward_time: 0.033  backward_time: 0.043  lr: 0.000099  max_mem: 5159M      
[2026-01-22 09:20:36]   epoch: [1/1]  step: [210/4155] (5.1%)  eta_epoch: 9:18  eta_total: 0:09:18  loss: 3.2181  time: 0.121  data_time: 0.001  forward_time: 0.045  backward_time: 0.047  lr: 0.000099  max_mem: 5159M      
[2026-01-22 09:20:37]   epoch: [1/1]  step: [220/4155] (5.3%)  eta_epoch: 9:12  eta_total: 0:09:12  loss: 2.9662  time: 0.126  data_time: 0.001  forward_time: 0.044  backward_time: 0.066  lr: 0.000099  max_mem: 5159M      
[2026-01-22 09:20:39]   epoch: [1/1]  step: [230/4155] (5.5%)  eta_epoch: 9:12  eta_total: 0:09:12  loss: 2.9886  time: 0.123  data_time: 0.001  forward_time: 0.045  backward_time: 0.060  lr: 0.000099  max_mem: 5159M      
[2026-01-22 09:20:41]   epoch: [1/1]  step: [240/4155] (5.8%)  eta_epoch: 9:10  eta_total: 0:09:10  loss: 2.9725  time: 0.116  data_time: 0.001  forward_time: 0.041  backward_time: 0.043  lr: 0.000099  max_mem: 5159M      
[2026-01-22 09:20:42]   epoch: [1/1]  step: [250/4155] (6.0%)  eta_epoch: 9:09  eta_total: 0:09:09  loss: 3.1499  time: 0.116  data_time: 0.001  forward_time: 0.041  backward_time: 0.043  lr: 0.000099  max_mem: 5159M      
[2026-01-22 09:20:43]   epoch: [1/1]  step: [260/4155] (6.3%)  eta_epoch: 9:06  eta_total: 0:09:06  loss: 3.3493  time: 0.121  data_time: 0.001  forward_time: 0.044  backward_time: 0.055  lr: 0.000099  max_mem: 5159M      
[2026-01-22 09:20:45]   epoch: [1/1]  step: [270/4155] (6.5%)  eta_epoch: 9:01  eta_total: 0:09:01  loss: 3.2207  time: 0.113  data_time: 0.001  forward_time: 0.034  backward_time: 0.041  lr: 0.000099  max_mem: 5159M      
[2026-01-22 09:20:46]   epoch: [1/1]  step: [280/4155] (6.7%)  eta_epoch: 9:00  eta_total: 0:09:00  loss: 3.0136  time: 0.122  data_time: 0.001  forward_time: 0.046  backward_time: 0.047  lr: 0.000099  max_mem: 5159M      
[2026-01-22 09:20:48]   epoch: [1/1]  step: [290/4155] (7.0%)  eta_epoch: 8:59  eta_total: 0:09:00  loss: 3.3165  time: 0.114  data_time: 0.001  forward_time: 0.032  backward_time: 0.064  lr: 0.000099  max_mem: 5159M      
[2026-01-22 09:20:49]   epoch: [1/1]  step: [300/4155] (7.2%)  eta_epoch: 8:59  eta_total: 0:08:59  loss: 2.8442  time: 0.113  data_time: 0.001  forward_time: 0.032  backward_time: 0.047  lr: 0.000099  max_mem: 5159M      
[2026-01-22 09:20:51]   epoch: [1/1]  step: [310/4155] (7.5%)  eta_epoch: 8:59  eta_total: 0:08:59  loss: 2.9299  time: 0.122  data_time: 0.001  forward_time: 0.034  backward_time: 0.072  lr: 0.000099  max_mem: 5159M      
[2026-01-22 09:20:52]   epoch: [1/1]  step: [320/4155] (7.7%)  eta_epoch: 9:00  eta_total: 0:09:00  loss: 3.1619  time: 0.135  data_time: 0.001  forward_time: 0.050  backward_time: 0.067  lr: 0.000099  max_mem: 5159M      
[2026-01-22 09:20:54]   epoch: [1/1]  step: [330/4155] (7.9%)  eta_epoch: 9:01  eta_total: 0:09:01  loss: 2.6498  time: 0.114  data_time: 0.001  forward_time: 0.034  backward_time: 0.051  lr: 0.000099  max_mem: 5159M      
[2026-01-22 09:20:55]   epoch: [1/1]  step: [340/4155] (8.2%)  eta_epoch: 8:59  eta_total: 0:08:59  loss: 2.9323  time: 0.126  data_time: 0.001  forward_time: 0.038  backward_time: 0.070  lr: 0.000098  max_mem: 5159M      
[2026-01-22 09:20:56]   epoch: [1/1]  step: [350/4155] (8.4%)  eta_epoch: 8:57  eta_total: 0:08:57  loss: 3.1519  time: 0.117  data_time: 0.001  forward_time: 0.029  backward_time: 0.070  lr: 0.000098  max_mem: 5159M      
[2026-01-22 09:20:58]   epoch: [1/1]  step: [360/4155] (8.7%)  eta_epoch: 8:51  eta_total: 0:08:51  loss: 2.9060  time: 0.113  data_time: 0.001  forward_time: 0.027  backward_time: 0.064  lr: 0.000098  max_mem: 5159M      
[2026-01-22 09:20:59]   epoch: [1/1]  step: [370/4155] (8.9%)  eta_epoch: 8:47  eta_total: 0:08:47  loss: 3.2147  time: 0.114  data_time: 0.001  forward_time: 0.028  backward_time: 0.043  lr: 0.000098  max_mem: 5159M      
[2026-01-22 09:21:01]   epoch: [1/1]  step: [380/4155] (9.1%)  eta_epoch: 8:45  eta_total: 0:08:45  loss: 2.9296  time: 0.119  data_time: 0.001  forward_time: 0.030  backward_time: 0.067  lr: 0.000098  max_mem: 5159M      
[2026-01-22 09:21:02]   epoch: [1/1]  step: [390/4155] (9.4%)  eta_epoch: 8:42  eta_total: 0:08:42  loss: 2.9730  time: 0.116  data_time: 0.001  forward_time: 0.028  backward_time: 0.065  lr: 0.000098  max_mem: 5159M      
[2026-01-22 09:21:04]   epoch: [1/1]  step: [400/4155] (9.6%)  eta_epoch: 8:39  eta_total: 0:08:39  loss: 3.0569  time: 0.114  data_time: 0.001  forward_time: 0.032  backward_time: 0.044  lr: 0.000098  max_mem: 5159M      
[2026-01-22 09:21:05]   epoch: [1/1]  step: [410/4155] (9.9%)  eta_epoch: 8:38  eta_total: 0:08:38  loss: 3.1450  time: 0.121  data_time: 0.001  forward_time: 0.045  backward_time: 0.051  lr: 0.000098  max_mem: 5159M      
[2026-01-22 09:21:06]   epoch: [1/1]  step: [420/4155] (10.1%)  eta_epoch: 8:39  eta_total: 0:08:39  loss: 3.0066  time: 0.120  data_time: 0.001  forward_time: 0.045  backward_time: 0.044  lr: 0.000098  max_mem: 5159M      
[2026-01-22 09:21:08]   epoch: [1/1]  step: [430/4155] (10.3%)  eta_epoch: 8:39  eta_total: 0:08:39  loss: 2.7095  time: 0.137  data_time: 0.001  forward_time: 0.052  backward_time: 0.071  lr: 0.000098  max_mem: 5159M      
[2026-01-22 09:21:09]   epoch: [1/1]  step: [440/4155] (10.6%)  eta_epoch: 8:38  eta_total: 0:08:38  loss: 3.3307  time: 0.114  data_time: 0.001  forward_time: 0.028  backward_time: 0.046  lr: 0.000097  max_mem: 5159M      
[2026-01-22 09:21:11]   epoch: [1/1]  step: [450/4155] (10.8%)  eta_epoch: 8:39  eta_total: 0:08:39  loss: 2.9346  time: 0.121  data_time: 0.002  forward_time: 0.035  backward_time: 0.066  lr: 0.000097  max_mem: 5159M      
[2026-01-22 09:21:12]   epoch: [1/1]  step: [460/4155] (11.1%)  eta_epoch: 8:39  eta_total: 0:08:39  loss: 2.6415  time: 0.120  data_time: 0.001  forward_time: 0.044  backward_time: 0.042  lr: 0.000097  max_mem: 5159M      
[2026-01-22 09:21:14]   epoch: [1/1]  step: [470/4155] (11.3%)  eta_epoch: 8:35  eta_total: 0:08:35  loss: 3.1359  time: 0.132  data_time: 0.001  forward_time: 0.057  backward_time: 0.044  lr: 0.000097  max_mem: 5159M      
[2026-01-22 09:21:15]   epoch: [1/1]  step: [480/4155] (11.6%)  eta_epoch: 8:34  eta_total: 0:08:34  loss: 2.9823  time: 0.131  data_time: 0.001  forward_time: 0.048  backward_time: 0.065  lr: 0.000097  max_mem: 5159M      
[2026-01-22 09:21:16]   epoch: [1/1]  step: [490/4155] (11.8%)  eta_epoch: 8:31  eta_total: 0:08:31  loss: 2.4243  time: 0.124  data_time: 0.001  forward_time: 0.035  backward_time: 0.068  lr: 0.000097  max_mem: 5159M      
[2026-01-22 09:21:18]   epoch: [1/1]  step: [500/4155] (12.0%)  eta_epoch: 8:29  eta_total: 0:08:29  loss: 3.0255  time: 0.133  data_time: 0.001  forward_time: 0.045  backward_time: 0.073  lr: 0.000097  max_mem: 5159M      
[2026-01-22 09:21:19]   epoch: [1/1]  step: [510/4155] (12.3%)  eta_epoch: 8:27  eta_total: 0:08:27  loss: 2.9841  time: 0.128  data_time: 0.001  forward_time: 0.041  backward_time: 0.065  lr: 0.000097  max_mem: 5159M      
[2026-01-22 09:21:21]   epoch: [1/1]  step: [520/4155] (12.5%)  eta_epoch: 8:26  eta_total: 0:08:26  loss: 2.9798  time: 0.120  data_time: 0.001  forward_time: 0.045  backward_time: 0.046  lr: 0.000096  max_mem: 5159M      
[2026-01-22 09:21:22]   epoch: [1/1]  step: [530/4155] (12.8%)  eta_epoch: 8:23  eta_total: 0:08:23  loss: 2.9847  time: 0.114  data_time: 0.001  forward_time: 0.034  backward_time: 0.039  lr: 0.000096  max_mem: 5159M      
[2026-01-22 09:21:23]   epoch: [1/1]  step: [540/4155] (13.0%)  eta_epoch: 8:22  eta_total: 0:08:22  loss: 2.8661  time: 0.114  data_time: 0.001  forward_time: 0.033  backward_time: 0.038  lr: 0.000096  max_mem: 5159M      
[2026-01-22 09:21:25]   epoch: [1/1]  step: [550/4155] (13.2%)  eta_epoch: 8:18  eta_total: 0:08:18  loss: 2.3438  time: 0.114  data_time: 0.001  forward_time: 0.035  backward_time: 0.037  lr: 0.000096  max_mem: 5159M      
[2026-01-22 09:21:26]   epoch: [1/1]  step: [560/4155] (13.5%)  eta_epoch: 8:15  eta_total: 0:08:15  loss: 2.9294  time: 0.114  data_time: 0.001  forward_time: 0.035  backward_time: 0.039  lr: 0.000096  max_mem: 5159M      
[2026-01-22 09:21:28]   epoch: [1/1]  step: [570/4155] (13.7%)  eta_epoch: 8:13  eta_total: 0:08:13  loss: 2.7566  time: 0.120  data_time: 0.001  forward_time: 0.044  backward_time: 0.042  lr: 0.000096  max_mem: 5159M      
[2026-01-22 09:21:29]   epoch: [1/1]  step: [580/4155] (14.0%)  eta_epoch: 8:10  eta_total: 0:08:10  loss: 3.3099  time: 0.115  data_time: 0.001  forward_time: 0.028  backward_time: 0.052  lr: 0.000096  max_mem: 5159M      
[2026-01-22 09:21:30]   epoch: [1/1]  step: [590/4155] (14.2%)  eta_epoch: 8:08  eta_total: 0:08:08  loss: 2.6338  time: 0.114  data_time: 0.001  forward_time: 0.033  backward_time: 0.052  lr: 0.000095  max_mem: 5159M      
[2026-01-22 09:21:32]   epoch: [1/1]  step: [600/4155] (14.4%)  eta_epoch: 8:07  eta_total: 0:08:07  loss: 2.7893  time: 0.114  data_time: 0.001  forward_time: 0.033  backward_time: 0.052  lr: 0.000095  max_mem: 5159M      
[2026-01-22 09:21:33]   epoch: [1/1]  step: [610/4155] (14.7%)  eta_epoch: 8:06  eta_total: 0:08:06  loss: 2.3578  time: 0.118  data_time: 0.001  forward_time: 0.028  backward_time: 0.069  lr: 0.000095  max_mem: 5159M      
[2026-01-22 09:21:35]   epoch: [1/1]  step: [620/4155] (14.9%)  eta_epoch: 8:06  eta_total: 0:08:06  loss: 2.7806  time: 0.131  data_time: 0.001  forward_time: 0.047  backward_time: 0.064  lr: 0.000095  max_mem: 5159M      
[2026-01-22 09:21:36]   epoch: [1/1]  step: [630/4155] (15.2%)  eta_epoch: 8:06  eta_total: 0:08:06  loss: 2.6669  time: 0.114  data_time: 0.001  forward_time: 0.032  backward_time: 0.041  lr: 0.000095  max_mem: 5159M      
[2026-01-22 09:21:38]   epoch: [1/1]  step: [640/4155] (15.4%)  eta_epoch: 8:07  eta_total: 0:08:08  loss: 2.7179  time: 0.132  data_time: 0.001  forward_time: 0.046  backward_time: 0.069  lr: 0.000095  max_mem: 5159M      
[2026-01-22 09:21:40]   epoch: [1/1]  step: [650/4155] (15.6%)  eta_epoch: 8:10  eta_total: 0:08:10  loss: 2.6992  time: 0.131  data_time: 0.001  forward_time: 0.045  backward_time: 0.070  lr: 0.000094  max_mem: 5159M      
[2026-01-22 09:21:41]   epoch: [1/1]  step: [660/4155] (15.9%)  eta_epoch: 8:08  eta_total: 0:08:08  loss: 2.7522  time: 0.114  data_time: 0.001  forward_time: 0.032  backward_time: 0.045  lr: 0.000094  max_mem: 5159M      
[2026-01-22 09:21:43]   epoch: [1/1]  step: [670/4155] (16.1%)  eta_epoch: 8:07  eta_total: 0:08:07  loss: 2.7090  time: 0.117  data_time: 0.001  forward_time: 0.034  backward_time: 0.060  lr: 0.000094  max_mem: 5159M      
[2026-01-22 09:21:44]   epoch: [1/1]  step: [680/4155] (16.4%)  eta_epoch: 8:07  eta_total: 0:08:07  loss: 2.8735  time: 0.125  data_time: 0.001  forward_time: 0.047  backward_time: 0.058  lr: 0.000094  max_mem: 5159M      
[2026-01-22 09:21:45]   epoch: [1/1]  step: [690/4155] (16.6%)  eta_epoch: 8:06  eta_total: 0:08:06  loss: 2.7046  time: 0.132  data_time: 0.001  forward_time: 0.046  backward_time: 0.068  lr: 0.000094  max_mem: 5159M      
[2026-01-22 09:21:47]   epoch: [1/1]  step: [700/4155] (16.8%)  eta_epoch: 8:03  eta_total: 0:08:03  loss: 3.0888  time: 0.120  data_time: 0.001  forward_time: 0.045  backward_time: 0.048  lr: 0.000093  max_mem: 5159M      
[2026-01-22 09:21:48]   epoch: [1/1]  step: [710/4155] (17.1%)  eta_epoch: 8:00  eta_total: 0:08:00  loss: 2.8520  time: 0.114  data_time: 0.001  forward_time: 0.032  backward_time: 0.042  lr: 0.000093  max_mem: 5159M      
[2026-01-22 09:21:50]   epoch: [1/1]  step: [720/4155] (17.3%)  eta_epoch: 8:00  eta_total: 0:08:00  loss: 2.4277  time: 0.128  data_time: 0.002  forward_time: 0.043  backward_time: 0.069  lr: 0.000093  max_mem: 5159M      
[2026-01-22 09:21:51]   epoch: [1/1]  step: [730/4155] (17.6%)  eta_epoch: 7:57  eta_total: 0:07:57  loss: 2.2690  time: 0.116  data_time: 0.001  forward_time: 0.040  backward_time: 0.037  lr: 0.000093  max_mem: 5159M      
[2026-01-22 09:21:53]   epoch: [1/1]  step: [740/4155] (17.8%)  eta_epoch: 7:55  eta_total: 0:07:55  loss: 2.7344  time: 0.128  data_time: 0.002  forward_time: 0.052  backward_time: 0.040  lr: 0.000093  max_mem: 5159M      
[2026-01-22 09:21:54]   epoch: [1/1]  step: [750/4155] (18.1%)  eta_epoch: 7:51  eta_total: 0:07:51  loss: 2.5333  time: 0.115  data_time: 0.001  forward_time: 0.039  backward_time: 0.043  lr: 0.000093  max_mem: 5159M      
[2026-01-22 09:21:56]   epoch: [1/1]  step: [760/4155] (18.3%)  eta_epoch: 7:49  eta_total: 0:07:49  loss: 2.7372  time: 0.129  data_time: 0.001  forward_time: 0.052  backward_time: 0.044  lr: 0.000092  max_mem: 5159M      
[2026-01-22 09:21:57]   epoch: [1/1]  step: [770/4155] (18.5%)  eta_epoch: 7:46  eta_total: 0:07:46  loss: 2.4194  time: 0.114  data_time: 0.001  forward_time: 0.032  backward_time: 0.036  lr: 0.000092  max_mem: 5159M      
[2026-01-22 09:21:59]   epoch: [1/1]  step: [780/4155] (18.8%)  eta_epoch: 7:44  eta_total: 0:07:44  loss: 2.7007  time: 0.132  data_time: 0.001  forward_time: 0.055  backward_time: 0.045  lr: 0.000092  max_mem: 5159M      
[2026-01-22 09:22:00]   epoch: [1/1]  step: [790/4155] (19.0%)  eta_epoch: 7:42  eta_total: 0:07:42  loss: 2.7796  time: 0.114  data_time: 0.001  forward_time: 0.032  backward_time: 0.035  lr: 0.000092  max_mem: 5159M      
[2026-01-22 09:22:02]   epoch: [1/1]  step: [800/4155] (19.3%)  eta_epoch: 7:40  eta_total: 0:07:40  loss: 2.6272  time: 0.127  data_time: 0.002  forward_time: 0.051  backward_time: 0.042  lr: 0.000092  max_mem: 5159M      
[2026-01-22 09:22:03]   epoch: [1/1]  step: [810/4155] (19.5%)  eta_epoch: 7:39  eta_total: 0:07:39  loss: 2.5276  time: 0.115  data_time: 0.001  forward_time: 0.032  backward_time: 0.041  lr: 0.000091  max_mem: 5159M      
[2026-01-22 09:22:05]   epoch: [1/1]  step: [820/4155] (19.7%)  eta_epoch: 7:38  eta_total: 0:07:39  loss: 2.3560  time: 0.128  data_time: 0.002  forward_time: 0.052  backward_time: 0.042  lr: 0.000091  max_mem: 5159M      
[2026-01-22 09:22:06]   epoch: [1/1]  step: [830/4155] (20.0%)  eta_epoch: 7:38  eta_total: 0:07:38  loss: 2.6997  time: 0.119  data_time: 0.001  forward_time: 0.033  backward_time: 0.067  lr: 0.000091  max_mem: 5159M      
[2026-01-22 09:22:07]   epoch: [1/1]  step: [840/4155] (20.2%)  eta_epoch: 7:36  eta_total: 0:07:36  loss: 2.3603  time: 0.114  data_time: 0.001  forward_time: 0.032  backward_time: 0.058  lr: 0.000091  max_mem: 5159M      
[2026-01-22 09:22:09]   epoch: [1/1]  step: [850/4155] (20.5%)  eta_epoch: 7:37  eta_total: 0:07:37  loss: 2.4929  time: 0.134  data_time: 0.001  forward_time: 0.046  backward_time: 0.072  lr: 0.000091  max_mem: 5159M      
[2026-01-22 09:22:10]   epoch: [1/1]  step: [860/4155] (20.7%)  eta_epoch: 7:37  eta_total: 0:07:37  loss: 2.7608  time: 0.133  data_time: 0.001  forward_time: 0.047  backward_time: 0.068  lr: 0.000090  max_mem: 5159M      
[2026-01-22 09:22:12]   epoch: [1/1]  step: [870/4155] (20.9%)  eta_epoch: 7:35  eta_total: 0:07:35  loss: 2.4443  time: 0.114  data_time: 0.001  forward_time: 0.032  backward_time: 0.047  lr: 0.000090  max_mem: 5159M      
[2026-01-22 09:22:13]   epoch: [1/1]  step: [880/4155] (21.2%)  eta_epoch: 7:35  eta_total: 0:07:35  loss: 2.2881  time: 0.114  data_time: 0.001  forward_time: 0.033  backward_time: 0.061  lr: 0.000090  max_mem: 5159M      
[2026-01-22 09:22:15]   epoch: [1/1]  step: [890/4155] (21.4%)  eta_epoch: 7:35  eta_total: 0:07:35  loss: 2.5461  time: 0.120  data_time: 0.001  forward_time: 0.032  backward_time: 0.073  lr: 0.000090  max_mem: 5159M      
[2026-01-22 09:22:17]   epoch: [1/1]  step: [900/4155] (21.7%)  eta_epoch: 7:35  eta_total: 0:07:35  loss: 2.5132  time: 0.127  data_time: 0.001  forward_time: 0.032  backward_time: 0.072  lr: 0.000089  max_mem: 5159M      
[2026-01-22 09:22:18]   epoch: [1/1]  step: [910/4155] (21.9%)  eta_epoch: 7:32  eta_total: 0:07:32  loss: 2.3583  time: 0.114  data_time: 0.001  forward_time: 0.027  backward_time: 0.051  lr: 0.000089  max_mem: 5159M      
[2026-01-22 09:22:20]   epoch: [1/1]  step: [920/4155] (22.1%)  eta_epoch: 7:30  eta_total: 0:07:30  loss: 2.4977  time: 0.116  data_time: 0.001  forward_time: 0.029  backward_time: 0.062  lr: 0.000089  max_mem: 5159M      
[2026-01-22 09:22:21]   epoch: [1/1]  step: [930/4155] (22.4%)  eta_epoch: 7:27  eta_total: 0:07:27  loss: 2.7221  time: 0.116  data_time: 0.001  forward_time: 0.027  backward_time: 0.065  lr: 0.000089  max_mem: 5159M      
[2026-01-22 09:22:22]   epoch: [1/1]  step: [940/4155] (22.6%)  eta_epoch: 7:23  eta_total: 0:07:23  loss: 2.6173  time: 0.115  data_time: 0.001  forward_time: 0.028  backward_time: 0.056  lr: 0.000088  max_mem: 5159M      
[2026-01-22 09:22:24]   epoch: [1/1]  step: [950/4155] (22.9%)  eta_epoch: 7:20  eta_total: 0:07:20  loss: 2.3433  time: 0.120  data_time: 0.001  forward_time: 0.032  backward_time: 0.072  lr: 0.000088  max_mem: 5159M      
[2026-01-22 09:22:25]   epoch: [1/1]  step: [960/4155] (23.1%)  eta_epoch: 7:19  eta_total: 0:07:19  loss: 2.4167  time: 0.114  data_time: 0.001  forward_time: 0.033  backward_time: 0.044  lr: 0.000088  max_mem: 5159M      
[2026-01-22 09:22:27]   epoch: [1/1]  step: [970/4155] (23.3%)  eta_epoch: 7:19  eta_total: 0:07:19  loss: 2.4450  time: 0.115  data_time: 0.001  forward_time: 0.026  backward_time: 0.048  lr: 0.000088  max_mem: 5159M      
[2026-01-22 09:22:28]   epoch: [1/1]  step: [980/4155] (23.6%)  eta_epoch: 7:19  eta_total: 0:07:19  loss: 2.5686  time: 0.115  data_time: 0.001  forward_time: 0.035  backward_time: 0.048  lr: 0.000088  max_mem: 5159M      
[2026-01-22 09:22:30]   epoch: [1/1]  step: [990/4155] (23.8%)  eta_epoch: 7:19  eta_total: 0:07:19  loss: 2.2736  time: 0.123  data_time: 0.001  forward_time: 0.048  backward_time: 0.048  lr: 0.000087  max_mem: 5159M      
[2026-01-22 09:22:31]   epoch: [1/1]  step: [1000/4155] (24.1%)  eta_epoch: 7:19  eta_total: 0:07:19  loss: 2.5517  time: 0.127  data_time: 0.001  forward_time: 0.041  backward_time: 0.067  lr: 0.000087  max_mem: 5159M      
[2026-01-22 09:22:32]   epoch: [1/1]  step: [1010/4155] (24.3%)  eta_epoch: 7:18  eta_total: 0:07:18  loss: 2.0678  time: 0.133  data_time: 0.001  forward_time: 0.045  backward_time: 0.070  lr: 0.000087  max_mem: 5159M      
[2026-01-22 09:22:34]   epoch: [1/1]  step: [1020/4155] (24.5%)  eta_epoch: 7:18  eta_total: 0:07:18  loss: 2.6435  time: 0.133  data_time: 0.001  forward_time: 0.048  backward_time: 0.069  lr: 0.000087  max_mem: 5159M      
[2026-01-22 09:22:35]   epoch: [1/1]  step: [1030/4155] (24.8%)  eta_epoch: 7:18  eta_total: 0:07:18  loss: 2.5006  time: 0.133  data_time: 0.001  forward_time: 0.044  backward_time: 0.074  lr: 0.000086  max_mem: 5159M      
[2026-01-22 09:22:37]   epoch: [1/1]  step: [1040/4155] (25.0%)  eta_epoch: 7:17  eta_total: 0:07:17  loss: 2.0259  time: 0.135  data_time: 0.002  forward_time: 0.046  backward_time: 0.074  lr: 0.000086  max_mem: 5159M      
[2026-01-22 09:22:38]   epoch: [1/1]  step: [1050/4155] (25.3%)  eta_epoch: 7:16  eta_total: 0:07:16  loss: 2.0757  time: 0.129  data_time: 0.001  forward_time: 0.043  backward_time: 0.065  lr: 0.000086  max_mem: 5159M      
[2026-01-22 09:22:39]   epoch: [1/1]  step: [1060/4155] (25.5%)  eta_epoch: 7:14  eta_total: 0:07:14  loss: 2.4803  time: 0.122  data_time: 0.001  forward_time: 0.047  backward_time: 0.049  lr: 0.000086  max_mem: 5159M      
[2026-01-22 09:22:41]   epoch: [1/1]  step: [1070/4155] (25.8%)  eta_epoch: 7:11  eta_total: 0:07:11  loss: 2.1473  time: 0.115  data_time: 0.001  forward_time: 0.033  backward_time: 0.035  lr: 0.000085  max_mem: 5159M      
[2026-01-22 09:22:42]   epoch: [1/1]  step: [1080/4155] (26.0%)  eta_epoch: 7:08  eta_total: 0:07:08  loss: 2.0352  time: 0.121  data_time: 0.001  forward_time: 0.045  backward_time: 0.044  lr: 0.000085  max_mem: 5159M      
[2026-01-22 09:22:44]   epoch: [1/1]  step: [1090/4155] (26.2%)  eta_epoch: 7:05  eta_total: 0:07:05  loss: 2.3353  time: 0.118  data_time: 0.001  forward_time: 0.042  backward_time: 0.039  lr: 0.000085  max_mem: 5159M      
[2026-01-22 09:22:45]   epoch: [1/1]  step: [1100/4155] (26.5%)  eta_epoch: 7:02  eta_total: 0:07:02  loss: 2.3353  time: 0.115  data_time: 0.001  forward_time: 0.032  backward_time: 0.039  lr: 0.000084  max_mem: 5159M      
[2026-01-22 09:22:47]   epoch: [1/1]  step: [1110/4155] (26.7%)  eta_epoch: 6:59  eta_total: 0:06:59  loss: 2.3757  time: 0.115  data_time: 0.001  forward_time: 0.027  backward_time: 0.045  lr: 0.000084  max_mem: 5159M      
[2026-01-22 09:22:48]   epoch: [1/1]  step: [1120/4155] (27.0%)  eta_epoch: 6:57  eta_total: 0:06:57  loss: 2.3037  time: 0.115  data_time: 0.001  forward_time: 0.027  backward_time: 0.040  lr: 0.000084  max_mem: 5159M      
[2026-01-22 09:22:49]   epoch: [1/1]  step: [1130/4155] (27.2%)  eta_epoch: 6:54  eta_total: 0:06:54  loss: 2.6140  time: 0.115  data_time: 0.001  forward_time: 0.029  backward_time: 0.041  lr: 0.000084  max_mem: 5159M      
[2026-01-22 09:22:51]   epoch: [1/1]  step: [1140/4155] (27.4%)  eta_epoch: 6:52  eta_total: 0:06:52  loss: 2.3945  time: 0.114  data_time: 0.001  forward_time: 0.027  backward_time: 0.063  lr: 0.000083  max_mem: 5159M      
[2026-01-22 09:22:52]   epoch: [1/1]  step: [1150/4155] (27.7%)  eta_epoch: 6:51  eta_total: 0:06:51  loss: 2.2507  time: 0.115  data_time: 0.001  forward_time: 0.026  backward_time: 0.054  lr: 0.000083  max_mem: 5159M      
[2026-01-22 09:22:54]   epoch: [1/1]  step: [1160/4155] (27.9%)  eta_epoch: 6:50  eta_total: 0:06:50  loss: 2.4055  time: 0.114  data_time: 0.001  forward_time: 0.032  backward_time: 0.053  lr: 0.000083  max_mem: 5159M      
[2026-01-22 09:22:55]   epoch: [1/1]  step: [1170/4155] (28.2%)  eta_epoch: 6:50  eta_total: 0:06:50  loss: 2.5411  time: 0.115  data_time: 0.001  forward_time: 0.038  backward_time: 0.044  lr: 0.000083  max_mem: 5159M      
[2026-01-22 09:22:56]   epoch: [1/1]  step: [1180/4155] (28.4%)  eta_epoch: 6:49  eta_total: 0:06:49  loss: 2.1421  time: 0.115  data_time: 0.001  forward_time: 0.032  backward_time: 0.045  lr: 0.000082  max_mem: 5159M      
[2026-01-22 09:22:58]   epoch: [1/1]  step: [1190/4155] (28.6%)  eta_epoch: 6:50  eta_total: 0:06:50  loss: 2.3395  time: 0.121  data_time: 0.001  forward_time: 0.032  backward_time: 0.068  lr: 0.000082  max_mem: 5159M      
[2026-01-22 09:23:00]   epoch: [1/1]  step: [1200/4155] (28.9%)  eta_epoch: 6:49  eta_total: 0:06:49  loss: 2.4925  time: 0.123  data_time: 0.001  forward_time: 0.048  backward_time: 0.044  lr: 0.000082  max_mem: 5159M      
[2026-01-22 09:23:01]   epoch: [1/1]  step: [1210/4155] (29.1%)  eta_epoch: 6:48  eta_total: 0:06:48  loss: 2.8898  time: 0.115  data_time: 0.001  forward_time: 0.035  backward_time: 0.045  lr: 0.000081  max_mem: 5159M      
[2026-01-22 09:23:02]   epoch: [1/1]  step: [1220/4155] (29.4%)  eta_epoch: 6:47  eta_total: 0:06:47  loss: 2.2121  time: 0.129  data_time: 0.001  forward_time: 0.044  backward_time: 0.062  lr: 0.000081  max_mem: 5159M      
[2026-01-22 09:23:04]   epoch: [1/1]  step: [1230/4155] (29.6%)  eta_epoch: 6:46  eta_total: 0:06:46  loss: 2.4884  time: 0.127  data_time: 0.001  forward_time: 0.039  backward_time: 0.067  lr: 0.000081  max_mem: 5159M      
[2026-01-22 09:23:05]   epoch: [1/1]  step: [1240/4155] (29.8%)  eta_epoch: 6:44  eta_total: 0:06:44  loss: 2.8542  time: 0.134  data_time: 0.001  forward_time: 0.047  backward_time: 0.068  lr: 0.000081  max_mem: 5159M      
[2026-01-22 09:23:07]   epoch: [1/1]  step: [1250/4155] (30.1%)  eta_epoch: 6:44  eta_total: 0:06:44  loss: 1.9531  time: 0.115  data_time: 0.001  forward_time: 0.039  backward_time: 0.047  lr: 0.000080  max_mem: 5159M      
[2026-01-22 09:23:09]   epoch: [1/1]  step: [1260/4155] (30.3%)  eta_epoch: 6:43  eta_total: 0:06:43  loss: 2.3931  time: 0.114  data_time: 0.001  forward_time: 0.033  backward_time: 0.042  lr: 0.000080  max_mem: 5159M      
[2026-01-22 09:23:10]   epoch: [1/1]  step: [1270/4155] (30.6%)  eta_epoch: 6:41  eta_total: 0:06:41  loss: 2.0410  time: 0.114  data_time: 0.001  forward_time: 0.032  backward_time: 0.060  lr: 0.000080  max_mem: 5159M      
[2026-01-22 09:23:11]   epoch: [1/1]  step: [1280/4155] (30.8%)  eta_epoch: 6:39  eta_total: 0:06:39  loss: 1.8930  time: 0.114  data_time: 0.001  forward_time: 0.032  backward_time: 0.045  lr: 0.000079  max_mem: 5159M      
[2026-01-22 09:23:13]   epoch: [1/1]  step: [1290/4155] (31.0%)  eta_epoch: 6:36  eta_total: 0:06:36  loss: 2.6463  time: 0.115  data_time: 0.001  forward_time: 0.026  backward_time: 0.052  lr: 0.000079  max_mem: 5159M      
[2026-01-22 09:23:14]   epoch: [1/1]  step: [1300/4155] (31.3%)  eta_epoch: 6:33  eta_total: 0:06:33  loss: 2.2765  time: 0.115  data_time: 0.001  forward_time: 0.028  backward_time: 0.061  lr: 0.000079  max_mem: 5159M      
[2026-01-22 09:23:16]   epoch: [1/1]  step: [1310/4155] (31.5%)  eta_epoch: 6:30  eta_total: 0:06:30  loss: 2.8079  time: 0.114  data_time: 0.001  forward_time: 0.025  backward_time: 0.065  lr: 0.000079  max_mem: 5159M      
[2026-01-22 09:23:17]   epoch: [1/1]  step: [1320/4155] (31.8%)  eta_epoch: 6:28  eta_total: 0:06:28  loss: 1.9860  time: 0.115  data_time: 0.001  forward_time: 0.027  backward_time: 0.064  lr: 0.000078  max_mem: 5159M      
[2026-01-22 09:23:19]   epoch: [1/1]  step: [1330/4155] (32.0%)  eta_epoch: 6:26  eta_total: 0:06:26  loss: 2.1862  time: 0.115  data_time: 0.001  forward_time: 0.027  backward_time: 0.057  lr: 0.000078  max_mem: 5159M      
[2026-01-22 09:23:20]   epoch: [1/1]  step: [1340/4155] (32.3%)  eta_epoch: 6:25  eta_total: 0:06:25  loss: 2.6005  time: 0.115  data_time: 0.001  forward_time: 0.028  backward_time: 0.060  lr: 0.000078  max_mem: 5159M      
[2026-01-22 09:23:22]   epoch: [1/1]  step: [1350/4155] (32.5%)  eta_epoch: 6:24  eta_total: 0:06:24  loss: 2.6681  time: 0.115  data_time: 0.001  forward_time: 0.027  backward_time: 0.047  lr: 0.000077  max_mem: 5159M      
[2026-01-22 09:23:23]   epoch: [1/1]  step: [1360/4155] (32.7%)  eta_epoch: 6:22  eta_total: 0:06:22  loss: 2.4017  time: 0.121  data_time: 0.001  forward_time: 0.030  backward_time: 0.071  lr: 0.000077  max_mem: 5159M      
[2026-01-22 09:23:25]   epoch: [1/1]  step: [1370/4155] (33.0%)  eta_epoch: 6:21  eta_total: 0:06:21  loss: 2.2701  time: 0.114  data_time: 0.001  forward_time: 0.029  backward_time: 0.053  lr: 0.000077  max_mem: 5159M      
[2026-01-22 09:23:26]   epoch: [1/1]  step: [1380/4155] (33.2%)  eta_epoch: 6:20  eta_total: 0:06:20  loss: 1.8087  time: 0.116  data_time: 0.001  forward_time: 0.027  backward_time: 0.065  lr: 0.000076  max_mem: 5159M      
[2026-01-22 09:23:28]   epoch: [1/1]  step: [1390/4155] (33.5%)  eta_epoch: 6:21  eta_total: 0:06:21  loss: 2.2570  time: 0.141  data_time: 0.001  forward_time: 0.051  backward_time: 0.075  lr: 0.000076  max_mem: 5159M      
[2026-01-22 09:23:29]   epoch: [1/1]  step: [1400/4155] (33.7%)  eta_epoch: 6:22  eta_total: 0:06:22  loss: 2.3240  time: 0.127  data_time: 0.001  forward_time: 0.051  backward_time: 0.051  lr: 0.000076  max_mem: 5159M      
[2026-01-22 09:23:31]   epoch: [1/1]  step: [1410/4155] (33.9%)  eta_epoch: 6:21  eta_total: 0:06:21  loss: 1.7959  time: 0.120  data_time: 0.001  forward_time: 0.032  backward_time: 0.066  lr: 0.000075  max_mem: 5159M      
[2026-01-22 09:23:32]   epoch: [1/1]  step: [1420/4155] (34.2%)  eta_epoch: 6:19  eta_total: 0:06:20  loss: 2.5198  time: 0.114  data_time: 0.001  forward_time: 0.026  backward_time: 0.054  lr: 0.000075  max_mem: 5159M      
[2026-01-22 09:23:34]   epoch: [1/1]  step: [1430/4155] (34.4%)  eta_epoch: 6:18  eta_total: 0:06:18  loss: 2.1827  time: 0.115  data_time: 0.001  forward_time: 0.027  backward_time: 0.042  lr: 0.000075  max_mem: 5159M      
[2026-01-22 09:23:35]   epoch: [1/1]  step: [1440/4155] (34.7%)  eta_epoch: 6:15  eta_total: 0:06:15  loss: 2.4308  time: 0.114  data_time: 0.001  forward_time: 0.029  backward_time: 0.052  lr: 0.000075  max_mem: 5159M      
[2026-01-22 09:23:37]   epoch: [1/1]  step: [1450/4155] (34.9%)  eta_epoch: 6:12  eta_total: 0:06:12  loss: 2.4898  time: 0.120  data_time: 0.001  forward_time: 0.031  backward_time: 0.071  lr: 0.000074  max_mem: 5159M      
[2026-01-22 09:23:39]   epoch: [1/1]  step: [1460/4155] (35.1%)  eta_epoch: 6:10  eta_total: 0:06:10  loss: 2.0700  time: 0.114  data_time: 0.001  forward_time: 0.027  backward_time: 0.063  lr: 0.000074  max_mem: 5159M      
[2026-01-22 09:23:40]   epoch: [1/1]  step: [1470/4155] (35.4%)  eta_epoch: 6:09  eta_total: 0:06:09  loss: 2.3956  time: 0.115  data_time: 0.001  forward_time: 0.028  backward_time: 0.054  lr: 0.000074  max_mem: 5159M      
[2026-01-22 09:23:42]   epoch: [1/1]  step: [1480/4155] (35.6%)  eta_epoch: 6:08  eta_total: 0:06:08  loss: 2.4352  time: 0.117  data_time: 0.001  forward_time: 0.030  backward_time: 0.064  lr: 0.000073  max_mem: 5159M      
[2026-01-22 09:23:43]   epoch: [1/1]  step: [1490/4155] (35.9%)  eta_epoch: 6:06  eta_total: 0:06:06  loss: 2.5878  time: 0.115  data_time: 0.001  forward_time: 0.025  backward_time: 0.043  lr: 0.000073  max_mem: 5159M      
[2026-01-22 09:23:45]   epoch: [1/1]  step: [1500/4155] (36.1%)  eta_epoch: 6:05  eta_total: 0:06:05  loss: 2.1450  time: 0.114  data_time: 0.001  forward_time: 0.026  backward_time: 0.063  lr: 0.000073  max_mem: 5159M      
[2026-01-22 09:23:46]   epoch: [1/1]  step: [1510/4155] (36.3%)  eta_epoch: 6:03  eta_total: 0:06:03  loss: 2.5009  time: 0.115  data_time: 0.001  forward_time: 0.028  backward_time: 0.039  lr: 0.000072  max_mem: 5159M      
[2026-01-22 09:23:48]   epoch: [1/1]  step: [1520/4155] (36.6%)  eta_epoch: 6:02  eta_total: 0:06:02  loss: 1.8882  time: 0.115  data_time: 0.001  forward_time: 0.027  backward_time: 0.059  lr: 0.000072  max_mem: 5159M      
[2026-01-22 09:23:50]   epoch: [1/1]  step: [1530/4155] (36.8%)  eta_epoch: 6:01  eta_total: 0:06:01  loss: 2.6667  time: 0.115  data_time: 0.001  forward_time: 0.028  backward_time: 0.062  lr: 0.000072  max_mem: 5159M      
[2026-01-22 09:23:51]   epoch: [1/1]  step: [1540/4155] (37.1%)  eta_epoch: 6:00  eta_total: 0:06:00  loss: 1.9275  time: 0.115  data_time: 0.001  forward_time: 0.026  backward_time: 0.062  lr: 0.000071  max_mem: 5159M      
[2026-01-22 09:23:53]   epoch: [1/1]  step: [1550/4155] (37.3%)  eta_epoch: 5:58  eta_total: 0:05:58  loss: 2.3073  time: 0.115  data_time: 0.001  forward_time: 0.028  backward_time: 0.033  lr: 0.000071  max_mem: 5159M      
[2026-01-22 09:23:54]   epoch: [1/1]  step: [1560/4155] (37.5%)  eta_epoch: 5:56  eta_total: 0:05:56  loss: 2.4331  time: 0.116  data_time: 0.001  forward_time: 0.027  backward_time: 0.034  lr: 0.000071  max_mem: 5159M      
[2026-01-22 09:23:56]   epoch: [1/1]  step: [1570/4155] (37.8%)  eta_epoch: 5:55  eta_total: 0:05:55  loss: 2.5193  time: 0.115  data_time: 0.001  forward_time: 0.028  backward_time: 0.034  lr: 0.000070  max_mem: 5159M      
[2026-01-22 09:23:57]   epoch: [1/1]  step: [1580/4155] (38.0%)  eta_epoch: 5:54  eta_total: 0:05:54  loss: 2.2042  time: 0.114  data_time: 0.001  forward_time: 0.027  backward_time: 0.059  lr: 0.000070  max_mem: 5159M      
[2026-01-22 09:23:59]   epoch: [1/1]  step: [1590/4155] (38.3%)  eta_epoch: 5:52  eta_total: 0:05:52  loss: 2.2166  time: 0.115  data_time: 0.001  forward_time: 0.028  backward_time: 0.043  lr: 0.000070  max_mem: 5159M      
[2026-01-22 09:24:00]   epoch: [1/1]  step: [1600/4155] (38.5%)  eta_epoch: 5:51  eta_total: 0:05:51  loss: 1.9927  time: 0.127  data_time: 0.002  forward_time: 0.051  backward_time: 0.045  lr: 0.000069  max_mem: 5159M      
[2026-01-22 09:24:02]   epoch: [1/1]  step: [1610/4155] (38.7%)  eta_epoch: 5:50  eta_total: 0:05:50  loss: 2.1972  time: 0.115  data_time: 0.001  forward_time: 0.029  backward_time: 0.042  lr: 0.000069  max_mem: 5159M      
[2026-01-22 09:24:04]   epoch: [1/1]  step: [1620/4155] (39.0%)  eta_epoch: 5:49  eta_total: 0:05:49  loss: 1.9851  time: 0.114  data_time: 0.001  forward_time: 0.028  backward_time: 0.046  lr: 0.000069  max_mem: 5159M      
[2026-01-22 09:24:05]   epoch: [1/1]  step: [1630/4155] (39.2%)  eta_epoch: 5:47  eta_total: 0:05:47  loss: 2.8957  time: 0.115  data_time: 0.001  forward_time: 0.029  backward_time: 0.038  lr: 0.000068  max_mem: 5159M      
[2026-01-22 09:24:06]   epoch: [1/1]  step: [1640/4155] (39.5%)  eta_epoch: 5:46  eta_total: 0:05:46  loss: 2.1365  time: 0.115  data_time: 0.001  forward_time: 0.034  backward_time: 0.037  lr: 0.000068  max_mem: 5159M      
[2026-01-22 09:24:07]   epoch: [1/1]  step: [1650/4155] (39.7%)  eta_epoch: 5:44  eta_total: 0:05:44  loss: 2.2950  time: 0.115  data_time: 0.001  forward_time: 0.028  backward_time: 0.038  lr: 0.000068  max_mem: 5159M      
[2026-01-22 09:24:09]   epoch: [1/1]  step: [1660/4155] (40.0%)  eta_epoch: 5:42  eta_total: 0:05:42  loss: 2.4020  time: 0.115  data_time: 0.002  forward_time: 0.027  backward_time: 0.036  lr: 0.000067  max_mem: 5159M      
[2026-01-22 09:24:11]   epoch: [1/1]  step: [1670/4155] (40.2%)  eta_epoch: 5:42  eta_total: 0:05:42  loss: 2.3299  time: 0.115  data_time: 0.001  forward_time: 0.027  backward_time: 0.032  lr: 0.000067  max_mem: 5159M      
[2026-01-22 09:24:12]   epoch: [1/1]  step: [1680/4155] (40.4%)  eta_epoch: 5:41  eta_total: 0:05:41  loss: 2.2695  time: 0.123  data_time: 0.001  forward_time: 0.047  backward_time: 0.039  lr: 0.000067  max_mem: 5159M      
[2026-01-22 09:24:14]   epoch: [1/1]  step: [1690/4155] (40.7%)  eta_epoch: 5:40  eta_total: 0:05:40  loss: 2.0515  time: 0.115  data_time: 0.001  forward_time: 0.035  backward_time: 0.042  lr: 0.000066  max_mem: 5159M      
[2026-01-22 09:24:15]   epoch: [1/1]  step: [1700/4155] (40.9%)  eta_epoch: 5:39  eta_total: 0:05:39  loss: 2.1675  time: 0.117  data_time: 0.001  forward_time: 0.026  backward_time: 0.069  lr: 0.000066  max_mem: 5159M      
[2026-01-22 09:24:17]   epoch: [1/1]  step: [1710/4155] (41.2%)  eta_epoch: 5:38  eta_total: 0:05:38  loss: 2.4981  time: 0.116  data_time: 0.001  forward_time: 0.039  backward_time: 0.040  lr: 0.000066  max_mem: 5159M      
[2026-01-22 09:24:18]   epoch: [1/1]  step: [1720/4155] (41.4%)  eta_epoch: 5:37  eta_total: 0:05:37  loss: 3.0774  time: 0.115  data_time: 0.001  forward_time: 0.033  backward_time: 0.037  lr: 0.000065  max_mem: 5159M      
[2026-01-22 09:24:19]   epoch: [1/1]  step: [1730/4155] (41.6%)  eta_epoch: 5:36  eta_total: 0:05:36  loss: 2.1559  time: 0.114  data_time: 0.001  forward_time: 0.032  backward_time: 0.039  lr: 0.000065  max_mem: 5159M      
[2026-01-22 09:24:21]   epoch: [1/1]  step: [1740/4155] (41.9%)  eta_epoch: 5:35  eta_total: 0:05:35  loss: 2.2052  time: 0.117  data_time: 0.001  forward_time: 0.041  backward_time: 0.033  lr: 0.000064  max_mem: 5159M      
[2026-01-22 09:24:22]   epoch: [1/1]  step: [1750/4155] (42.1%)  eta_epoch: 5:34  eta_total: 0:05:34  loss: 2.0771  time: 0.131  data_time: 0.001  forward_time: 0.055  backward_time: 0.042  lr: 0.000064  max_mem: 5159M      
[2026-01-22 09:24:24]   epoch: [1/1]  step: [1760/4155] (42.4%)  eta_epoch: 5:32  eta_total: 0:05:32  loss: 2.9023  time: 0.116  data_time: 0.001  forward_time: 0.040  backward_time: 0.041  lr: 0.000064  max_mem: 5159M      
[2026-01-22 09:24:26]   epoch: [1/1]  step: [1770/4155] (42.6%)  eta_epoch: 5:31  eta_total: 0:05:31  loss: 2.3156  time: 0.121  data_time: 0.001  forward_time: 0.044  backward_time: 0.045  lr: 0.000063  max_mem: 5159M      
[2026-01-22 09:24:27]   epoch: [1/1]  step: [1780/4155] (42.8%)  eta_epoch: 5:29  eta_total: 0:05:29  loss: 2.0770  time: 0.119  data_time: 0.001  forward_time: 0.043  backward_time: 0.044  lr: 0.000063  max_mem: 5159M      
[2026-01-22 09:24:29]   epoch: [1/1]  step: [1790/4155] (43.1%)  eta_epoch: 5:27  eta_total: 0:05:27  loss: 2.1118  time: 0.119  data_time: 0.001  forward_time: 0.043  backward_time: 0.037  lr: 0.000063  max_mem: 5159M      
[2026-01-22 09:24:30]   epoch: [1/1]  step: [1800/4155] (43.3%)  eta_epoch: 5:26  eta_total: 0:05:26  loss: 2.1569  time: 0.119  data_time: 0.001  forward_time: 0.042  backward_time: 0.037  lr: 0.000062  max_mem: 5159M      
[2026-01-22 09:24:32]   epoch: [1/1]  step: [1810/4155] (43.6%)  eta_epoch: 5:25  eta_total: 0:05:25  loss: 2.5911  time: 0.115  data_time: 0.001  forward_time: 0.036  backward_time: 0.038  lr: 0.000062  max_mem: 5159M      
[2026-01-22 09:24:33]   epoch: [1/1]  step: [1820/4155] (43.8%)  eta_epoch: 5:23  eta_total: 0:05:23  loss: 2.3305  time: 0.114  data_time: 0.001  forward_time: 0.031  backward_time: 0.040  lr: 0.000062  max_mem: 5159M      
[2026-01-22 09:24:35]   epoch: [1/1]  step: [1830/4155] (44.0%)  eta_epoch: 5:22  eta_total: 0:05:22  loss: 1.8732  time: 0.133  data_time: 0.001  forward_time: 0.056  backward_time: 0.052  lr: 0.000061  max_mem: 5159M      
[2026-01-22 09:24:36]   epoch: [1/1]  step: [1840/4155] (44.3%)  eta_epoch: 5:22  eta_total: 0:05:22  loss: 2.8226  time: 0.124  data_time: 0.001  forward_time: 0.044  backward_time: 0.057  lr: 0.000061  max_mem: 5159M      
[2026-01-22 09:24:38]   epoch: [1/1]  step: [1850/4155] (44.5%)  eta_epoch: 5:21  eta_total: 0:05:21  loss: 2.0775  time: 0.115  data_time: 0.001  forward_time: 0.033  backward_time: 0.036  lr: 0.000061  max_mem: 5159M      
[2026-01-22 09:24:39]   epoch: [1/1]  step: [1860/4155] (44.8%)  eta_epoch: 5:20  eta_total: 0:05:20  loss: 2.1108  time: 0.115  data_time: 0.001  forward_time: 0.034  backward_time: 0.037  lr: 0.000060  max_mem: 5159M      
[2026-01-22 09:24:41]   epoch: [1/1]  step: [1870/4155] (45.0%)  eta_epoch: 5:19  eta_total: 0:05:19  loss: 2.1004  time: 0.121  data_time: 0.001  forward_time: 0.040  backward_time: 0.060  lr: 0.000060  max_mem: 5159M      
[2026-01-22 09:24:43]   epoch: [1/1]  step: [1880/4155] (45.2%)  eta_epoch: 5:19  eta_total: 0:05:19  loss: 2.2738  time: 0.134  data_time: 0.001  forward_time: 0.048  backward_time: 0.070  lr: 0.000060  max_mem: 5159M      
[2026-01-22 09:24:44]   epoch: [1/1]  step: [1890/4155] (45.5%)  eta_epoch: 5:17  eta_total: 0:05:17  loss: 2.1985  time: 0.120  data_time: 0.001  forward_time: 0.044  backward_time: 0.049  lr: 0.000059  max_mem: 5159M      
[2026-01-22 09:24:45]   epoch: [1/1]  step: [1900/4155] (45.7%)  eta_epoch: 5:16  eta_total: 0:05:16  loss: 2.1543  time: 0.115  data_time: 0.001  forward_time: 0.039  backward_time: 0.050  lr: 0.000059  max_mem: 5159M      
[2026-01-22 09:24:47]   epoch: [1/1]  step: [1910/4155] (46.0%)  eta_epoch: 5:15  eta_total: 0:05:15  loss: 1.8989  time: 0.117  data_time: 0.001  forward_time: 0.032  backward_time: 0.062  lr: 0.000058  max_mem: 5159M      
[2026-01-22 09:24:48]   epoch: [1/1]  step: [1920/4155] (46.2%)  eta_epoch: 5:14  eta_total: 0:05:14  loss: 2.2182  time: 0.121  data_time: 0.001  forward_time: 0.033  backward_time: 0.067  lr: 0.000058  max_mem: 5159M      
[2026-01-22 09:24:50]   epoch: [1/1]  step: [1930/4155] (46.5%)  eta_epoch: 5:13  eta_total: 0:05:13  loss: 2.6301  time: 0.133  data_time: 0.001  forward_time: 0.047  backward_time: 0.071  lr: 0.000058  max_mem: 5159M      
[2026-01-22 09:24:51]   epoch: [1/1]  step: [1940/4155] (46.7%)  eta_epoch: 5:11  eta_total: 0:05:11  loss: 2.2870  time: 0.134  data_time: 0.001  forward_time: 0.045  backward_time: 0.073  lr: 0.000057  max_mem: 5159M      
[2026-01-22 09:24:52]   epoch: [1/1]  step: [1950/4155] (46.9%)  eta_epoch: 5:09  eta_total: 0:05:09  loss: 2.0268  time: 0.122  data_time: 0.001  forward_time: 0.038  backward_time: 0.064  lr: 0.000057  max_mem: 5159M      
[2026-01-22 09:24:54]   epoch: [1/1]  step: [1960/4155] (47.2%)  eta_epoch: 5:07  eta_total: 0:05:07  loss: 2.3469  time: 0.120  data_time: 0.001  forward_time: 0.031  backward_time: 0.073  lr: 0.000057  max_mem: 5159M      
[2026-01-22 09:24:55]   epoch: [1/1]  step: [1970/4155] (47.4%)  eta_epoch: 5:06  eta_total: 0:05:06  loss: 2.0481  time: 0.115  data_time: 0.001  forward_time: 0.034  backward_time: 0.047  lr: 0.000056  max_mem: 5159M      
[2026-01-22 09:24:57]   epoch: [1/1]  step: [1980/4155] (47.7%)  eta_epoch: 5:03  eta_total: 0:05:03  loss: 2.5643  time: 0.115  data_time: 0.001  forward_time: 0.032  backward_time: 0.048  lr: 0.000056  max_mem: 5159M      
[2026-01-22 09:24:58]   epoch: [1/1]  step: [1990/4155] (47.9%)  eta_epoch: 5:02  eta_total: 0:05:02  loss: 2.1388  time: 0.122  data_time: 0.001  forward_time: 0.033  backward_time: 0.068  lr: 0.000056  max_mem: 5159M      
[2026-01-22 09:24:59]   epoch: [1/1]  step: [2000/4155] (48.1%)  eta_epoch: 5:00  eta_total: 0:05:00  loss: 2.6253  time: 0.119  data_time: 0.002  forward_time: 0.043  backward_time: 0.041  lr: 0.000055  max_mem: 5159M      
[2026-01-22 09:25:01]   epoch: [1/1]  step: [2010/4155] (48.4%)  eta_epoch: 4:59  eta_total: 0:04:59  loss: 2.1299  time: 0.114  data_time: 0.001  forward_time: 0.037  backward_time: 0.047  lr: 0.000055  max_mem: 5159M      
[2026-01-22 09:25:02]   epoch: [1/1]  step: [2020/4155] (48.6%)  eta_epoch: 4:57  eta_total: 0:04:57  loss: 2.3904  time: 0.115  data_time: 0.001  forward_time: 0.034  backward_time: 0.047  lr: 0.000055  max_mem: 5159M      
[2026-01-22 09:25:04]   epoch: [1/1]  step: [2030/4155] (48.9%)  eta_epoch: 4:54  eta_total: 0:04:54  loss: 2.1442  time: 0.115  data_time: 0.001  forward_time: 0.026  backward_time: 0.046  lr: 0.000054  max_mem: 5159M      
[2026-01-22 09:25:05]   epoch: [1/1]  step: [2040/4155] (49.1%)  eta_epoch: 4:52  eta_total: 0:04:52  loss: 2.5244  time: 0.115  data_time: 0.001  forward_time: 0.026  backward_time: 0.066  lr: 0.000054  max_mem: 5159M      
[2026-01-22 09:25:07]   epoch: [1/1]  step: [2050/4155] (49.3%)  eta_epoch: 4:50  eta_total: 0:04:50  loss: 2.1143  time: 0.115  data_time: 0.001  forward_time: 0.026  backward_time: 0.064  lr: 0.000053  max_mem: 5159M      
[2026-01-22 09:25:08]   epoch: [1/1]  step: [2060/4155] (49.6%)  eta_epoch: 4:48  eta_total: 0:04:48  loss: 1.7781  time: 0.115  data_time: 0.001  forward_time: 0.031  backward_time: 0.034  lr: 0.000053  max_mem: 5159M      
[2026-01-22 09:25:10]   epoch: [1/1]  step: [2070/4155] (49.8%)  eta_epoch: 4:47  eta_total: 0:04:47  loss: 2.2784  time: 0.122  data_time: 0.001  forward_time: 0.033  backward_time: 0.067  lr: 0.000053  max_mem: 5159M      
[2026-01-22 09:25:11]   epoch: [1/1]  step: [2080/4155] (50.1%)  eta_epoch: 4:47  eta_total: 0:04:47  loss: 2.7997  time: 0.120  data_time: 0.001  forward_time: 0.032  backward_time: 0.066  lr: 0.000052  max_mem: 5159M      
[2026-01-22 09:25:13]   epoch: [1/1]  step: [2090/4155] (50.3%)  eta_epoch: 4:47  eta_total: 0:04:47  loss: 2.2004  time: 0.128  data_time: 0.001  forward_time: 0.042  backward_time: 0.069  lr: 0.000052  max_mem: 5159M      
[2026-01-22 09:25:14]   epoch: [1/1]  step: [2100/4155] (50.5%)  eta_epoch: 4:47  eta_total: 0:04:47  loss: 2.4056  time: 0.120  data_time: 0.001  forward_time: 0.034  backward_time: 0.070  lr: 0.000052  max_mem: 5159M      
[2026-01-22 09:25:16]   epoch: [1/1]  step: [2110/4155] (50.8%)  eta_epoch: 4:47  eta_total: 0:04:47  loss: 2.3156  time: 0.125  data_time: 0.001  forward_time: 0.041  backward_time: 0.063  lr: 0.000051  max_mem: 5159M      
[2026-01-22 09:25:17]   epoch: [1/1]  step: [2120/4155] (51.0%)  eta_epoch: 4:46  eta_total: 0:04:46  loss: 2.3154  time: 0.128  data_time: 0.001  forward_time: 0.052  backward_time: 0.045  lr: 0.000051  max_mem: 5159M      
[2026-01-22 09:25:18]   epoch: [1/1]  step: [2130/4155] (51.3%)  eta_epoch: 4:45  eta_total: 0:04:45  loss: 2.2357  time: 0.131  data_time: 0.002  forward_time: 0.048  backward_time: 0.066  lr: 0.000051  max_mem: 5159M      
[2026-01-22 09:25:20]   epoch: [1/1]  step: [2140/4155] (51.5%)  eta_epoch: 4:43  eta_total: 0:04:43  loss: 2.1973  time: 0.135  data_time: 0.002  forward_time: 0.052  backward_time: 0.065  lr: 0.000050  max_mem: 5159M      
[2026-01-22 09:25:21]   epoch: [1/1]  step: [2150/4155] (51.7%)  eta_epoch: 4:41  eta_total: 0:04:41  loss: 2.1979  time: 0.122  data_time: 0.001  forward_time: 0.045  backward_time: 0.047  lr: 0.000050  max_mem: 5159M      
[2026-01-22 09:25:23]   epoch: [1/1]  step: [2160/4155] (52.0%)  eta_epoch: 4:38  eta_total: 0:04:38  loss: 2.1381  time: 0.115  data_time: 0.001  forward_time: 0.032  backward_time: 0.052  lr: 0.000050  max_mem: 5159M      
[2026-01-22 09:25:24]   epoch: [1/1]  step: [2170/4155] (52.2%)  eta_epoch: 4:36  eta_total: 0:04:36  loss: 1.9800  time: 0.115  data_time: 0.001  forward_time: 0.034  backward_time: 0.052  lr: 0.000049  max_mem: 5159M      
[2026-01-22 09:25:26]   epoch: [1/1]  step: [2180/4155] (52.5%)  eta_epoch: 4:34  eta_total: 0:04:34  loss: 2.3313  time: 0.120  data_time: 0.002  forward_time: 0.044  backward_time: 0.035  lr: 0.000049  max_mem: 5159M      
[2026-01-22 09:25:27]   epoch: [1/1]  step: [2190/4155] (52.7%)  eta_epoch: 4:32  eta_total: 0:04:32  loss: 2.4797  time: 0.120  data_time: 0.001  forward_time: 0.043  backward_time: 0.037  lr: 0.000048  max_mem: 5159M      
[2026-01-22 09:25:29]   epoch: [1/1]  step: [2200/4155] (52.9%)  eta_epoch: 4:31  eta_total: 0:04:31  loss: 2.3146  time: 0.115  data_time: 0.001  forward_time: 0.032  backward_time: 0.040  lr: 0.000048  max_mem: 5159M      
[2026-01-22 09:25:30]   epoch: [1/1]  step: [2210/4155] (53.2%)  eta_epoch: 4:29  eta_total: 0:04:29  loss: 2.2602  time: 0.115  data_time: 0.001  forward_time: 0.026  backward_time: 0.040  lr: 0.000048  max_mem: 5159M      
[2026-01-22 09:25:31]   epoch: [1/1]  step: [2220/4155] (53.4%)  eta_epoch: 4:27  eta_total: 0:04:27  loss: 2.7338  time: 0.115  data_time: 0.001  forward_time: 0.027  backward_time: 0.063  lr: 0.000047  max_mem: 5159M      
[2026-01-22 09:25:33]   epoch: [1/1]  step: [2230/4155] (53.7%)  eta_epoch: 4:26  eta_total: 0:04:26  loss: 2.0698  time: 0.115  data_time: 0.001  forward_time: 0.032  backward_time: 0.042  lr: 0.000047  max_mem: 5159M      
[2026-01-22 09:25:34]   epoch: [1/1]  step: [2240/4155] (53.9%)  eta_epoch: 4:25  eta_total: 0:04:25  loss: 2.5036  time: 0.137  data_time: 0.001  forward_time: 0.050  backward_time: 0.066  lr: 0.000047  max_mem: 5159M      
[2026-01-22 09:25:36]   epoch: [1/1]  step: [2250/4155] (54.2%)  eta_epoch: 4:24  eta_total: 0:04:24  loss: 2.2635  time: 0.117  data_time: 0.001  forward_time: 0.041  backward_time: 0.050  lr: 0.000046  max_mem: 5159M      
[2026-01-22 09:25:38]   epoch: [1/1]  step: [2260/4155] (54.4%)  eta_epoch: 4:23  eta_total: 0:04:23  loss: 2.3100  time: 0.120  data_time: 0.002  forward_time: 0.044  backward_time: 0.049  lr: 0.000046  max_mem: 5159M      
[2026-01-22 09:25:40]   epoch: [1/1]  step: [2270/4155] (54.6%)  eta_epoch: 4:23  eta_total: 0:04:23  loss: 2.3748  time: 0.127  data_time: 0.001  forward_time: 0.045  backward_time: 0.065  lr: 0.000046  max_mem: 5159M      
[2026-01-22 09:25:41]   epoch: [1/1]  step: [2280/4155] (54.9%)  eta_epoch: 4:23  eta_total: 0:04:23  loss: 1.9633  time: 0.130  data_time: 0.001  forward_time: 0.046  backward_time: 0.068  lr: 0.000045  max_mem: 5159M      
[2026-01-22 09:25:42]   epoch: [1/1]  step: [2290/4155] (55.1%)  eta_epoch: 4:21  eta_total: 0:04:21  loss: 2.4316  time: 0.115  data_time: 0.001  forward_time: 0.030  backward_time: 0.050  lr: 0.000045  max_mem: 5159M      
[2026-01-22 09:25:44]   epoch: [1/1]  step: [2300/4155] (55.4%)  eta_epoch: 4:19  eta_total: 0:04:19  loss: 2.1632  time: 0.115  data_time: 0.001  forward_time: 0.030  backward_time: 0.041  lr: 0.000045  max_mem: 5159M      
[2026-01-22 09:25:45]   epoch: [1/1]  step: [2310/4155] (55.6%)  eta_epoch: 4:17  eta_total: 0:04:17  loss: 2.0191  time: 0.117  data_time: 0.001  forward_time: 0.028  backward_time: 0.067  lr: 0.000044  max_mem: 5159M      
[2026-01-22 09:25:47]   epoch: [1/1]  step: [2320/4155] (55.8%)  eta_epoch: 4:14  eta_total: 0:04:14  loss: 1.9952  time: 0.116  data_time: 0.002  forward_time: 0.030  backward_time: 0.063  lr: 0.000044  max_mem: 5159M      
[2026-01-22 09:25:48]   epoch: [1/1]  step: [2330/4155] (56.1%)  eta_epoch: 4:12  eta_total: 0:04:12  loss: 2.5166  time: 0.121  data_time: 0.001  forward_time: 0.034  backward_time: 0.063  lr: 0.000043  max_mem: 5159M      
[2026-01-22 09:25:50]   epoch: [1/1]  step: [2340/4155] (56.3%)  eta_epoch: 4:11  eta_total: 0:04:11  loss: 2.0924  time: 0.121  data_time: 0.001  forward_time: 0.033  backward_time: 0.067  lr: 0.000043  max_mem: 5159M      
[2026-01-22 09:25:51]   epoch: [1/1]  step: [2350/4155] (56.6%)  eta_epoch: 4:10  eta_total: 0:04:10  loss: 2.3216  time: 0.119  data_time: 0.001  forward_time: 0.032  backward_time: 0.065  lr: 0.000043  max_mem: 5159M      
[2026-01-22 09:25:53]   epoch: [1/1]  step: [2360/4155] (56.8%)  eta_epoch: 4:10  eta_total: 0:04:10  loss: 2.4885  time: 0.129  data_time: 0.001  forward_time: 0.042  backward_time: 0.071  lr: 0.000042  max_mem: 5159M      
[2026-01-22 09:25:54]   epoch: [1/1]  step: [2370/4155] (57.0%)  eta_epoch: 4:10  eta_total: 0:04:10  loss: 2.4338  time: 0.136  data_time: 0.001  forward_time: 0.048  backward_time: 0.065  lr: 0.000042  max_mem: 5159M      
[2026-01-22 09:25:56]   epoch: [1/1]  step: [2380/4155] (57.3%)  eta_epoch: 4:09  eta_total: 0:04:09  loss: 2.1317  time: 0.115  data_time: 0.001  forward_time: 0.032  backward_time: 0.041  lr: 0.000042  max_mem: 5159M      
[2026-01-22 09:25:58]   epoch: [1/1]  step: [2390/4155] (57.5%)  eta_epoch: 4:08  eta_total: 0:04:08  loss: 2.5927  time: 0.124  data_time: 0.001  forward_time: 0.035  backward_time: 0.068  lr: 0.000041  max_mem: 5159M      
[2026-01-22 09:25:59]   epoch: [1/1]  step: [2400/4155] (57.8%)  eta_epoch: 4:08  eta_total: 0:04:08  loss: 2.7229  time: 0.125  data_time: 0.002  forward_time: 0.046  backward_time: 0.062  lr: 0.000041  max_mem: 5159M      
[2026-01-22 09:26:01]   epoch: [1/1]  step: [2410/4155] (58.0%)  eta_epoch: 4:06  eta_total: 0:04:06  loss: 2.3064  time: 0.115  data_time: 0.001  forward_time: 0.034  backward_time: 0.048  lr: 0.000041  max_mem: 5159M      
[2026-01-22 09:26:02]   epoch: [1/1]  step: [2420/4155] (58.2%)  eta_epoch: 4:04  eta_total: 0:04:04  loss: 1.8582  time: 0.114  data_time: 0.001  forward_time: 0.032  backward_time: 0.051  lr: 0.000040  max_mem: 5159M      
[2026-01-22 09:26:04]   epoch: [1/1]  step: [2430/4155] (58.5%)  eta_epoch: 4:03  eta_total: 0:04:03  loss: 2.0876  time: 0.118  data_time: 0.001  forward_time: 0.032  backward_time: 0.063  lr: 0.000040  max_mem: 5159M      
[2026-01-22 09:26:05]   epoch: [1/1]  step: [2440/4155] (58.7%)  eta_epoch: 4:01  eta_total: 0:04:01  loss: 2.1352  time: 0.118  data_time: 0.001  forward_time: 0.042  backward_time: 0.047  lr: 0.000040  max_mem: 5159M      
[2026-01-22 09:26:07]   epoch: [1/1]  step: [2450/4155] (59.0%)  eta_epoch: 3:57  eta_total: 0:03:57  loss: 2.1042  time: 0.115  data_time: 0.001  forward_time: 0.033  backward_time: 0.036  lr: 0.000039  max_mem: 5159M      
[2026-01-22 09:26:08]   epoch: [1/1]  step: [2460/4155] (59.2%)  eta_epoch: 3:56  eta_total: 0:03:56  loss: 2.5095  time: 0.121  data_time: 0.001  forward_time: 0.045  backward_time: 0.043  lr: 0.000039  max_mem: 5159M      
[2026-01-22 09:26:09]   epoch: [1/1]  step: [2470/4155] (59.4%)  eta_epoch: 3:54  eta_total: 0:03:54  loss: 2.1051  time: 0.115  data_time: 0.001  forward_time: 0.031  backward_time: 0.042  lr: 0.000039  max_mem: 5159M      
[2026-01-22 09:26:11]   epoch: [1/1]  step: [2480/4155] (59.7%)  eta_epoch: 3:53  eta_total: 0:03:53  loss: 2.5400  time: 0.116  data_time: 0.001  forward_time: 0.035  backward_time: 0.053  lr: 0.000038  max_mem: 5159M      
[2026-01-22 09:26:12]   epoch: [1/1]  step: [2490/4155] (59.9%)  eta_epoch: 3:51  eta_total: 0:03:51  loss: 2.0182  time: 0.115  data_time: 0.001  forward_time: 0.033  backward_time: 0.046  lr: 0.000038  max_mem: 5159M      
[2026-01-22 09:26:14]   epoch: [1/1]  step: [2500/4155] (60.2%)  eta_epoch: 3:50  eta_total: 0:03:50  loss: 2.6639  time: 0.118  data_time: 0.001  forward_time: 0.032  backward_time: 0.064  lr: 0.000038  max_mem: 5159M      
[2026-01-22 09:26:15]   epoch: [1/1]  step: [2510/4155] (60.4%)  eta_epoch: 3:49  eta_total: 0:03:49  loss: 2.6119  time: 0.132  data_time: 0.001  forward_time: 0.045  backward_time: 0.071  lr: 0.000037  max_mem: 5159M      
[2026-01-22 09:26:17]   epoch: [1/1]  step: [2520/4155] (60.6%)  eta_epoch: 3:49  eta_total: 0:03:49  loss: 1.7370  time: 0.122  data_time: 0.001  forward_time: 0.035  backward_time: 0.068  lr: 0.000037  max_mem: 5159M      
[2026-01-22 09:26:18]   epoch: [1/1]  step: [2530/4155] (60.9%)  eta_epoch: 3:48  eta_total: 0:03:48  loss: 2.6615  time: 0.121  data_time: 0.001  forward_time: 0.032  backward_time: 0.068  lr: 0.000037  max_mem: 5159M      
[2026-01-22 09:26:19]   epoch: [1/1]  step: [2540/4155] (61.1%)  eta_epoch: 3:46  eta_total: 0:03:46  loss: 1.9354  time: 0.115  data_time: 0.001  forward_time: 0.027  backward_time: 0.041  lr: 0.000036  max_mem: 5159M      
[2026-01-22 09:26:21]   epoch: [1/1]  step: [2550/4155] (61.4%)  eta_epoch: 3:44  eta_total: 0:03:44  loss: 1.8633  time: 0.121  data_time: 0.001  forward_time: 0.045  backward_time: 0.046  lr: 0.000036  max_mem: 5159M      
[2026-01-22 09:26:22]   epoch: [1/1]  step: [2560/4155] (61.6%)  eta_epoch: 3:43  eta_total: 0:03:43  loss: 1.8805  time: 0.140  data_time: 0.002  forward_time: 0.056  backward_time: 0.067  lr: 0.000036  max_mem: 5159M      
[2026-01-22 09:26:24]   epoch: [1/1]  step: [2570/4155] (61.9%)  eta_epoch: 3:41  eta_total: 0:03:41  loss: 2.2194  time: 0.132  data_time: 0.001  forward_time: 0.046  backward_time: 0.068  lr: 0.000035  max_mem: 5159M      
[2026-01-22 09:26:25]   epoch: [1/1]  step: [2580/4155] (62.1%)  eta_epoch: 3:40  eta_total: 0:03:40  loss: 1.7060  time: 0.127  data_time: 0.002  forward_time: 0.045  backward_time: 0.066  lr: 0.000035  max_mem: 5159M      
[2026-01-22 09:26:26]   epoch: [1/1]  step: [2590/4155] (62.3%)  eta_epoch: 3:38  eta_total: 0:03:38  loss: 1.6327  time: 0.116  data_time: 0.001  forward_time: 0.040  backward_time: 0.043  lr: 0.000035  max_mem: 5159M      
[2026-01-22 09:26:28]   epoch: [1/1]  step: [2600/4155] (62.6%)  eta_epoch: 3:37  eta_total: 0:03:37  loss: 2.1844  time: 0.121  data_time: 0.001  forward_time: 0.045  backward_time: 0.045  lr: 0.000034  max_mem: 5159M      
[2026-01-22 09:26:29]   epoch: [1/1]  step: [2610/4155] (62.8%)  eta_epoch: 3:36  eta_total: 0:03:36  loss: 2.3163  time: 0.117  data_time: 0.001  forward_time: 0.032  backward_time: 0.063  lr: 0.000034  max_mem: 5159M      
[2026-01-22 09:26:31]   epoch: [1/1]  step: [2620/4155] (63.1%)  eta_epoch: 3:34  eta_total: 0:03:34  loss: 2.5671  time: 0.121  data_time: 0.001  forward_time: 0.033  backward_time: 0.064  lr: 0.000034  max_mem: 5159M      
[2026-01-22 09:26:32]   epoch: [1/1]  step: [2630/4155] (63.3%)  eta_epoch: 3:32  eta_total: 0:03:32  loss: 2.2331  time: 0.133  data_time: 0.001  forward_time: 0.057  backward_time: 0.038  lr: 0.000033  max_mem: 5159M      
[2026-01-22 09:26:34]   epoch: [1/1]  step: [2640/4155] (63.5%)  eta_epoch: 3:30  eta_total: 0:03:30  loss: 2.0080  time: 0.127  data_time: 0.001  forward_time: 0.051  backward_time: 0.034  lr: 0.000033  max_mem: 5159M      
[2026-01-22 09:26:35]   epoch: [1/1]  step: [2650/4155] (63.8%)  eta_epoch: 3:29  eta_total: 0:03:29  loss: 2.4969  time: 0.115  data_time: 0.001  forward_time: 0.031  backward_time: 0.053  lr: 0.000033  max_mem: 5159M      
[2026-01-22 09:26:36]   epoch: [1/1]  step: [2660/4155] (64.0%)  eta_epoch: 3:27  eta_total: 0:03:27  loss: 2.5438  time: 0.123  data_time: 0.002  forward_time: 0.047  backward_time: 0.047  lr: 0.000032  max_mem: 5159M      
[2026-01-22 09:26:38]   epoch: [1/1]  step: [2670/4155] (64.3%)  eta_epoch: 3:26  eta_total: 0:03:26  loss: 2.5093  time: 0.123  data_time: 0.001  forward_time: 0.047  backward_time: 0.049  lr: 0.000032  max_mem: 5159M      
[2026-01-22 09:26:39]   epoch: [1/1]  step: [2680/4155] (64.5%)  eta_epoch: 3:25  eta_total: 0:03:25  loss: 2.3845  time: 0.121  data_time: 0.001  forward_time: 0.045  backward_time: 0.048  lr: 0.000032  max_mem: 5159M      
[2026-01-22 09:26:41]   epoch: [1/1]  step: [2690/4155] (64.7%)  eta_epoch: 3:24  eta_total: 0:03:24  loss: 2.0810  time: 0.115  data_time: 0.001  forward_time: 0.031  backward_time: 0.040  lr: 0.000031  max_mem: 5159M      
[2026-01-22 09:26:43]   epoch: [1/1]  step: [2700/4155] (65.0%)  eta_epoch: 3:23  eta_total: 0:03:23  loss: 2.0247  time: 0.121  data_time: 0.001  forward_time: 0.045  backward_time: 0.051  lr: 0.000031  max_mem: 5159M      
[2026-01-22 09:26:44]   epoch: [1/1]  step: [2710/4155] (65.2%)  eta_epoch: 3:22  eta_total: 0:03:22  loss: 2.2763  time: 0.115  data_time: 0.001  forward_time: 0.033  backward_time: 0.041  lr: 0.000031  max_mem: 5159M      
[2026-01-22 09:26:46]   epoch: [1/1]  step: [2720/4155] (65.5%)  eta_epoch: 3:20  eta_total: 0:03:20  loss: 2.2045  time: 0.124  data_time: 0.001  forward_time: 0.047  backward_time: 0.058  lr: 0.000030  max_mem: 5159M      
[2026-01-22 09:26:47]   epoch: [1/1]  step: [2730/4155] (65.7%)  eta_epoch: 3:19  eta_total: 0:03:19  loss: 2.0976  time: 0.136  data_time: 0.001  forward_time: 0.047  backward_time: 0.071  lr: 0.000030  max_mem: 5159M      
[2026-01-22 09:26:48]   epoch: [1/1]  step: [2740/4155] (65.9%)  eta_epoch: 3:18  eta_total: 0:03:18  loss: 2.2090  time: 0.132  data_time: 0.002  forward_time: 0.043  backward_time: 0.069  lr: 0.000030  max_mem: 5159M      
[2026-01-22 09:26:50]   epoch: [1/1]  step: [2750/4155] (66.2%)  eta_epoch: 3:17  eta_total: 0:03:17  loss: 2.1446  time: 0.136  data_time: 0.001  forward_time: 0.048  backward_time: 0.074  lr: 0.000029  max_mem: 5159M      
[2026-01-22 09:26:51]   epoch: [1/1]  step: [2760/4155] (66.4%)  eta_epoch: 3:16  eta_total: 0:03:16  loss: 2.2593  time: 0.136  data_time: 0.001  forward_time: 0.050  backward_time: 0.071  lr: 0.000029  max_mem: 5159M      
[2026-01-22 09:26:53]   epoch: [1/1]  step: [2770/4155] (66.7%)  eta_epoch: 3:16  eta_total: 0:03:16  loss: 2.4583  time: 0.137  data_time: 0.001  forward_time: 0.051  backward_time: 0.070  lr: 0.000029  max_mem: 5159M      
[2026-01-22 09:26:55]   epoch: [1/1]  step: [2780/4155] (66.9%)  eta_epoch: 3:15  eta_total: 0:03:15  loss: 2.1400  time: 0.114  data_time: 0.001  forward_time: 0.036  backward_time: 0.053  lr: 0.000028  max_mem: 5159M      
[2026-01-22 09:26:56]   epoch: [1/1]  step: [2790/4155] (67.1%)  eta_epoch: 3:13  eta_total: 0:03:13  loss: 2.0688  time: 0.115  data_time: 0.001  forward_time: 0.029  backward_time: 0.043  lr: 0.000028  max_mem: 5159M      
[2026-01-22 09:26:58]   epoch: [1/1]  step: [2800/4155] (67.4%)  eta_epoch: 3:11  eta_total: 0:03:11  loss: 1.8698  time: 0.117  data_time: 0.001  forward_time: 0.028  backward_time: 0.066  lr: 0.000028  max_mem: 5159M      
[2026-01-22 09:26:59]   epoch: [1/1]  step: [2810/4155] (67.6%)  eta_epoch: 3:08  eta_total: 0:03:08  loss: 1.9070  time: 0.115  data_time: 0.001  forward_time: 0.028  backward_time: 0.034  lr: 0.000027  max_mem: 5159M      
[2026-01-22 09:27:01]   epoch: [1/1]  step: [2820/4155] (67.9%)  eta_epoch: 3:05  eta_total: 0:03:05  loss: 2.3042  time: 0.119  data_time: 0.001  forward_time: 0.030  backward_time: 0.066  lr: 0.000027  max_mem: 5159M      
[2026-01-22 09:27:02]   epoch: [1/1]  step: [2830/4155] (68.1%)  eta_epoch: 3:03  eta_total: 0:03:03  loss: 2.3088  time: 0.119  data_time: 0.001  forward_time: 0.031  backward_time: 0.067  lr: 0.000027  max_mem: 5159M      
[2026-01-22 09:27:04]   epoch: [1/1]  step: [2840/4155] (68.4%)  eta_epoch: 3:01  eta_total: 0:03:01  loss: 1.6887  time: 0.114  data_time: 0.001  forward_time: 0.033  backward_time: 0.057  lr: 0.000027  max_mem: 5159M      
[2026-01-22 09:27:05]   epoch: [1/1]  step: [2850/4155] (68.6%)  eta_epoch: 3:00  eta_total: 0:03:00  loss: 2.4475  time: 0.115  data_time: 0.001  forward_time: 0.027  backward_time: 0.048  lr: 0.000026  max_mem: 5159M      
[2026-01-22 09:27:07]   epoch: [1/1]  step: [2860/4155] (68.8%)  eta_epoch: 2:59  eta_total: 0:02:59  loss: 2.3408  time: 0.122  data_time: 0.002  forward_time: 0.034  backward_time: 0.066  lr: 0.000026  max_mem: 5159M      
[2026-01-22 09:27:09]   epoch: [1/1]  step: [2870/4155] (69.1%)  eta_epoch: 2:58  eta_total: 0:02:58  loss: 2.3016  time: 0.121  data_time: 0.001  forward_time: 0.032  backward_time: 0.073  lr: 0.000026  max_mem: 5159M      
[2026-01-22 09:27:10]   epoch: [1/1]  step: [2880/4155] (69.3%)  eta_epoch: 2:57  eta_total: 0:02:57  loss: 1.9402  time: 0.115  data_time: 0.002  forward_time: 0.033  backward_time: 0.052  lr: 0.000025  max_mem: 5159M      
[2026-01-22 09:27:12]   epoch: [1/1]  step: [2890/4155] (69.6%)  eta_epoch: 2:56  eta_total: 0:02:56  loss: 2.2079  time: 0.119  data_time: 0.001  forward_time: 0.043  backward_time: 0.048  lr: 0.000025  max_mem: 5159M      
[2026-01-22 09:27:13]   epoch: [1/1]  step: [2900/4155] (69.8%)  eta_epoch: 2:55  eta_total: 0:02:55  loss: 1.8994  time: 0.126  data_time: 0.001  forward_time: 0.043  backward_time: 0.065  lr: 0.000025  max_mem: 5159M      
[2026-01-22 09:27:15]   epoch: [1/1]  step: [2910/4155] (70.0%)  eta_epoch: 2:54  eta_total: 0:02:54  loss: 2.2522  time: 0.142  data_time: 0.001  forward_time: 0.056  backward_time: 0.068  lr: 0.000025  max_mem: 5159M      
[2026-01-22 09:27:16]   epoch: [1/1]  step: [2920/4155] (70.3%)  eta_epoch: 2:53  eta_total: 0:02:53  loss: 2.5734  time: 0.136  data_time: 0.001  forward_time: 0.047  backward_time: 0.073  lr: 0.000024  max_mem: 5159M      
[2026-01-22 09:27:18]   epoch: [1/1]  step: [2930/4155] (70.5%)  eta_epoch: 2:52  eta_total: 0:02:52  loss: 2.2005  time: 0.123  data_time: 0.001  forward_time: 0.034  backward_time: 0.072  lr: 0.000024  max_mem: 5159M      
[2026-01-22 09:27:19]   epoch: [1/1]  step: [2940/4155] (70.8%)  eta_epoch: 2:51  eta_total: 0:02:51  loss: 2.0210  time: 0.118  data_time: 0.001  forward_time: 0.035  backward_time: 0.061  lr: 0.000024  max_mem: 5159M      
[2026-01-22 09:27:22]   epoch: [1/1]  step: [2950/4155] (71.0%)  eta_epoch: 2:50  eta_total: 0:02:50  loss: 1.8342  time: 0.115  data_time: 0.001  forward_time: 0.031  backward_time: 0.036  lr: 0.000023  max_mem: 5159M      
[2026-01-22 09:27:23]   epoch: [1/1]  step: [2960/4155] (71.2%)  eta_epoch: 2:47  eta_total: 0:02:47  loss: 2.4500  time: 0.115  data_time: 0.001  forward_time: 0.028  backward_time: 0.040  lr: 0.000023  max_mem: 5159M      
[2026-01-22 09:27:25]   epoch: [1/1]  step: [2970/4155] (71.5%)  eta_epoch: 2:45  eta_total: 0:02:45  loss: 1.7480  time: 0.114  data_time: 0.001  forward_time: 0.026  backward_time: 0.064  lr: 0.000023  max_mem: 5159M      
[2026-01-22 09:27:26]   epoch: [1/1]  step: [2980/4155] (71.7%)  eta_epoch: 2:44  eta_total: 0:02:44  loss: 2.4745  time: 0.115  data_time: 0.001  forward_time: 0.034  backward_time: 0.048  lr: 0.000023  max_mem: 5159M      
[2026-01-22 09:27:27]   epoch: [1/1]  step: [2990/4155] (72.0%)  eta_epoch: 2:42  eta_total: 0:02:42  loss: 1.8402  time: 0.114  data_time: 0.001  forward_time: 0.032  backward_time: 0.044  lr: 0.000022  max_mem: 5159M      
[2026-01-22 09:27:29]   epoch: [1/1]  step: [3000/4155] (72.2%)  eta_epoch: 2:40  eta_total: 0:02:40  loss: 2.2284  time: 0.119  data_time: 0.001  forward_time: 0.034  backward_time: 0.070  lr: 0.000022  max_mem: 5159M      
[2026-01-22 09:27:30]   epoch: [1/1]  step: [3010/4155] (72.4%)  eta_epoch: 2:39  eta_total: 0:02:39  loss: 1.8253  time: 0.122  data_time: 0.001  forward_time: 0.032  backward_time: 0.073  lr: 0.000022  max_mem: 5159M      
[2026-01-22 09:27:32]   epoch: [1/1]  step: [3020/4155] (72.7%)  eta_epoch: 2:38  eta_total: 0:02:38  loss: 2.0112  time: 0.115  data_time: 0.001  forward_time: 0.033  backward_time: 0.044  lr: 0.000021  max_mem: 5159M      
[2026-01-22 09:27:33]   epoch: [1/1]  step: [3030/4155] (72.9%)  eta_epoch: 2:37  eta_total: 0:02:37  loss: 2.1683  time: 0.115  data_time: 0.001  forward_time: 0.032  backward_time: 0.036  lr: 0.000021  max_mem: 5159M      
[2026-01-22 09:27:35]   epoch: [1/1]  step: [3040/4155] (73.2%)  eta_epoch: 2:36  eta_total: 0:02:36  loss: 1.8691  time: 0.125  data_time: 0.001  forward_time: 0.045  backward_time: 0.061  lr: 0.000021  max_mem: 5159M      
[2026-01-22 09:27:36]   epoch: [1/1]  step: [3050/4155] (73.4%)  eta_epoch: 2:34  eta_total: 0:02:34  loss: 2.0898  time: 0.122  data_time: 0.001  forward_time: 0.035  backward_time: 0.066  lr: 0.000021  max_mem: 5159M      
[2026-01-22 09:27:38]   epoch: [1/1]  step: [3060/4155] (73.6%)  eta_epoch: 2:33  eta_total: 0:02:33  loss: 2.1699  time: 0.117  data_time: 0.001  forward_time: 0.038  backward_time: 0.047  lr: 0.000020  max_mem: 5159M      
[2026-01-22 09:27:39]   epoch: [1/1]  step: [3070/4155] (73.9%)  eta_epoch: 2:31  eta_total: 0:02:31  loss: 1.7505  time: 0.135  data_time: 0.002  forward_time: 0.049  backward_time: 0.064  lr: 0.000020  max_mem: 5159M      
[2026-01-22 09:27:41]   epoch: [1/1]  step: [3080/4155] (74.1%)  eta_epoch: 2:30  eta_total: 0:02:30  loss: 2.0324  time: 0.115  data_time: 0.001  forward_time: 0.032  backward_time: 0.045  lr: 0.000020  max_mem: 5159M      
[2026-01-22 09:27:42]   epoch: [1/1]  step: [3090/4155] (74.4%)  eta_epoch: 2:29  eta_total: 0:02:29  loss: 2.1865  time: 0.134  data_time: 0.001  forward_time: 0.046  backward_time: 0.067  lr: 0.000020  max_mem: 5159M      
[2026-01-22 09:27:44]   epoch: [1/1]  step: [3100/4155] (74.6%)  eta_epoch: 2:28  eta_total: 0:02:28  loss: 2.4382  time: 0.132  data_time: 0.001  forward_time: 0.049  backward_time: 0.066  lr: 0.000019  max_mem: 5159M      
[2026-01-22 09:27:45]   epoch: [1/1]  step: [3110/4155] (74.8%)  eta_epoch: 2:27  eta_total: 0:02:27  loss: 2.5621  time: 0.117  data_time: 0.001  forward_time: 0.031  backward_time: 0.065  lr: 0.000019  max_mem: 5159M      
[2026-01-22 09:27:47]   epoch: [1/1]  step: [3120/4155] (75.1%)  eta_epoch: 2:25  eta_total: 0:02:25  loss: 2.2474  time: 0.116  data_time: 0.001  forward_time: 0.032  backward_time: 0.060  lr: 0.000019  max_mem: 5159M      
[2026-01-22 09:27:48]   epoch: [1/1]  step: [3130/4155] (75.3%)  eta_epoch: 2:24  eta_total: 0:02:24  loss: 2.2407  time: 0.123  data_time: 0.001  forward_time: 0.047  backward_time: 0.043  lr: 0.000019  max_mem: 5159M      
[2026-01-22 09:27:50]   epoch: [1/1]  step: [3140/4155] (75.6%)  eta_epoch: 2:22  eta_total: 0:02:22  loss: 2.1199  time: 0.119  data_time: 0.001  forward_time: 0.043  backward_time: 0.047  lr: 0.000018  max_mem: 5159M      
[2026-01-22 09:27:51]   epoch: [1/1]  step: [3150/4155] (75.8%)  eta_epoch: 2:21  eta_total: 0:02:21  loss: 2.2379  time: 0.130  data_time: 0.001  forward_time: 0.044  backward_time: 0.063  lr: 0.000018  max_mem: 5159M      
[2026-01-22 09:27:53]   epoch: [1/1]  step: [3160/4155] (76.1%)  eta_epoch: 2:19  eta_total: 0:02:19  loss: 1.4131  time: 0.115  data_time: 0.001  forward_time: 0.032  backward_time: 0.046  lr: 0.000018  max_mem: 5159M      
[2026-01-22 09:27:54]   epoch: [1/1]  step: [3170/4155] (76.3%)  eta_epoch: 2:18  eta_total: 0:02:18  loss: 2.5500  time: 0.135  data_time: 0.001  forward_time: 0.048  backward_time: 0.071  lr: 0.000018  max_mem: 5159M      
[2026-01-22 09:27:56]   epoch: [1/1]  step: [3180/4155] (76.5%)  eta_epoch: 2:17  eta_total: 0:02:17  loss: 2.3070  time: 0.115  data_time: 0.001  forward_time: 0.033  backward_time: 0.042  lr: 0.000017  max_mem: 5159M      
[2026-01-22 09:27:57]   epoch: [1/1]  step: [3190/4155] (76.8%)  eta_epoch: 2:16  eta_total: 0:02:16  loss: 2.5296  time: 0.119  data_time: 0.001  forward_time: 0.043  backward_time: 0.047  lr: 0.000017  max_mem: 5159M      
[2026-01-22 09:27:59]   epoch: [1/1]  step: [3200/4155] (77.0%)  eta_epoch: 2:13  eta_total: 0:02:13  loss: 2.1953  time: 0.115  data_time: 0.001  forward_time: 0.027  backward_time: 0.038  lr: 0.000017  max_mem: 5159M      
[2026-01-22 09:28:00]   epoch: [1/1]  step: [3210/4155] (77.3%)  eta_epoch: 2:12  eta_total: 0:02:12  loss: 2.3375  time: 0.115  data_time: 0.001  forward_time: 0.027  backward_time: 0.041  lr: 0.000017  max_mem: 5159M      
[2026-01-22 09:28:01]   epoch: [1/1]  step: [3220/4155] (77.5%)  eta_epoch: 2:09  eta_total: 0:02:09  loss: 2.5147  time: 0.118  data_time: 0.001  forward_time: 0.041  backward_time: 0.043  lr: 0.000016  max_mem: 5159M      
[2026-01-22 09:28:03]   epoch: [1/1]  step: [3230/4155] (77.7%)  eta_epoch: 2:08  eta_total: 0:02:08  loss: 2.1406  time: 0.115  data_time: 0.001  forward_time: 0.032  backward_time: 0.040  lr: 0.000016  max_mem: 5159M      
[2026-01-22 09:28:05]   epoch: [1/1]  step: [3240/4155] (78.0%)  eta_epoch: 2:07  eta_total: 0:02:07  loss: 2.4470  time: 0.119  data_time: 0.001  forward_time: 0.043  backward_time: 0.041  lr: 0.000016  max_mem: 5159M      
[2026-01-22 09:28:06]   epoch: [1/1]  step: [3250/4155] (78.2%)  eta_epoch: 2:06  eta_total: 0:02:06  loss: 2.2618  time: 0.134  data_time: 0.002  forward_time: 0.058  backward_time: 0.051  lr: 0.000016  max_mem: 5159M      
[2026-01-22 09:28:08]   epoch: [1/1]  step: [3260/4155] (78.5%)  eta_epoch: 2:05  eta_total: 0:02:05  loss: 1.9624  time: 0.122  data_time: 0.001  forward_time: 0.043  backward_time: 0.060  lr: 0.000015  max_mem: 5159M      
[2026-01-22 09:28:09]   epoch: [1/1]  step: [3270/4155] (78.7%)  eta_epoch: 2:04  eta_total: 0:02:04  loss: 2.3193  time: 0.131  data_time: 0.001  forward_time: 0.055  backward_time: 0.051  lr: 0.000015  max_mem: 5159M      
[2026-01-22 09:28:11]   epoch: [1/1]  step: [3280/4155] (78.9%)  eta_epoch: 2:03  eta_total: 0:02:03  loss: 2.2059  time: 0.119  data_time: 0.001  forward_time: 0.030  backward_time: 0.072  lr: 0.000015  max_mem: 5159M      
[2026-01-22 09:28:12]   epoch: [1/1]  step: [3290/4155] (79.2%)  eta_epoch: 2:02  eta_total: 0:02:02  loss: 2.3550  time: 0.133  data_time: 0.001  forward_time: 0.043  backward_time: 0.068  lr: 0.000015  max_mem: 5159M      
[2026-01-22 09:28:13]   epoch: [1/1]  step: [3300/4155] (79.4%)  eta_epoch: 2:00  eta_total: 0:02:00  loss: 1.6639  time: 0.119  data_time: 0.001  forward_time: 0.031  backward_time: 0.072  lr: 0.000015  max_mem: 5159M      
[2026-01-22 09:28:15]   epoch: [1/1]  step: [3310/4155] (79.7%)  eta_epoch: 1:59  eta_total: 0:01:59  loss: 2.2351  time: 0.114  data_time: 0.001  forward_time: 0.031  backward_time: 0.059  lr: 0.000014  max_mem: 5159M      
[2026-01-22 09:28:17]   epoch: [1/1]  step: [3320/4155] (79.9%)  eta_epoch: 1:58  eta_total: 0:01:58  loss: 2.1308  time: 0.137  data_time: 0.001  forward_time: 0.049  backward_time: 0.067  lr: 0.000014  max_mem: 5159M      
[2026-01-22 09:28:18]   epoch: [1/1]  step: [3330/4155] (80.1%)  eta_epoch: 1:56  eta_total: 0:01:56  loss: 2.3925  time: 0.118  data_time: 0.001  forward_time: 0.031  backward_time: 0.066  lr: 0.000014  max_mem: 5159M      
[2026-01-22 09:28:19]   epoch: [1/1]  step: [3340/4155] (80.4%)  eta_epoch: 1:55  eta_total: 0:01:55  loss: 2.3432  time: 0.133  data_time: 0.001  forward_time: 0.046  backward_time: 0.071  lr: 0.000014  max_mem: 5159M      
[2026-01-22 09:28:21]   epoch: [1/1]  step: [3350/4155] (80.6%)  eta_epoch: 1:54  eta_total: 0:01:54  loss: 2.4104  time: 0.125  data_time: 0.001  forward_time: 0.040  backward_time: 0.070  lr: 0.000014  max_mem: 5159M      
[2026-01-22 09:28:22]   epoch: [1/1]  step: [3360/4155] (80.9%)  eta_epoch: 1:52  eta_total: 0:01:52  loss: 1.8951  time: 0.114  data_time: 0.001  forward_time: 0.026  backward_time: 0.062  lr: 0.000013  max_mem: 5159M      
[2026-01-22 09:28:24]   epoch: [1/1]  step: [3370/4155] (81.1%)  eta_epoch: 1:50  eta_total: 0:01:50  loss: 1.9232  time: 0.115  data_time: 0.002  forward_time: 0.028  backward_time: 0.060  lr: 0.000013  max_mem: 5159M      
[2026-01-22 09:28:25]   epoch: [1/1]  step: [3380/4155] (81.3%)  eta_epoch: 1:48  eta_total: 0:01:48  loss: 2.0917  time: 0.115  data_time: 0.001  forward_time: 0.027  backward_time: 0.050  lr: 0.000013  max_mem: 5159M      
[2026-01-22 09:28:26]   epoch: [1/1]  step: [3390/4155] (81.6%)  eta_epoch: 1:46  eta_total: 0:01:46  loss: 1.8108  time: 0.115  data_time: 0.001  forward_time: 0.030  backward_time: 0.043  lr: 0.000013  max_mem: 5159M      
[2026-01-22 09:28:28]   epoch: [1/1]  step: [3400/4155] (81.8%)  eta_epoch: 1:44  eta_total: 0:01:44  loss: 2.2820  time: 0.121  data_time: 0.001  forward_time: 0.045  backward_time: 0.045  lr: 0.000013  max_mem: 5159M      
[2026-01-22 09:28:29]   epoch: [1/1]  step: [3410/4155] (82.1%)  eta_epoch: 1:43  eta_total: 0:01:43  loss: 2.1035  time: 0.118  data_time: 0.001  forward_time: 0.033  backward_time: 0.062  lr: 0.000012  max_mem: 5159M      
[2026-01-22 09:28:30]   epoch: [1/1]  step: [3420/4155] (82.3%)  eta_epoch: 1:42  eta_total: 0:01:42  loss: 2.7228  time: 0.115  data_time: 0.001  forward_time: 0.032  backward_time: 0.053  lr: 0.000012  max_mem: 5159M      
[2026-01-22 09:28:32]   epoch: [1/1]  step: [3430/4155] (82.6%)  eta_epoch: 1:40  eta_total: 0:01:40  loss: 2.3386  time: 0.115  data_time: 0.001  forward_time: 0.032  backward_time: 0.061  lr: 0.000012  max_mem: 5159M      
[2026-01-22 09:28:33]   epoch: [1/1]  step: [3440/4155] (82.8%)  eta_epoch: 1:39  eta_total: 0:01:39  loss: 2.3475  time: 0.114  data_time: 0.001  forward_time: 0.032  backward_time: 0.040  lr: 0.000012  max_mem: 5159M      
[2026-01-22 09:28:35]   epoch: [1/1]  step: [3450/4155] (83.0%)  eta_epoch: 1:38  eta_total: 0:01:38  loss: 2.0582  time: 0.119  data_time: 0.001  forward_time: 0.043  backward_time: 0.046  lr: 0.000012  max_mem: 5159M      
[2026-01-22 09:28:36]   epoch: [1/1]  step: [3460/4155] (83.3%)  eta_epoch: 1:37  eta_total: 0:01:37  loss: 1.9359  time: 0.125  data_time: 0.001  forward_time: 0.046  backward_time: 0.051  lr: 0.000011  max_mem: 5159M      
[2026-01-22 09:28:38]   epoch: [1/1]  step: [3470/4155] (83.5%)  eta_epoch: 1:36  eta_total: 0:01:36  loss: 2.2022  time: 0.115  data_time: 0.001  forward_time: 0.031  backward_time: 0.041  lr: 0.000011  max_mem: 5159M      
[2026-01-22 09:28:39]   epoch: [1/1]  step: [3480/4155] (83.8%)  eta_epoch: 1:34  eta_total: 0:01:34  loss: 2.4474  time: 0.132  data_time: 0.001  forward_time: 0.046  backward_time: 0.062  lr: 0.000011  max_mem: 5159M      
[2026-01-22 09:28:41]   epoch: [1/1]  step: [3490/4155] (84.0%)  eta_epoch: 1:33  eta_total: 0:01:33  loss: 2.3912  time: 0.122  data_time: 0.001  forward_time: 0.041  backward_time: 0.061  lr: 0.000011  max_mem: 5159M      
[2026-01-22 09:28:42]   epoch: [1/1]  step: [3500/4155] (84.2%)  eta_epoch: 1:32  eta_total: 0:01:32  loss: 2.0820  time: 0.124  data_time: 0.001  forward_time: 0.045  backward_time: 0.052  lr: 0.000011  max_mem: 5159M      
[2026-01-22 09:28:44]   epoch: [1/1]  step: [3510/4155] (84.5%)  eta_epoch: 1:30  eta_total: 0:01:30  loss: 2.1797  time: 0.114  data_time: 0.001  forward_time: 0.037  backward_time: 0.052  lr: 0.000011  max_mem: 5159M      
[2026-01-22 09:28:45]   epoch: [1/1]  step: [3520/4155] (84.7%)  eta_epoch: 1:28  eta_total: 0:01:28  loss: 2.1103  time: 0.120  data_time: 0.001  forward_time: 0.043  backward_time: 0.047  lr: 0.000010  max_mem: 5159M      
[2026-01-22 09:28:46]   epoch: [1/1]  step: [3530/4155] (85.0%)  eta_epoch: 1:27  eta_total: 0:01:27  loss: 2.0739  time: 0.115  data_time: 0.001  forward_time: 0.031  backward_time: 0.045  lr: 0.000010  max_mem: 5159M      
[2026-01-22 09:28:48]   epoch: [1/1]  step: [3540/4155] (85.2%)  eta_epoch: 1:26  eta_total: 0:01:26  loss: 2.2559  time: 0.125  data_time: 0.001  forward_time: 0.048  backward_time: 0.056  lr: 0.000010  max_mem: 5159M      
[2026-01-22 09:28:50]   epoch: [1/1]  step: [3550/4155] (85.4%)  eta_epoch: 1:25  eta_total: 0:01:25  loss: 1.8796  time: 0.133  data_time: 0.001  forward_time: 0.045  backward_time: 0.072  lr: 0.000010  max_mem: 5159M      
[2026-01-22 09:28:51]   epoch: [1/1]  step: [3560/4155] (85.7%)  eta_epoch: 1:23  eta_total: 0:01:23  loss: 2.7453  time: 0.121  data_time: 0.001  forward_time: 0.032  backward_time: 0.066  lr: 0.000010  max_mem: 5159M      
[2026-01-22 09:28:52]   epoch: [1/1]  step: [3570/4155] (85.9%)  eta_epoch: 1:22  eta_total: 0:01:22  loss: 2.3592  time: 0.115  data_time: 0.001  forward_time: 0.031  backward_time: 0.041  lr: 0.000010  max_mem: 5159M      
[2026-01-22 09:28:54]   epoch: [1/1]  step: [3580/4155] (86.2%)  eta_epoch: 1:20  eta_total: 0:01:20  loss: 2.3086  time: 0.120  data_time: 0.001  forward_time: 0.033  backward_time: 0.070  lr: 0.000009  max_mem: 5159M      
[2026-01-22 09:28:55]   epoch: [1/1]  step: [3590/4155] (86.4%)  eta_epoch: 1:19  eta_total: 0:01:19  loss: 2.3664  time: 0.131  data_time: 0.001  forward_time: 0.053  backward_time: 0.055  lr: 0.000009  max_mem: 5159M      
[2026-01-22 09:28:57]   epoch: [1/1]  step: [3600/4155] (86.6%)  eta_epoch: 1:17  eta_total: 0:01:17  loss: 1.9930  time: 0.114  data_time: 0.001  forward_time: 0.032  backward_time: 0.040  lr: 0.000009  max_mem: 5159M      
[2026-01-22 09:28:58]   epoch: [1/1]  step: [3610/4155] (86.9%)  eta_epoch: 1:15  eta_total: 0:01:15  loss: 2.1234  time: 0.114  data_time: 0.001  forward_time: 0.025  backward_time: 0.042  lr: 0.000009  max_mem: 5159M      
[2026-01-22 09:29:00]   epoch: [1/1]  step: [3620/4155] (87.1%)  eta_epoch: 1:14  eta_total: 0:01:14  loss: 2.1671  time: 0.115  data_time: 0.001  forward_time: 0.030  backward_time: 0.045  lr: 0.000009  max_mem: 5159M      
[2026-01-22 09:29:01]   epoch: [1/1]  step: [3630/4155] (87.4%)  eta_epoch: 1:12  eta_total: 0:01:12  loss: 2.3804  time: 0.115  data_time: 0.001  forward_time: 0.036  backward_time: 0.042  lr: 0.000009  max_mem: 5159M      
[2026-01-22 09:29:03]   epoch: [1/1]  step: [3640/4155] (87.6%)  eta_epoch: 1:11  eta_total: 0:01:11  loss: 2.2611  time: 0.119  data_time: 0.001  forward_time: 0.043  backward_time: 0.040  lr: 0.000009  max_mem: 5159M      
[2026-01-22 09:29:05]   epoch: [1/1]  step: [3650/4155] (87.8%)  eta_epoch: 1:10  eta_total: 0:01:10  loss: 2.0883  time: 0.115  data_time: 0.001  forward_time: 0.034  backward_time: 0.047  lr: 0.000008  max_mem: 5159M      
[2026-01-22 09:29:06]   epoch: [1/1]  step: [3660/4155] (88.1%)  eta_epoch: 1:08  eta_total: 0:01:08  loss: 1.9706  time: 0.114  data_time: 0.001  forward_time: 0.033  backward_time: 0.046  lr: 0.000008  max_mem: 5159M      
[2026-01-22 09:29:08]   epoch: [1/1]  step: [3670/4155] (88.3%)  eta_epoch: 1:07  eta_total: 0:01:07  loss: 2.1132  time: 0.119  data_time: 0.001  forward_time: 0.042  backward_time: 0.042  lr: 0.000008  max_mem: 5159M      
[2026-01-22 09:29:10]   epoch: [1/1]  step: [3680/4155] (88.6%)  eta_epoch: 1:06  eta_total: 0:01:06  loss: 2.0552  time: 0.115  data_time: 0.001  forward_time: 0.031  backward_time: 0.047  lr: 0.000008  max_mem: 5159M      
[2026-01-22 09:29:11]   epoch: [1/1]  step: [3690/4155] (88.8%)  eta_epoch: 1:05  eta_total: 0:01:05  loss: 2.5875  time: 0.131  data_time: 0.001  forward_time: 0.046  backward_time: 0.071  lr: 0.000008  max_mem: 5159M      
[2026-01-22 09:29:13]   epoch: [1/1]  step: [3700/4155] (89.0%)  eta_epoch: 1:03  eta_total: 0:01:03  loss: 2.4223  time: 0.122  data_time: 0.001  forward_time: 0.043  backward_time: 0.053  lr: 0.000008  max_mem: 5159M      
[2026-01-22 09:29:14]   epoch: [1/1]  step: [3710/4155] (89.3%)  eta_epoch: 1:02  eta_total: 0:01:02  loss: 2.2784  time: 0.115  data_time: 0.001  forward_time: 0.033  backward_time: 0.057  lr: 0.000008  max_mem: 5159M      
[2026-01-22 09:29:15]   epoch: [1/1]  step: [3720/4155] (89.5%)  eta_epoch: 1:01  eta_total: 0:01:01  loss: 2.1777  time: 0.120  data_time: 0.001  forward_time: 0.032  backward_time: 0.072  lr: 0.000008  max_mem: 5159M      
[2026-01-22 09:29:17]   epoch: [1/1]  step: [3730/4155] (89.8%)  eta_epoch: 0:59  eta_total: 0:00:59  loss: 2.3877  time: 0.115  data_time: 0.001  forward_time: 0.032  backward_time: 0.034  lr: 0.000007  max_mem: 5159M      
[2026-01-22 09:29:18]   epoch: [1/1]  step: [3740/4155] (90.0%)  eta_epoch: 0:58  eta_total: 0:00:58  loss: 2.3441  time: 0.129  data_time: 0.001  forward_time: 0.052  backward_time: 0.044  lr: 0.000007  max_mem: 5159M      
[2026-01-22 09:29:20]   epoch: [1/1]  step: [3750/4155] (90.3%)  eta_epoch: 0:56  eta_total: 0:00:56  loss: 2.1357  time: 0.115  data_time: 0.001  forward_time: 0.032  backward_time: 0.040  lr: 0.000007  max_mem: 5159M      
[2026-01-22 09:29:22]   epoch: [1/1]  step: [3760/4155] (90.5%)  eta_epoch: 0:55  eta_total: 0:00:55  loss: 2.0952  time: 0.124  data_time: 0.001  forward_time: 0.048  backward_time: 0.039  lr: 0.000007  max_mem: 5159M      
[2026-01-22 09:29:23]   epoch: [1/1]  step: [3770/4155] (90.7%)  eta_epoch: 0:53  eta_total: 0:00:53  loss: 2.0996  time: 0.117  data_time: 0.001  forward_time: 0.040  backward_time: 0.041  lr: 0.000007  max_mem: 5159M      
[2026-01-22 09:29:25]   epoch: [1/1]  step: [3780/4155] (91.0%)  eta_epoch: 0:52  eta_total: 0:00:52  loss: 2.6068  time: 0.133  data_time: 0.001  forward_time: 0.056  backward_time: 0.041  lr: 0.000007  max_mem: 5159M      
[2026-01-22 09:29:26]   epoch: [1/1]  step: [3790/4155] (91.2%)  eta_epoch: 0:50  eta_total: 0:00:50  loss: 2.1875  time: 0.118  data_time: 0.001  forward_time: 0.041  backward_time: 0.048  lr: 0.000007  max_mem: 5159M      
[2026-01-22 09:29:28]   epoch: [1/1]  step: [3800/4155] (91.5%)  eta_epoch: 0:49  eta_total: 0:00:49  loss: 2.5342  time: 0.139  data_time: 0.001  forward_time: 0.053  backward_time: 0.070  lr: 0.000007  max_mem: 5159M      
[2026-01-22 09:29:30]   epoch: [1/1]  step: [3810/4155] (91.7%)  eta_epoch: 0:48  eta_total: 0:00:48  loss: 1.9666  time: 0.117  data_time: 0.001  forward_time: 0.033  backward_time: 0.061  lr: 0.000007  max_mem: 5159M      
[2026-01-22 09:29:31]   epoch: [1/1]  step: [3820/4155] (91.9%)  eta_epoch: 0:46  eta_total: 0:00:46  loss: 1.8790  time: 0.117  data_time: 0.001  forward_time: 0.041  backward_time: 0.054  lr: 0.000007  max_mem: 5159M      
[2026-01-22 09:29:33]   epoch: [1/1]  step: [3830/4155] (92.2%)  eta_epoch: 0:45  eta_total: 0:00:45  loss: 1.9510  time: 0.116  data_time: 0.001  forward_time: 0.032  backward_time: 0.061  lr: 0.000006  max_mem: 5159M      
[2026-01-22 09:29:34]   epoch: [1/1]  step: [3840/4155] (92.4%)  eta_epoch: 0:44  eta_total: 0:00:44  loss: 1.8416  time: 0.116  data_time: 0.001  forward_time: 0.035  backward_time: 0.056  lr: 0.000006  max_mem: 5159M      
[2026-01-22 09:29:36]   epoch: [1/1]  step: [3850/4155] (92.7%)  eta_epoch: 0:42  eta_total: 0:00:42  loss: 2.5188  time: 0.114  data_time: 0.001  forward_time: 0.027  backward_time: 0.065  lr: 0.000006  max_mem: 5159M      
[2026-01-22 09:29:38]   epoch: [1/1]  step: [3860/4155] (92.9%)  eta_epoch: 0:41  eta_total: 0:00:41  loss: 2.4544  time: 0.116  data_time: 0.001  forward_time: 0.034  backward_time: 0.058  lr: 0.000006  max_mem: 5159M      
[2026-01-22 09:29:39]   epoch: [1/1]  step: [3870/4155] (93.1%)  eta_epoch: 0:39  eta_total: 0:00:39  loss: 2.6341  time: 0.115  data_time: 0.001  forward_time: 0.028  backward_time: 0.061  lr: 0.000006  max_mem: 5159M      
[2026-01-22 09:29:41]   epoch: [1/1]  step: [3880/4155] (93.4%)  eta_epoch: 0:38  eta_total: 0:00:38  loss: 2.2211  time: 0.115  data_time: 0.001  forward_time: 0.030  backward_time: 0.059  lr: 0.000006  max_mem: 5159M      
[2026-01-22 09:29:42]   epoch: [1/1]  step: [3890/4155] (93.6%)  eta_epoch: 0:36  eta_total: 0:00:36  loss: 2.3270  time: 0.115  data_time: 0.001  forward_time: 0.028  backward_time: 0.042  lr: 0.000006  max_mem: 5159M      
[2026-01-22 09:29:44]   epoch: [1/1]  step: [3900/4155] (93.9%)  eta_epoch: 0:35  eta_total: 0:00:35  loss: 1.9622  time: 0.114  data_time: 0.001  forward_time: 0.028  backward_time: 0.042  lr: 0.000006  max_mem: 5159M      
[2026-01-22 09:29:45]   epoch: [1/1]  step: [3910/4155] (94.1%)  eta_epoch: 0:34  eta_total: 0:00:34  loss: 2.1595  time: 0.128  data_time: 0.001  forward_time: 0.049  backward_time: 0.048  lr: 0.000006  max_mem: 5159M      
[2026-01-22 09:29:46]   epoch: [1/1]  step: [3920/4155] (94.3%)  eta_epoch: 0:32  eta_total: 0:00:32  loss: 2.3295  time: 0.131  data_time: 0.001  forward_time: 0.043  backward_time: 0.067  lr: 0.000006  max_mem: 5159M      
[2026-01-22 09:29:48]   epoch: [1/1]  step: [3930/4155] (94.6%)  eta_epoch: 0:31  eta_total: 0:00:31  loss: 1.9612  time: 0.126  data_time: 0.001  forward_time: 0.043  backward_time: 0.066  lr: 0.000006  max_mem: 5159M      
[2026-01-22 09:29:49]   epoch: [1/1]  step: [3940/4155] (94.8%)  eta_epoch: 0:30  eta_total: 0:00:30  loss: 2.6994  time: 0.130  data_time: 0.002  forward_time: 0.053  backward_time: 0.050  lr: 0.000006  max_mem: 5159M      
[2026-01-22 09:29:51]   epoch: [1/1]  step: [3950/4155] (95.1%)  eta_epoch: 0:28  eta_total: 0:00:28  loss: 2.0946  time: 0.124  data_time: 0.001  forward_time: 0.048  backward_time: 0.047  lr: 0.000006  max_mem: 5159M      
[2026-01-22 09:29:52]   epoch: [1/1]  step: [3960/4155] (95.3%)  eta_epoch: 0:27  eta_total: 0:00:27  loss: 2.4932  time: 0.129  data_time: 0.001  forward_time: 0.053  backward_time: 0.044  lr: 0.000006  max_mem: 5159M      
[2026-01-22 09:29:54]   epoch: [1/1]  step: [3970/4155] (95.5%)  eta_epoch: 0:26  eta_total: 0:00:26  loss: 2.0478  time: 0.126  data_time: 0.001  forward_time: 0.043  backward_time: 0.057  lr: 0.000005  max_mem: 5159M      
[2026-01-22 09:29:55]   epoch: [1/1]  step: [3980/4155] (95.8%)  eta_epoch: 0:24  eta_total: 0:00:24  loss: 1.5734  time: 0.136  data_time: 0.001  forward_time: 0.050  backward_time: 0.071  lr: 0.000005  max_mem: 5159M      
[2026-01-22 09:29:57]   epoch: [1/1]  step: [3990/4155] (96.0%)  eta_epoch: 0:23  eta_total: 0:00:23  loss: 1.8667  time: 0.117  data_time: 0.001  forward_time: 0.031  backward_time: 0.063  lr: 0.000005  max_mem: 5159M      
[2026-01-22 09:29:59]   epoch: [1/1]  step: [4000/4155] (96.3%)  eta_epoch: 0:21  eta_total: 0:00:21  loss: 1.8469  time: 0.114  data_time: 0.001  forward_time: 0.031  backward_time: 0.040  lr: 0.000005  max_mem: 5159M      
[2026-01-22 09:30:00]   epoch: [1/1]  step: [4010/4155] (96.5%)  eta_epoch: 0:20  eta_total: 0:00:20  loss: 2.1323  time: 0.117  data_time: 0.001  forward_time: 0.032  backward_time: 0.060  lr: 0.000005  max_mem: 5159M      
[2026-01-22 09:30:01]   epoch: [1/1]  step: [4020/4155] (96.8%)  eta_epoch: 0:18  eta_total: 0:00:18  loss: 2.0267  time: 0.128  data_time: 0.001  forward_time: 0.052  backward_time: 0.043  lr: 0.000005  max_mem: 5159M      
[2026-01-22 09:30:03]   epoch: [1/1]  step: [4030/4155] (97.0%)  eta_epoch: 0:17  eta_total: 0:00:17  loss: 2.0931  time: 0.115  data_time: 0.001  forward_time: 0.033  backward_time: 0.042  lr: 0.000005  max_mem: 5159M      
[2026-01-22 09:30:04]   epoch: [1/1]  step: [4040/4155] (97.2%)  eta_epoch: 0:16  eta_total: 0:00:16  loss: 1.7681  time: 0.133  data_time: 0.001  forward_time: 0.057  backward_time: 0.044  lr: 0.000005  max_mem: 5159M      
[2026-01-22 09:30:06]   epoch: [1/1]  step: [4050/4155] (97.5%)  eta_epoch: 0:14  eta_total: 0:00:14  loss: 2.3458  time: 0.115  data_time: 0.001  forward_time: 0.031  backward_time: 0.035  lr: 0.000005  max_mem: 5159M      
[2026-01-22 09:30:08]   epoch: [1/1]  step: [4060/4155] (97.7%)  eta_epoch: 0:13  eta_total: 0:00:13  loss: 1.7714  time: 0.116  data_time: 0.001  forward_time: 0.039  backward_time: 0.046  lr: 0.000005  max_mem: 5159M      
[2026-01-22 09:30:09]   epoch: [1/1]  step: [4070/4155] (98.0%)  eta_epoch: 0:11  eta_total: 0:00:11  loss: 2.5697  time: 0.115  data_time: 0.001  forward_time: 0.032  backward_time: 0.034  lr: 0.000005  max_mem: 5159M      
[2026-01-22 09:30:11]   epoch: [1/1]  step: [4080/4155] (98.2%)  eta_epoch: 0:10  eta_total: 0:00:10  loss: 2.3666  time: 0.114  data_time: 0.001  forward_time: 0.034  backward_time: 0.037  lr: 0.000005  max_mem: 5159M      
[2026-01-22 09:30:12]   epoch: [1/1]  step: [4090/4155] (98.4%)  eta_epoch: 0:09  eta_total: 0:00:09  loss: 1.9931  time: 0.114  data_time: 0.001  forward_time: 0.031  backward_time: 0.041  lr: 0.000005  max_mem: 5159M      
[2026-01-22 09:30:14]   epoch: [1/1]  step: [4100/4155] (98.7%)  eta_epoch: 0:07  eta_total: 0:00:07  loss: 2.5196  time: 0.114  data_time: 0.001  forward_time: 0.033  backward_time: 0.042  lr: 0.000005  max_mem: 5159M      
[2026-01-22 09:30:15]   epoch: [1/1]  step: [4110/4155] (98.9%)  eta_epoch: 0:06  eta_total: 0:00:06  loss: 2.2697  time: 0.117  data_time: 0.001  forward_time: 0.032  backward_time: 0.061  lr: 0.000005  max_mem: 5159M      
[2026-01-22 09:30:17]   epoch: [1/1]  step: [4120/4155] (99.2%)  eta_epoch: 0:04  eta_total: 0:00:04  loss: 1.8749  time: 0.127  data_time: 0.001  forward_time: 0.041  backward_time: 0.064  lr: 0.000005  max_mem: 5159M      
[2026-01-22 09:30:18]   epoch: [1/1]  step: [4130/4155] (99.4%)  eta_epoch: 0:03  eta_total: 0:00:03  loss: 2.2772  time: 0.121  data_time: 0.001  forward_time: 0.033  backward_time: 0.066  lr: 0.000005  max_mem: 5159M      
[2026-01-22 09:30:20]   epoch: [1/1]  step: [4140/4155] (99.6%)  eta_epoch: 0:02  eta_total: 0:00:02  loss: 2.0069  time: 0.122  data_time: 0.001  forward_time: 0.035  backward_time: 0.070  lr: 0.000005  max_mem: 5159M      
[2026-01-22 09:30:21]   epoch: [1/1]  step: [4150/4155] (99.9%)  eta_epoch: 0:00  eta_total: 0:00:00  loss: 2.1231  time: 0.114  data_time: 0.001  forward_time: 0.030  backward_time: 0.052  lr: 0.000005  max_mem: 5159M      
[2026-01-22 09:30:22]   epoch: [1/1]  step: [4155/4155] (100.0%)  eta_epoch: 0:00  eta_total: 0:00:00  loss: 2.3214  time: 0.236  data_time: 0.001  forward_time: 0.098  backward_time: 0.137  lr: 0.000005  max_mem: 5159M      
[2026-01-22 09:30:22]   [epoch 1 training completed] avg_loss: 2.3755  epoch_time: 617.76s  avg_data_time: 0.001s  avg_forward_time: 0.038s  avg_backward_time: 0.054s  avg_step_time: 0.124s  throughput: 161.4 samples/s    
[2026-01-22 09:30:22]   Validating epoch[1/1]...    
[2026-01-22 09:31:48]   
============================================================    
[2026-01-22 09:31:48]   [Epoch 1/1] Validation Results:    
[2026-01-22 09:31:48]     Train Loss:     2.3755    
[2026-01-22 09:31:48]     Top-1 Acc:       0.3700 (37.00%)    
[2026-01-22 09:31:48]     Top-5 Acc:       0.7755 (77.55%)    
[2026-01-22 09:31:48]     Precision:      0.2673    
[2026-01-22 09:31:48]     Recall:          0.3706    
[2026-01-22 09:31:48]     Specificity:     0.9691    
[2026-01-22 09:31:48]     F1-Score:        0.2815    
[2026-01-22 09:31:48]     AUC:             0.7398    
[2026-01-22 09:31:48]     Overall Acc:     0.3706    
[2026-01-22 09:31:48]   ============================================================
    
[2026-01-22 09:31:48]   
Saving checkpoint...    
[2026-01-22 09:31:50]   Finished Training    
